Archive member included to satisfy reference by file (symbol)

/home/rex/devel/optee/optee_os/out/arm/export-ta_arm64/lib/libutee.a(user_ta_entry.o)
                              ./user_ta_header.o (__utee_entry)
/home/rex/devel/optee/optee_os/out/arm/export-ta_arm64/lib/libutee.a(utee_syscalls_a64.o)
                              /home/rex/devel/optee/optee_os/out/arm/export-ta_arm64/lib/libutee.a(user_ta_entry.o) (utee_return)
/home/rex/devel/optee/optee_os/out/arm/export-ta_arm64/lib/libutee.a(gprof_a64.o)
                              /home/rex/devel/optee/optee_os/out/arm/export-ta_arm64/lib/libutee.a(user_ta_entry.o) (__utee_mcount)
/home/rex/devel/optee/optee_os/out/arm/export-ta_arm64/lib/libutee.a(tee_api_arith.o)
                              /home/rex/devel/optee/optee_os/out/arm/export-ta_arm64/lib/libutee.a(user_ta_entry.o) (_TEE_MathAPI_Init)
/home/rex/devel/optee/optee_os/out/arm/export-ta_arm64/lib/libutee.a(tee_api.o)
                              /home/rex/devel/optee/optee_os/out/arm/export-ta_arm64/lib/libutee.a(user_ta_entry.o) (__utee_from_param)
/home/rex/devel/optee/optee_os/out/arm/export-ta_arm64/lib/libutee.a(tee_api_panic.o)
                              /home/rex/devel/optee/optee_os/out/arm/export-ta_arm64/lib/libutee.a(user_ta_entry.o) (__TEE_Panic)
/home/rex/devel/optee/optee_os/out/arm/export-ta_arm64/lib/libutee.a(utee_misc.o)
                              /home/rex/devel/optee/optee_os/out/arm/export-ta_arm64/lib/libutee.a(tee_api_arith.o) (get_rng_array)
/home/rex/devel/optee/optee_os/out/arm/export-ta_arm64/lib/libutee.a(tee_user_mem.o)
                              /home/rex/devel/optee/optee_os/out/arm/export-ta_arm64/lib/libutee.a(tee_api.o) (tee_user_mem_alloc)
/home/rex/devel/optee/optee_os/out/arm/export-ta_arm64/lib/libutee.a(trace_ext.o)
                              /home/rex/devel/optee/optee_os/out/arm/export-ta_arm64/lib/libutee.a(tee_api_arith.o) (printf)
/home/rex/devel/optee/optee_os/out/arm/export-ta_arm64/lib/libutee.a(assert.o)
                              /home/rex/devel/optee/optee_os/out/arm/export-ta_arm64/lib/libutee.a(tee_user_mem.o) (_assert_log)
/home/rex/devel/optee/optee_os/out/arm/export-ta_arm64/lib/libutils.a(bget_malloc.o)
                              /home/rex/devel/optee/optee_os/out/arm/export-ta_arm64/lib/libutee.a(utee_misc.o) (malloc)
/home/rex/devel/optee/optee_os/out/arm/export-ta_arm64/lib/libutils.a(snprintf.o)
                              /home/rex/devel/optee/optee_os/out/arm/export-ta_arm64/lib/libutee.a(trace_ext.o) (vsnprintf)
/home/rex/devel/optee/optee_os/out/arm/export-ta_arm64/lib/libutils.a(memcmp.o)
                              /home/rex/devel/optee/optee_os/out/arm/export-ta_arm64/lib/libutee.a(tee_api.o) (memcmp)
/home/rex/devel/optee/optee_os/out/arm/export-ta_arm64/lib/libutils.a(memcpy.o)
                              /home/rex/devel/optee/optee_os/out/arm/export-ta_arm64/lib/libutee.a(user_ta_entry.o) (memcpy)
/home/rex/devel/optee/optee_os/out/arm/export-ta_arm64/lib/libutils.a(memmove.o)
                              /home/rex/devel/optee/optee_os/out/arm/export-ta_arm64/lib/libutee.a(tee_api.o) (memmove)
/home/rex/devel/optee/optee_os/out/arm/export-ta_arm64/lib/libutils.a(memset.o)
                              /home/rex/devel/optee/optee_os/out/arm/export-ta_arm64/lib/libutee.a(user_ta_entry.o) (memset)
/home/rex/devel/optee/optee_os/out/arm/export-ta_arm64/lib/libutils.a(strlen.o)
                              /home/rex/devel/optee/optee_os/out/arm/export-ta_arm64/lib/libutee.a(trace_ext.o) (strlen)
/home/rex/devel/optee/optee_os/out/arm/export-ta_arm64/lib/libutils.a(snprintk.o)
                              /home/rex/devel/optee/optee_os/out/arm/export-ta_arm64/lib/libutils.a(snprintf.o) (__vsnprintf)
/home/rex/devel/optee/optee_os/out/arm/export-ta_arm64/lib/libutils.a(strlcpy.o)
                              /home/rex/devel/optee/optee_os/out/arm/export-ta_arm64/lib/libutee.a(trace_ext.o) (strlcpy)
/home/rex/devel/optee/optee_os/out/arm/export-ta_arm64/lib/libutils.a(trace.o)
                              /home/rex/devel/optee/optee_os/out/arm/export-ta_arm64/lib/libutee.a(user_ta_entry.o) (trace_set_level)
/home/rex/devel/optee/optee_os/out/arm/export-ta_arm64/lib/libutils.a(memchr.o)
                              /home/rex/devel/optee/optee_os/out/arm/export-ta_arm64/lib/libutils.a(snprintk.o) (memchr)
/home/rex/devel/optee/optee_os/out/arm/export-ta_arm64/lib/libmpa.a(mpa_misc.o)
                              /home/rex/devel/optee/optee_os/out/arm/export-ta_arm64/lib/libutee.a(tee_api_arith.o) (mpa_copy)
/home/rex/devel/optee/optee_os/out/arm/export-ta_arm64/lib/libmpa.a(mpa_montgomery.o)
                              /home/rex/devel/optee/optee_os/out/arm/export-ta_arm64/lib/libutee.a(tee_api_arith.o) (mpa_compute_fmm_context)
/home/rex/devel/optee/optee_os/out/arm/export-ta_arm64/lib/libmpa.a(mpa_primetest.o)
                              /home/rex/devel/optee/optee_os/out/arm/export-ta_arm64/lib/libutee.a(tee_api_arith.o) (mpa_is_prob_prime)
/home/rex/devel/optee/optee_os/out/arm/export-ta_arm64/lib/libmpa.a(mpa_conv.o)
                              /home/rex/devel/optee/optee_os/out/arm/export-ta_arm64/lib/libutee.a(tee_api_arith.o) (mpa_set_S32)
/home/rex/devel/optee/optee_os/out/arm/export-ta_arm64/lib/libmpa.a(mpa_div.o)
                              /home/rex/devel/optee/optee_os/out/arm/export-ta_arm64/lib/libutee.a(tee_api_arith.o) (mpa_div)
/home/rex/devel/optee/optee_os/out/arm/export-ta_arm64/lib/libmpa.a(mpa_gcd.o)
                              /home/rex/devel/optee/optee_os/out/arm/export-ta_arm64/lib/libutee.a(tee_api_arith.o) (mpa_gcd)
/home/rex/devel/optee/optee_os/out/arm/export-ta_arm64/lib/libmpa.a(mpa_mem_static.o)
                              /home/rex/devel/optee/optee_os/out/arm/export-ta_arm64/lib/libutee.a(tee_api_arith.o) (mpa_init_scratch_mem)
/home/rex/devel/optee/optee_os/out/arm/export-ta_arm64/lib/libmpa.a(mpa_mul.o)
                              /home/rex/devel/optee/optee_os/out/arm/export-ta_arm64/lib/libmpa.a(mpa_div.o) (__mpa_mul_add_word)
/home/rex/devel/optee/optee_os/out/arm/export-ta_arm64/lib/libmpa.a(mpa_random.o)
                              /home/rex/devel/optee/optee_os/out/arm/export-ta_arm64/lib/libutee.a(tee_api_arith.o) (mpa_set_random_generator)
/home/rex/devel/optee/optee_os/out/arm/export-ta_arm64/lib/libmpa.a(mpa_shift.o)
                              /home/rex/devel/optee/optee_os/out/arm/export-ta_arm64/lib/libmpa.a(mpa_div.o) (__mpa_shift_words_left)
/home/rex/devel/optee/optee_os/out/arm/export-ta_arm64/lib/libmpa.a(mpa_addsub.o)
                              /home/rex/devel/optee/optee_os/out/arm/export-ta_arm64/lib/libmpa.a(mpa_div.o) (__mpa_full_adder)
/home/rex/devel/optee/optee_os/out/arm/export-ta_arm64/lib/libmpa.a(mpa_cmp.o)
                              /home/rex/devel/optee/optee_os/out/arm/export-ta_arm64/lib/libmpa.a(mpa_montgomery.o) (__mpa_abs_cmp)
/home/rex/devel/optee/optee_os/out/arm/export-ta_arm64/lib/libmpa.a(mpa_expmod.o)
                              /home/rex/devel/optee/optee_os/out/arm/export-ta_arm64/lib/libmpa.a(mpa_primetest.o) (mpa_exp_mod)
/home/rex/devel/optee/optee_os/out/arm/export-ta_arm64/lib/libmpa.a(mpa_init.o)
                              /home/rex/devel/optee/optee_os/out/arm/export-ta_arm64/lib/libutee.a(tee_api_arith.o) (mpa_init_static)
/home/rex/devel/optee/optee_os/out/arm/export-ta_arm64/lib/libmpa.a(mpa_io.o)
                              /home/rex/devel/optee/optee_os/out/arm/export-ta_arm64/lib/libutee.a(tee_api_arith.o) (mpa_set_oct_str)
/home/rex/devel/optee/optee_os/out/arm/export-ta_arm64/lib/libmpa.a(mpa_modulus.o)
                              /home/rex/devel/optee/optee_os/out/arm/export-ta_arm64/lib/libutee.a(tee_api_arith.o) (mpa_mod)

Allocating common symbols
Common symbol       size              file

ta_heap             0x8000            ./user_ta_header.o
ta_param_types      0x4               /home/rex/devel/optee/optee_os/out/arm/export-ta_arm64/lib/libutee.a(user_ta_entry.o)
ta_params           0x40              /home/rex/devel/optee/optee_os/out/arm/export-ta_arm64/lib/libutee.a(user_ta_entry.o)

Memory Configuration

Name             Origin             Length             Attributes
*default*        0x0000000000000000 0xffffffffffffffff

Linker script and memory map


.ta_head        0x0000000000000000       0x20
 *(SORT(.ta_head))
 .ta_head       0x0000000000000000       0x20 ./user_ta_header.o
                0x0000000000000000                ta_head

.text           0x0000000000000020     0xee38
                0x0000000000000020                __text_start = .
 *(SORT(.text) SORT(.text.*))
 .text          0x0000000000000020      0x1f8 ./hello_world_ta.o
                0x0000000000000020                TA_CreateEntryPoint
                0x0000000000000058                TA_DestroyEntryPoint
                0x0000000000000090                TA_OpenSessionEntryPoint
                0x00000000000000c8                TA_CloseSessionEntryPoint
                0x00000000000001d8                TA_InvokeCommandEntryPoint
 .text          0x0000000000000218        0x8 ./user_ta_header.o
                0x0000000000000218                tahead_get_trace_level
 .text          0x0000000000000220      0x58c /home/rex/devel/optee/optee_os/out/arm/export-ta_arm64/lib/libutee.a(user_ta_entry.o)
                0x00000000000006e8                __utee_entry
 .text          0x00000000000007ac      0x360 /home/rex/devel/optee/optee_os/out/arm/export-ta_arm64/lib/libutee.a(utee_syscalls_a64.o)
                0x00000000000007ac                utee_return
                0x00000000000007b8                utee_log
                0x00000000000007c4                utee_panic
                0x00000000000007d0                utee_get_property
                0x00000000000007dc                utee_get_property_name_to_index
                0x00000000000007e8                utee_open_ta_session
                0x00000000000007f4                utee_close_ta_session
                0x0000000000000800                utee_invoke_ta_command
                0x000000000000080c                utee_get_cancellation_flag
                0x0000000000000818                utee_check_access_rights
                0x0000000000000824                utee_unmask_cancellation
                0x0000000000000830                utee_mask_cancellation
                0x000000000000083c                utee_wait
                0x0000000000000848                utee_get_time
                0x0000000000000854                utee_set_ta_time
                0x0000000000000860                utee_cryp_state_alloc
                0x000000000000086c                utee_cryp_state_copy
                0x0000000000000878                utee_cryp_state_free
                0x0000000000000884                utee_hash_init
                0x0000000000000890                utee_hash_update
                0x000000000000089c                utee_hash_final
                0x00000000000008a8                utee_cipher_init
                0x00000000000008b4                utee_cipher_update
                0x00000000000008c0                utee_cipher_final
                0x00000000000008cc                utee_cryp_obj_get_info
                0x00000000000008d8                utee_cryp_obj_restrict_usage
                0x00000000000008e4                utee_cryp_obj_get_attr
                0x00000000000008f0                utee_cryp_obj_alloc
                0x00000000000008fc                utee_cryp_obj_close
                0x0000000000000908                utee_cryp_obj_reset
                0x0000000000000914                utee_cryp_obj_populate
                0x0000000000000920                utee_cryp_obj_copy
                0x000000000000092c                utee_cryp_derive_key
                0x0000000000000938                utee_cryp_random_number_generate
                0x0000000000000944                utee_authenc_init
                0x0000000000000950                utee_authenc_update_aad
                0x000000000000095c                utee_authenc_update_payload
                0x0000000000000968                utee_authenc_enc_final
                0x0000000000000974                utee_authenc_dec_final
                0x0000000000000980                utee_asymm_operate
                0x000000000000098c                utee_asymm_verify
                0x0000000000000998                utee_storage_obj_open
                0x00000000000009a4                utee_storage_obj_create
                0x00000000000009b0                utee_storage_obj_del
                0x00000000000009bc                utee_storage_obj_rename
                0x00000000000009c8                utee_storage_alloc_enum
                0x00000000000009d4                utee_storage_free_enum
                0x00000000000009e0                utee_storage_reset_enum
                0x00000000000009ec                utee_storage_start_enum
                0x00000000000009f8                utee_storage_next_enum
                0x0000000000000a04                utee_storage_obj_read
                0x0000000000000a10                utee_storage_obj_write
                0x0000000000000a1c                utee_storage_obj_trunc
                0x0000000000000a28                utee_storage_obj_seek
                0x0000000000000a34                utee_cryp_obj_generate_key
                0x0000000000000a40                utee_se_service_open
                0x0000000000000a4c                utee_se_service_close
                0x0000000000000a58                utee_se_service_get_readers
                0x0000000000000a64                utee_se_reader_get_prop
                0x0000000000000a70                utee_se_reader_get_name
                0x0000000000000a7c                utee_se_reader_open_session
                0x0000000000000a88                utee_se_reader_close_sessions
                0x0000000000000a94                utee_se_session_is_closed
                0x0000000000000aa0                utee_se_session_get_atr
                0x0000000000000aac                utee_se_session_open_channel
                0x0000000000000ab8                utee_se_session_close
                0x0000000000000ac4                utee_se_channel_select_next
                0x0000000000000ad0                utee_se_channel_get_select_resp
                0x0000000000000adc                utee_se_channel_transmit
                0x0000000000000ae8                utee_se_channel_close
                0x0000000000000af4                utee_cache_operation
                0x0000000000000b00                utee_boot
 .text          0x0000000000000b0c        0x4 /home/rex/devel/optee/optee_os/out/arm/export-ta_arm64/lib/libutee.a(gprof_a64.o)
                0x0000000000000b0c                __utee_mcount
 .text          0x0000000000000b10      0xe14 /home/rex/devel/optee/optee_os/out/arm/export-ta_arm64/lib/libutee.a(tee_api_arith.o)
                0x0000000000000b68                _TEE_MathAPI_Init
                0x0000000000000ba0                TEE_BigIntInit
                0x0000000000000bc8                TEE_BigIntInitFMM
                0x0000000000000c18                TEE_BigIntInitFMMContext
                0x0000000000000c84                TEE_BigIntFMMSizeInU32
                0x0000000000000ca4                TEE_BigIntFMMContextSizeInU32
                0x0000000000000cc8                TEE_BigIntConvertFromOctetString
                0x0000000000000d7c                TEE_BigIntConvertToOctetString
                0x0000000000000e3c                TEE_BigIntConvertFromS32
                0x0000000000000e6c                TEE_BigIntConvertToS32
                0x0000000000000f00                TEE_BigIntCmp
                0x0000000000000f34                TEE_BigIntCmpS32
                0x0000000000000f60                TEE_BigIntShiftRight
                0x0000000000000fa4                TEE_BigIntGetBit
                0x0000000000000fdc                TEE_BigIntGetBitCount
                0x0000000000001004                TEE_BigIntAdd
                0x000000000000105c                TEE_BigIntSub
                0x00000000000010b4                TEE_BigIntNeg
                0x00000000000010ec                TEE_BigIntMul
                0x0000000000001144                TEE_BigIntSquare
                0x0000000000001190                TEE_BigIntDiv
                0x0000000000001218                TEE_BigIntMod
                0x00000000000012c4                TEE_BigIntAddMod
                0x0000000000001380                TEE_BigIntSubMod
                0x000000000000143c                TEE_BigIntMulMod
                0x0000000000001538                TEE_BigIntSquareMod
                0x000000000000156c                TEE_BigIntInvMod
                0x00000000000015f8                TEE_BigIntRelativePrime
                0x000000000000168c                TEE_BigIntComputeExtendedGcd
                0x0000000000001704                TEE_BigIntIsProbablePrime
                0x0000000000001768                TEE_BigIntConvertToFMM
                0x00000000000017e4                TEE_BigIntConvertFromFMM
                0x00000000000018a4                TEE_BigIntComputeFMM
 .text          0x0000000000001924      0xa5c /home/rex/devel/optee/optee_os/out/arm/export-ta_arm64/lib/libutee.a(tee_api.o)
                0x0000000000001924                __utee_from_param
                0x0000000000001aa8                __utee_to_param
                0x0000000000001be4                TEE_OpenTASession
                0x0000000000001c80                TEE_CloseTASession
                0x0000000000001cec                TEE_InvokeTACommand
                0x0000000000001de0                TEE_GetCancellationFlag
                0x0000000000001e1c                TEE_UnmaskCancellation
                0x0000000000001e84                TEE_MaskCancellation
                0x0000000000001eec                TEE_CheckMemoryAccessRights
                0x0000000000001f50                TEE_SetInstanceData
                0x0000000000001f74                TEE_GetInstanceData
                0x0000000000001f84                TEE_MemMove
                0x0000000000001fb4                TEE_MemCompare
                0x0000000000001fe4                TEE_MemFill
                0x0000000000002018                TEE_GetSystemTime
                0x000000000000207c                TEE_Wait
                0x00000000000020ec                TEE_GetTAPersistentTime
                0x00000000000021b8                TEE_SetTAPersistentTime
                0x0000000000002238                TEE_GetREETime
                0x000000000000229c                TEE_Malloc
                0x00000000000022c0                TEE_Realloc
                0x00000000000022e8                TEE_Free
                0x0000000000002308                TEE_CacheClean
                0x0000000000002330                TEE_CacheFlush
                0x0000000000002358                TEE_CacheInvalidate
 .text          0x0000000000002380       0x28 /home/rex/devel/optee/optee_os/out/arm/export-ta_arm64/lib/libutee.a(tee_api_panic.o)
                0x0000000000002380                __TEE_Panic
                0x0000000000002394                TEE_Panic
 .text          0x00000000000023a8       0xb0 /home/rex/devel/optee/optee_os/out/arm/export-ta_arm64/lib/libutee.a(utee_misc.o)
                0x00000000000023a8                utee_get_ta_exec_id
                0x00000000000023b0                utee_malloc
                0x00000000000023cc                utee_realloc
                0x00000000000023f0                utee_calloc
                0x0000000000002414                utee_free
                0x0000000000002434                get_rng_array
 .text          0x0000000000002458      0xa68 /home/rex/devel/optee/optee_os/out/arm/export-ta_arm64/lib/libutee.a(tee_user_mem.o)
                0x00000000000028d8                tee_user_mem_alloc
                0x0000000000002aa8                tee_user_mem_realloc
                0x0000000000002bb8                tee_user_mem_free
                0x0000000000002d50                tee_user_mem_mark_heap
                0x0000000000002d64                tee_user_mem_check_heap
                0x0000000000002e78                tee_user_mem_garbage
 .text          0x0000000000002ec0      0x230 /home/rex/devel/optee/optee_os/out/arm/export-ta_arm64/lib/libutee.a(trace_ext.o)
                0x0000000000002ec0                trace_ext_puts
                0x0000000000002eec                trace_ext_get_thread_id
                0x0000000000002ef4                printf
                0x00000000000030c4                puts
 .text          0x00000000000030f0       0x70 /home/rex/devel/optee/optee_os/out/arm/export-ta_arm64/lib/libutee.a(assert.o)
                0x00000000000030f0                _assert_log
                0x0000000000003150                _assert_break
 .text          0x0000000000003160     0x2140 /home/rex/devel/optee/optee_os/out/arm/export-ta_arm64/lib/libutils.a(bget_malloc.o)
                0x00000000000031ac                bget
                0x0000000000003520                bgetz
                0x00000000000035f4                bgetr
                0x00000000000036dc                brel
                0x0000000000003b88                bpool
                0x0000000000003d0c                bstats
                0x0000000000003f00                malloc_reset_stats
                0x0000000000003f54                malloc_get_stats
                0x0000000000004d10                malloc
                0x0000000000004d4c                free
                0x0000000000004d7c                calloc
                0x0000000000004dec                realloc
                0x0000000000004e28                memalign
                0x0000000000004e9c                malloc_add_pool
                0x00000000000050b4                malloc_buffer_is_within_alloced
                0x0000000000005188                malloc_buffer_overlaps_heap
 .text          0x00000000000052a0      0x120 /home/rex/devel/optee/optee_os/out/arm/export-ta_arm64/lib/libutils.a(snprintf.o)
                0x00000000000052a0                snprintf
                0x000000000000535c                vsnprintf
 .text          0x00000000000053c0      0x128 /home/rex/devel/optee/optee_os/out/arm/export-ta_arm64/lib/libutils.a(memcmp.o)
                0x00000000000053c0                memcmp
 .text          0x00000000000054e8      0x180 /home/rex/devel/optee/optee_os/out/arm/export-ta_arm64/lib/libutils.a(memcpy.o)
                0x00000000000054e8                memcpy
 .text          0x0000000000005668      0x20c /home/rex/devel/optee/optee_os/out/arm/export-ta_arm64/lib/libutils.a(memmove.o)
                0x0000000000005668                memmove
 .text          0x0000000000005874      0x1cc /home/rex/devel/optee/optee_os/out/arm/export-ta_arm64/lib/libutils.a(memset.o)
                0x0000000000005874                memset
 .text          0x0000000000005a40       0xd4 /home/rex/devel/optee/optee_os/out/arm/export-ta_arm64/lib/libutils.a(strlen.o)
                0x0000000000005a40                strlen
 .text          0x0000000000005b14     0x2174 /home/rex/devel/optee/optee_os/out/arm/export-ta_arm64/lib/libutils.a(snprintk.o)
                0x0000000000005b14                snprintk
                0x0000000000005bcc                vsnprintk
                0x0000000000005c30                __vsnprintf
 .text          0x0000000000007c88       0xb8 /home/rex/devel/optee/optee_os/out/arm/export-ta_arm64/lib/libutils.a(strlcpy.o)
                0x0000000000007c88                strlcpy
 .text          0x0000000000007d40      0x4e4 /home/rex/devel/optee/optee_os/out/arm/export-ta_arm64/lib/libutils.a(trace.o)
                0x0000000000007d40                trace_set_level
                0x0000000000007d90                trace_get_level
                0x0000000000007e14                trace_printf
                0x0000000000008200                dhex_dump
 .text          0x0000000000008224      0x1b8 /home/rex/devel/optee/optee_os/out/arm/export-ta_arm64/lib/libutils.a(memchr.o)
                0x0000000000008224                memchr
 .text          0x00000000000083dc      0x328 /home/rex/devel/optee/optee_os/out/arm/export-ta_arm64/lib/libmpa.a(mpa_misc.o)
                0x00000000000083dc                __mpa_set_unused_digits_to_zero
                0x0000000000008444                mpa_wipe
                0x000000000000848c                mpa_copy
                0x0000000000008500                mpa_abs
                0x000000000000854c                mpa_highest_bit_index
                0x0000000000008604                mpa_get_bit
                0x0000000000008698                mpa_can_hold
                0x00000000000086d0                mpa_parity
                0x00000000000086f8                mpa_constant_one
 .text          0x0000000000008704      0x678 /home/rex/devel/optee/optee_os/out/arm/export-ta_arm64/lib/libmpa.a(mpa_montgomery.o)
                0x0000000000008704                __mpa_montgomery_mul_add
                0x000000000000884c                __mpa_montgomery_sub_ack
                0x00000000000089a4                __mpa_montgomery_mul
                0x0000000000008b84                mpa_compute_fmm_context
                0x0000000000008d10                mpa_montgomery_mul
 .text          0x0000000000008d7c      0x560 /home/rex/devel/optee/optee_os/out/arm/export-ta_arm64/lib/libmpa.a(mpa_primetest.o)
                0x0000000000008d7c                mpa_is_prob_prime
 .text          0x00000000000092dc      0x1d0 /home/rex/devel/optee/optee_os/out/arm/export-ta_arm64/lib/libmpa.a(mpa_conv.o)
                0x00000000000092dc                mpa_set_S32
                0x0000000000009344                mpa_get_S32
                0x000000000000942c                mpa_set_word
                0x000000000000946c                mpa_get_word
 .text          0x00000000000094ac     0x1004 /home/rex/devel/optee/optee_os/out/arm/export-ta_arm64/lib/libmpa.a(mpa_div.o)
                0x0000000000009578                __mpa_div_dword
                0x0000000000009f78                __mpa_div_q_r_internal_word
                0x000000000000a15c                __mpa_div_q_r
                0x000000000000a368                mpa_div
 .text          0x000000000000a4b0      0xb64 /home/rex/devel/optee/optee_os/out/arm/export-ta_arm64/lib/libmpa.a(mpa_gcd.o)
                0x000000000000ab7c                mpa_gcd
                0x000000000000ad04                mpa_extended_gcd
 .text          0x000000000000b014      0x3d8 /home/rex/devel/optee/optee_os/out/arm/export-ta_arm64/lib/libmpa.a(mpa_mem_static.o)
                0x000000000000b014                mpa_init_scratch_mem_sync
                0x000000000000b088                mpa_init_scratch_mem
                0x000000000000b0c4                mpa_alloc_static_temp_var_size
                0x000000000000b2b8                mpa_alloc_static_temp_var
                0x000000000000b2e4                mpa_free_static_temp_var
 .text          0x000000000000b3ec      0x5c0 /home/rex/devel/optee/optee_os/out/arm/export-ta_arm64/lib/libmpa.a(mpa_mul.o)
                0x000000000000b3ec                __mpa_mul_add_word
                0x000000000000b450                __mpa_mul_add_word_cum
                0x000000000000b4c4                __mpa_abs_mul_word
                0x000000000000b5dc                __mpa_abs_mul
                0x000000000000b77c                mpa_mul
                0x000000000000b8ac                mpa_mul_word
 .text          0x000000000000b9ac      0x2d0 /home/rex/devel/optee/optee_os/out/arm/export-ta_arm64/lib/libmpa.a(mpa_random.o)
                0x000000000000b9ac                mpa_set_random_generator
                0x000000000000ba08                mpa_get_random
                0x000000000000bbdc                mpa_get_random_digits
 .text          0x000000000000bc7c      0x8f8 /home/rex/devel/optee/optee_os/out/arm/export-ta_arm64/lib/libmpa.a(mpa_shift.o)
                0x000000000000bc7c                __mpa_shift_words_left
                0x000000000000bdac                __mpa_shift_words_right
                0x000000000000bedc                mpa_shift_left
                0x000000000000c264                mpa_shift_right
 .text          0x000000000000c574      0xff4 /home/rex/devel/optee/optee_os/out/arm/export-ta_arm64/lib/libmpa.a(mpa_addsub.o)
                0x000000000000c574                __mpa_full_adder
                0x000000000000c5d8                __mpa_full_sub
                0x000000000000c63c                __mpa_full_adder_ackum
                0x000000000000c6a4                __mpa_abs_add
                0x000000000000c888                __mpa_abs_add_ackum
                0x000000000000c9e8                __mpa_abs_sub
                0x000000000000cb80                mpa_add
                0x000000000000ce3c                mpa_sub
                0x000000000000d134                mpa_neg
                0x000000000000d170                mpa_add_word
                0x000000000000d368                mpa_sub_word
 .text          0x000000000000d568      0x3c0 /home/rex/devel/optee/optee_os/out/arm/export-ta_arm64/lib/libmpa.a(mpa_cmp.o)
                0x000000000000d568                __mpa_abs_cmp
                0x000000000000d6e8                __mpa_abs_greater_than
                0x000000000000d718                __mpa_abs_less_than
                0x000000000000d744                mpa_cmp
                0x000000000000d820                mpa_cmp_short
 .text          0x000000000000d928      0x250 /home/rex/devel/optee/optee_os/out/arm/export-ta_arm64/lib/libmpa.a(mpa_expmod.o)
                0x000000000000d928                mpa_exp_mod
 .text          0x000000000000db78      0x144 /home/rex/devel/optee/optee_os/out/arm/export-ta_arm64/lib/libmpa.a(mpa_init.o)
                0x000000000000db78                mpa_init_static
                0x000000000000dbd8                mpa_init_static_fmm_context
 .text          0x000000000000dcbc      0xedc /home/rex/devel/optee/optee_os/out/arm/export-ta_arm64/lib/libmpa.a(mpa_io.o)
                0x000000000000e218                mpa_get_str_size
                0x000000000000e220                mpa_set_str
                0x000000000000e6b4                mpa_get_str
                0x000000000000e804                mpa_set_oct_str
                0x000000000000e9dc                mpa_get_oct_str
 .text          0x000000000000eb98      0x2c0 /home/rex/devel/optee/optee_os/out/arm/export-ta_arm64/lib/libmpa.a(mpa_modulus.o)
                0x000000000000eb98                mpa_mod
                0x000000000000ebd4                mpa_add_mod
                0x000000000000ec44                mpa_sub_mod
                0x000000000000ecb4                mpa_mul_mod
                0x000000000000ed24                mpa_inv_mod
 *(SORT(.stub))
 *(SORT(.glue_7))
 *(SORT(.glue_7t))
 *(SORT(.gnu.linkonce.t.*))
 *(SORT(.vfp11_veneer))
                [!provide]                        PROVIDE (_mcount, __utee_mcount)
                0x000000000000ee58                __text_end = .

.eh_frame
 *(SORT(.eh_frame))

.rodata         0x000000000000ee58     0x1b54
 *(SORT(.gnu.linkonce.r.*))
 *(SORT(.rodata) SORT(.rodata.*))
 .rodata.hello_world_ta.c
                0x000000000000ee58       0xaa ./hello_world_ta.o
 *fill*         0x000000000000ef02        0x6 
 .rodata.user_ta_header.c
                0x000000000000ef08      0x130 ./user_ta_header.o
                0x000000000000ef08                trace_ext_prefix
                0x000000000000ef10                ta_heap_size
                0x000000000000f030                ta_num_props
 .rodata.lib/libutee/arch/arm/user_ta_entry.c
                0x000000000000f038       0x1d /home/rex/devel/optee/optee_os/out/arm/export-ta_arm64/lib/libutee.a(user_ta_entry.o)
 *fill*         0x000000000000f055        0x3 
 .rodata.lib/libutee/tee_api_arith.c
                0x000000000000f058       0xef /home/rex/devel/optee/optee_os/out/arm/export-ta_arm64/lib/libutee.a(tee_api_arith.o)
 *fill*         0x000000000000f147        0x1 
 .rodata.lib/libutee/tee_api.c
                0x000000000000f148       0xdf /home/rex/devel/optee/optee_os/out/arm/export-ta_arm64/lib/libutee.a(tee_api.o)
 *fill*         0x000000000000f227        0x1 
 .rodata.lib/libutee/tee_user_mem.c
                0x000000000000f228      0x1cc /home/rex/devel/optee/optee_os/out/arm/export-ta_arm64/lib/libutee.a(tee_user_mem.o)
 *fill*         0x000000000000f3f4        0x4 
 .rodata.lib/libutee/trace_ext.c
                0x000000000000f3f8       0x2d /home/rex/devel/optee/optee_os/out/arm/export-ta_arm64/lib/libutee.a(trace_ext.o)
 *fill*         0x000000000000f425        0x3 
 .rodata.lib/libutee/assert.c
                0x000000000000f428       0x27 /home/rex/devel/optee/optee_os/out/arm/export-ta_arm64/lib/libutee.a(assert.o)
 *fill*         0x000000000000f44f        0x1 
 .rodata.lib/libutils/isoc/bget_malloc.c
                0x000000000000f450      0x508 /home/rex/devel/optee/optee_os/out/arm/export-ta_arm64/lib/libutils.a(bget_malloc.o)
 .rodata.lib/libutils/ext/snprintk.c
                0x000000000000f958      0x1f8 /home/rex/devel/optee/optee_os/out/arm/export-ta_arm64/lib/libutils.a(snprintk.o)
 .rodata.lib/libutils/ext/trace.c
                0x000000000000fb50       0x65 /home/rex/devel/optee/optee_os/out/arm/export-ta_arm64/lib/libutils.a(trace.o)
 *fill*         0x000000000000fbb5        0x3 
 .rodata.lib/libmpa/mpa_misc.c
                0x000000000000fbb8       0x2c /home/rex/devel/optee/optee_os/out/arm/export-ta_arm64/lib/libmpa.a(mpa_misc.o)
                0x000000000000fbb8                const_largest_deci_base
                0x000000000000fbc8                Const_1_LShift_Base
                0x000000000000fbd8                const_one
 *fill*         0x000000000000fbe4        0x4 
 .rodata.lib/libmpa/mpa_primetest.c
                0x000000000000fbe8      0xd34 /home/rex/devel/optee/optee_os/out/arm/export-ta_arm64/lib/libmpa.a(mpa_primetest.o)
                0x000000000000fbe8                MAX_TABULATED_PRIME
                0x000000000000fbec                NR_STORED_PRIMES
                0x000000000000fbf0                PRIME_TABLE
 *fill*         0x000000000001091c        0x4 
 .rodata.lib/libmpa/mpa_io.c
                0x0000000000010920       0x8c /home/rex/devel/optee/optee_os/out/arm/export-ta_arm64/lib/libmpa.a(mpa_io.o)

.gnu.version_d  0x00000000000109b0        0x0
 .gnu.version_d
                0x00000000000109b0        0x0 ./hello_world_ta.o

.gnu.version    0x00000000000109ac        0x0
 .gnu.version   0x00000000000109ac        0x0 ./hello_world_ta.o

.gnu.version_r  0x00000000000109b0        0x0
 .gnu.version_r
                0x00000000000109b0        0x0 ./hello_world_ta.o

.ARM.exidx
 *(SORT(.ARM.exidx*) SORT(.gnu.linkonce.armexidx.*))

.ctors
 *(SORT(.ctors))

.dtors
 *(SORT(.dtors))

.plt            0x00000000000109ac        0x0
 *(SORT(.plt))
 .plt           0x00000000000109ac        0x0 ./hello_world_ta.o

.rela.dyn       0x00000000000109b0      0x258
 .rela.ifunc    0x00000000000109b0        0x0 ./hello_world_ta.o
 .rela.ta_head  0x00000000000109b0       0x18 ./hello_world_ta.o
 .rela.data.rel.ro.local
                0x00000000000109c8      0x1b0 ./hello_world_ta.o
 .rela.data.rel
                0x0000000000010b78       0x18 ./hello_world_ta.o
 .rela.data.rel.local
                0x0000000000010b90       0x78 ./hello_world_ta.o

.got            0x0000000000010c08       0x68
 *(SORT(.got.plt))
 .got.plt       0x0000000000010c08       0x18 ./hello_world_ta.o
 *(SORT(.got))
 .got           0x0000000000010c20       0x50 ./hello_world_ta.o
                0x0000000000010c20                _GLOBAL_OFFSET_TABLE_

.rel.text
 *(SORT(.rel.text))
 *(SORT(.rel.gnu.linkonce.t*))

.rela.text
 *(SORT(.rela.text))
 *(SORT(.rela.gnu.linkonce.t*))

.rel.data
 *(SORT(.rel.data))
 *(SORT(.rel.gnu.linkonce.d*))

.rela.data
 *(SORT(.rela.data))
 *(SORT(.rela.gnu.linkonce.d*))

.rel.rodata
 *(SORT(.rel.rodata))
 *(SORT(.rel.gnu.linkonce.r*))

.rela.rodata
 *(SORT(.rela.rodata))
 *(SORT(.rela.gnu.linkonce.r*))

.rel.dyn
 *(SORT(.rel.dyn))

.rel.got
 *(SORT(.rel.got))

.rela.got       0x0000000000010c70       0xd8
 *(SORT(.rela.got))
 .rela.got      0x0000000000010c70       0xd8 ./hello_world_ta.o

.rel.ctors
 *(SORT(.rel.ctors))

.rela.ctors
 *(SORT(.rela.ctors))

.rel.dtors
 *(SORT(.rel.dtors))

.rela.dtors
 *(SORT(.rela.dtors))

.rel.init
 *(SORT(.rel.init))

.rela.init
 *(SORT(.rela.init))

.rel.fini
 *(SORT(.rel.fini))

.rela.fini
 *(SORT(.rela.fini))

.rel.bss
 *(SORT(.rel.bss))

.rela.bss
 *(SORT(.rela.bss))

.rel.plt
 *(SORT(.rel.plt))

.rela.plt       0x0000000000010d48        0x0
 *(SORT(.rela.plt))
 .rela.plt      0x0000000000010d48        0x0 ./hello_world_ta.o

.dynamic        0x0000000000010d48      0x100
 *(SORT(.dynamic))
 .dynamic       0x0000000000010d48      0x100 ./hello_world_ta.o
                0x0000000000010d48                _DYNAMIC

.dynsym         0x0000000000010e48      0x120
 *(SORT(.dynsym))
 .dynsym        0x0000000000010e48      0x120 ./hello_world_ta.o

.dynstr         0x0000000000010f68       0x78
 *(SORT(.dynstr))
 .dynstr        0x0000000000010f68       0x78 ./hello_world_ta.o

.hash           0x0000000000010fe0       0x44
 *(SORT(.hash))
 .hash          0x0000000000010fe0       0x44 ./hello_world_ta.o
                0x0000000000012000                . = ALIGN (0x1000)

.data           0x0000000000012000      0x134
 *(SORT(.data) SORT(.data.*) SORT(.gnu.linkonce.d.*))
 .data.rel.ro.local
                0x0000000000012000       0xd8 ./user_ta_header.o
                0x0000000000012000                ta_props
 .data.rel      0x00000000000120d8        0x8 /home/rex/devel/optee/optee_os/out/arm/export-ta_arm64/lib/libutee.a(user_ta_entry.o)
                0x00000000000120d8                _ref__utee_mcount
 .data.rel.local
                0x00000000000120e0       0x10 /home/rex/devel/optee/optee_os/out/arm/export-ta_arm64/lib/libutee.a(user_ta_entry.o)
 .data.rel.local
                0x00000000000120f0        0x8 /home/rex/devel/optee/optee_os/out/arm/export-ta_arm64/lib/libutee.a(tee_api_arith.o)
 .data          0x00000000000120f8        0x8 /home/rex/devel/optee/optee_os/out/arm/export-ta_arm64/lib/libutee.a(tee_user_mem.o)
 .data.rel.local
                0x0000000000012100       0x10 /home/rex/devel/optee/optee_os/out/arm/export-ta_arm64/lib/libutee.a(tee_user_mem.o)
                0x0000000000012100                user_mem_head
 .data.rel.local
                0x0000000000012110       0x20 /home/rex/devel/optee/optee_os/out/arm/export-ta_arm64/lib/libutils.a(bget_malloc.o)
 .data          0x0000000000012130        0x4 ./user_ta_header.o
                0x0000000000012130                trace_level
 .data          0x0000000000012134        0x0 ./hello_world_ta.o
 .data          0x0000000000012134        0x0 /home/rex/devel/optee/optee_os/out/arm/export-ta_arm64/lib/libutee.a(user_ta_entry.o)
 .data          0x0000000000012134        0x0 /home/rex/devel/optee/optee_os/out/arm/export-ta_arm64/lib/libutee.a(utee_syscalls_a64.o)
 .data          0x0000000000012134        0x0 /home/rex/devel/optee/optee_os/out/arm/export-ta_arm64/lib/libutee.a(gprof_a64.o)
 .data          0x0000000000012134        0x0 /home/rex/devel/optee/optee_os/out/arm/export-ta_arm64/lib/libutee.a(tee_api_arith.o)
 .data          0x0000000000012134        0x0 /home/rex/devel/optee/optee_os/out/arm/export-ta_arm64/lib/libutee.a(tee_api.o)
 .data          0x0000000000012134        0x0 /home/rex/devel/optee/optee_os/out/arm/export-ta_arm64/lib/libutee.a(tee_api_panic.o)
 .data          0x0000000000012134        0x0 /home/rex/devel/optee/optee_os/out/arm/export-ta_arm64/lib/libutee.a(utee_misc.o)
 .data          0x0000000000012134        0x0 /home/rex/devel/optee/optee_os/out/arm/export-ta_arm64/lib/libutee.a(trace_ext.o)
 .data          0x0000000000012134        0x0 /home/rex/devel/optee/optee_os/out/arm/export-ta_arm64/lib/libutee.a(assert.o)
 .data          0x0000000000012134        0x0 /home/rex/devel/optee/optee_os/out/arm/export-ta_arm64/lib/libutils.a(bget_malloc.o)
 .data          0x0000000000012134        0x0 /home/rex/devel/optee/optee_os/out/arm/export-ta_arm64/lib/libutils.a(snprintf.o)
 .data          0x0000000000012134        0x0 /home/rex/devel/optee/optee_os/out/arm/export-ta_arm64/lib/libutils.a(memcmp.o)
 .data          0x0000000000012134        0x0 /home/rex/devel/optee/optee_os/out/arm/export-ta_arm64/lib/libutils.a(memcpy.o)
 .data          0x0000000000012134        0x0 /home/rex/devel/optee/optee_os/out/arm/export-ta_arm64/lib/libutils.a(memmove.o)
 .data          0x0000000000012134        0x0 /home/rex/devel/optee/optee_os/out/arm/export-ta_arm64/lib/libutils.a(memset.o)
 .data          0x0000000000012134        0x0 /home/rex/devel/optee/optee_os/out/arm/export-ta_arm64/lib/libutils.a(strlen.o)
 .data          0x0000000000012134        0x0 /home/rex/devel/optee/optee_os/out/arm/export-ta_arm64/lib/libutils.a(snprintk.o)
 .data          0x0000000000012134        0x0 /home/rex/devel/optee/optee_os/out/arm/export-ta_arm64/lib/libutils.a(strlcpy.o)
 .data          0x0000000000012134        0x0 /home/rex/devel/optee/optee_os/out/arm/export-ta_arm64/lib/libutils.a(trace.o)
 .data          0x0000000000012134        0x0 /home/rex/devel/optee/optee_os/out/arm/export-ta_arm64/lib/libutils.a(memchr.o)
 .data          0x0000000000012134        0x0 /home/rex/devel/optee/optee_os/out/arm/export-ta_arm64/lib/libmpa.a(mpa_misc.o)
 .data          0x0000000000012134        0x0 /home/rex/devel/optee/optee_os/out/arm/export-ta_arm64/lib/libmpa.a(mpa_montgomery.o)
 .data          0x0000000000012134        0x0 /home/rex/devel/optee/optee_os/out/arm/export-ta_arm64/lib/libmpa.a(mpa_primetest.o)
 .data          0x0000000000012134        0x0 /home/rex/devel/optee/optee_os/out/arm/export-ta_arm64/lib/libmpa.a(mpa_conv.o)
 .data          0x0000000000012134        0x0 /home/rex/devel/optee/optee_os/out/arm/export-ta_arm64/lib/libmpa.a(mpa_div.o)
 .data          0x0000000000012134        0x0 /home/rex/devel/optee/optee_os/out/arm/export-ta_arm64/lib/libmpa.a(mpa_gcd.o)
 .data          0x0000000000012134        0x0 /home/rex/devel/optee/optee_os/out/arm/export-ta_arm64/lib/libmpa.a(mpa_mem_static.o)
 .data          0x0000000000012134        0x0 /home/rex/devel/optee/optee_os/out/arm/export-ta_arm64/lib/libmpa.a(mpa_mul.o)
 .data          0x0000000000012134        0x0 /home/rex/devel/optee/optee_os/out/arm/export-ta_arm64/lib/libmpa.a(mpa_random.o)
 .data          0x0000000000012134        0x0 /home/rex/devel/optee/optee_os/out/arm/export-ta_arm64/lib/libmpa.a(mpa_shift.o)
 .data          0x0000000000012134        0x0 /home/rex/devel/optee/optee_os/out/arm/export-ta_arm64/lib/libmpa.a(mpa_addsub.o)
 .data          0x0000000000012134        0x0 /home/rex/devel/optee/optee_os/out/arm/export-ta_arm64/lib/libmpa.a(mpa_cmp.o)
 .data          0x0000000000012134        0x0 /home/rex/devel/optee/optee_os/out/arm/export-ta_arm64/lib/libmpa.a(mpa_expmod.o)
 .data          0x0000000000012134        0x0 /home/rex/devel/optee/optee_os/out/arm/export-ta_arm64/lib/libmpa.a(mpa_init.o)
 .data          0x0000000000012134        0x0 /home/rex/devel/optee/optee_os/out/arm/export-ta_arm64/lib/libmpa.a(mpa_io.o)
 .data          0x0000000000012134        0x0 /home/rex/devel/optee/optee_os/out/arm/export-ta_arm64/lib/libmpa.a(mpa_modulus.o)

.bss            0x0000000000012138     0xac20
 *(SORT(.bss) SORT(.bss.*) SORT(.gnu.linkonce.b.*) SORT(COMMON))
 COMMON         0x0000000000012138     0x8000 ./user_ta_header.o
                0x0000000000012138                ta_heap
 COMMON         0x000000000001a138       0x48 /home/rex/devel/optee/optee_os/out/arm/export-ta_arm64/lib/libutee.a(user_ta_entry.o)
                0x000000000001a138                ta_param_types
                0x000000000001a140                ta_params
 .bss           0x000000000001a180     0x1b40 /home/rex/devel/optee/optee_os/out/arm/export-ta_arm64/lib/libutee.a(tee_api_arith.o)
 .bss           0x000000000001bcc0        0x8 /home/rex/devel/optee/optee_os/out/arm/export-ta_arm64/lib/libutee.a(tee_api.o)
 .bss           0x000000000001bcc8       0x18 /home/rex/devel/optee/optee_os/out/arm/export-ta_arm64/lib/libutee.a(tee_user_mem.o)
 .bss           0x000000000001bce0       0x60 /home/rex/devel/optee/optee_os/out/arm/export-ta_arm64/lib/libutils.a(bget_malloc.o)
 .bss           0x000000000001bd40        0x8 /home/rex/devel/optee/optee_os/out/arm/export-ta_arm64/lib/libmpa.a(mpa_random.o)
 .bss           0x000000000001bd48     0x1002 /home/rex/devel/optee/optee_os/out/arm/export-ta_arm64/lib/libmpa.a(mpa_io.o)
 *fill*         0x000000000001cd4a        0x2 
 .bss           0x000000000001cd4c        0x5 /home/rex/devel/optee/optee_os/out/arm/export-ta_arm64/lib/libutee.a(user_ta_entry.o)
 .bss           0x000000000001cd51        0x0 ./hello_world_ta.o
 .bss           0x000000000001cd51        0x0 ./user_ta_header.o
 .bss           0x000000000001cd51        0x0 /home/rex/devel/optee/optee_os/out/arm/export-ta_arm64/lib/libutee.a(utee_syscalls_a64.o)
 .bss           0x000000000001cd51        0x0 /home/rex/devel/optee/optee_os/out/arm/export-ta_arm64/lib/libutee.a(gprof_a64.o)
 .bss           0x000000000001cd51        0x0 /home/rex/devel/optee/optee_os/out/arm/export-ta_arm64/lib/libutee.a(tee_api_panic.o)
 .bss           0x000000000001cd51        0x0 /home/rex/devel/optee/optee_os/out/arm/export-ta_arm64/lib/libutee.a(utee_misc.o)
 .bss           0x000000000001cd51        0x0 /home/rex/devel/optee/optee_os/out/arm/export-ta_arm64/lib/libutee.a(trace_ext.o)
 .bss           0x000000000001cd51        0x0 /home/rex/devel/optee/optee_os/out/arm/export-ta_arm64/lib/libutee.a(assert.o)
 .bss           0x000000000001cd51        0x0 /home/rex/devel/optee/optee_os/out/arm/export-ta_arm64/lib/libutils.a(snprintf.o)
 .bss           0x000000000001cd51        0x0 /home/rex/devel/optee/optee_os/out/arm/export-ta_arm64/lib/libutils.a(memcmp.o)
 .bss           0x000000000001cd51        0x0 /home/rex/devel/optee/optee_os/out/arm/export-ta_arm64/lib/libutils.a(memcpy.o)
 .bss           0x000000000001cd51        0x0 /home/rex/devel/optee/optee_os/out/arm/export-ta_arm64/lib/libutils.a(memmove.o)
 .bss           0x000000000001cd51        0x0 /home/rex/devel/optee/optee_os/out/arm/export-ta_arm64/lib/libutils.a(memset.o)
 .bss           0x000000000001cd51        0x0 /home/rex/devel/optee/optee_os/out/arm/export-ta_arm64/lib/libutils.a(strlen.o)
 .bss           0x000000000001cd51        0x0 /home/rex/devel/optee/optee_os/out/arm/export-ta_arm64/lib/libutils.a(snprintk.o)
 .bss           0x000000000001cd51        0x0 /home/rex/devel/optee/optee_os/out/arm/export-ta_arm64/lib/libutils.a(strlcpy.o)
 .bss           0x000000000001cd51        0x0 /home/rex/devel/optee/optee_os/out/arm/export-ta_arm64/lib/libutils.a(trace.o)
 .bss           0x000000000001cd51        0x0 /home/rex/devel/optee/optee_os/out/arm/export-ta_arm64/lib/libutils.a(memchr.o)
 .bss           0x000000000001cd51        0x0 /home/rex/devel/optee/optee_os/out/arm/export-ta_arm64/lib/libmpa.a(mpa_misc.o)
 .bss           0x000000000001cd51        0x0 /home/rex/devel/optee/optee_os/out/arm/export-ta_arm64/lib/libmpa.a(mpa_montgomery.o)
 .bss           0x000000000001cd51        0x0 /home/rex/devel/optee/optee_os/out/arm/export-ta_arm64/lib/libmpa.a(mpa_primetest.o)
 .bss           0x000000000001cd51        0x0 /home/rex/devel/optee/optee_os/out/arm/export-ta_arm64/lib/libmpa.a(mpa_conv.o)
 .bss           0x000000000001cd51        0x0 /home/rex/devel/optee/optee_os/out/arm/export-ta_arm64/lib/libmpa.a(mpa_div.o)
 .bss           0x000000000001cd51        0x0 /home/rex/devel/optee/optee_os/out/arm/export-ta_arm64/lib/libmpa.a(mpa_gcd.o)
 .bss           0x000000000001cd51        0x0 /home/rex/devel/optee/optee_os/out/arm/export-ta_arm64/lib/libmpa.a(mpa_mem_static.o)
 .bss           0x000000000001cd51        0x0 /home/rex/devel/optee/optee_os/out/arm/export-ta_arm64/lib/libmpa.a(mpa_mul.o)
 .bss           0x000000000001cd51        0x0 /home/rex/devel/optee/optee_os/out/arm/export-ta_arm64/lib/libmpa.a(mpa_shift.o)
 .bss           0x000000000001cd51        0x0 /home/rex/devel/optee/optee_os/out/arm/export-ta_arm64/lib/libmpa.a(mpa_addsub.o)
 .bss           0x000000000001cd51        0x0 /home/rex/devel/optee/optee_os/out/arm/export-ta_arm64/lib/libmpa.a(mpa_cmp.o)
 .bss           0x000000000001cd51        0x0 /home/rex/devel/optee/optee_os/out/arm/export-ta_arm64/lib/libmpa.a(mpa_expmod.o)
 .bss           0x000000000001cd51        0x0 /home/rex/devel/optee/optee_os/out/arm/export-ta_arm64/lib/libmpa.a(mpa_init.o)
 .bss           0x000000000001cd51        0x0 /home/rex/devel/optee/optee_os/out/arm/export-ta_arm64/lib/libmpa.a(mpa_modulus.o)
                0x000000000001cd58                . = ALIGN (0x8)
 *fill*         0x000000000001cd51        0x7 
                0x000000000001cd58                __gprof_buf_start = .
                0x000000000001cd58                . = (. + DEFINED (_mcount)?(((__text_end - __text_start) * 0xb1) / 0x64):0x0)
                0x000000000001cd58                __gprof_buf_end = .

.dynbss         0x000000000001cd58        0x0
 .dynbss        0x000000000001cd58        0x0 ./hello_world_ta.o

/DISCARD/
 *(SORT(.interp))
LOAD ./hello_world_ta.o
LOAD ./user_ta_header.o
LOAD /home/rex/devel/optee/optee_os/out/arm/export-ta_arm64/lib/libutee.a
LOAD /home/rex/devel/optee/optee_os/out/arm/export-ta_arm64/lib/libpng.a
LOAD /home/rex/devel/optee/optee_os/out/arm/export-ta_arm64/lib/libzlib.a
LOAD /home/rex/devel/optee/optee_os/out/arm/export-ta_arm64/lib/libutils.a
LOAD /home/rex/devel/optee/optee_os/out/arm/export-ta_arm64/lib/libmpa.a
LOAD /home/rex/devel/optee/optee_os/out/arm/export-ta_arm64/lib/libutee.a
LOAD /home/rex/devel/optee/optee_os/out/arm/export-ta_arm64/lib/libutils.a
OUTPUT(8aaaf200-2450-11e4-abe2-0002a5d5c51b.elf elf64-littleaarch64)

.debug_info     0x0000000000000000     0xabb2
 .debug_info    0x0000000000000000      0x36b ./hello_world_ta.o
 .debug_info    0x000000000000036b      0x3d2 ./user_ta_header.o
 .debug_info    0x000000000000073d      0x70c /home/rex/devel/optee/optee_os/out/arm/export-ta_arm64/lib/libutee.a(user_ta_entry.o)
 .debug_info    0x0000000000000e49       0x78 /home/rex/devel/optee/optee_os/out/arm/export-ta_arm64/lib/libutee.a(utee_syscalls_a64.o)
 .debug_info    0x0000000000000ec1       0x76 /home/rex/devel/optee/optee_os/out/arm/export-ta_arm64/lib/libutee.a(gprof_a64.o)
 .debug_info    0x0000000000000f37     0x1282 /home/rex/devel/optee/optee_os/out/arm/export-ta_arm64/lib/libutee.a(tee_api_arith.o)
 .debug_info    0x00000000000021b9      0xd3f /home/rex/devel/optee/optee_os/out/arm/export-ta_arm64/lib/libutee.a(tee_api.o)
 .debug_info    0x0000000000002ef8      0x120 /home/rex/devel/optee/optee_os/out/arm/export-ta_arm64/lib/libutee.a(tee_api_panic.o)
 .debug_info    0x0000000000003018      0x229 /home/rex/devel/optee/optee_os/out/arm/export-ta_arm64/lib/libutee.a(utee_misc.o)
 .debug_info    0x0000000000003241      0x7da /home/rex/devel/optee/optee_os/out/arm/export-ta_arm64/lib/libutee.a(tee_user_mem.o)
 .debug_info    0x0000000000003a1b      0x288 /home/rex/devel/optee/optee_os/out/arm/export-ta_arm64/lib/libutee.a(trace_ext.o)
 .debug_info    0x0000000000003ca3      0x12f /home/rex/devel/optee/optee_os/out/arm/export-ta_arm64/lib/libutee.a(assert.o)
 .debug_info    0x0000000000003dd2     0x13f9 /home/rex/devel/optee/optee_os/out/arm/export-ta_arm64/lib/libutils.a(bget_malloc.o)
 .debug_info    0x00000000000051cb      0x19d /home/rex/devel/optee/optee_os/out/arm/export-ta_arm64/lib/libutils.a(snprintf.o)
 .debug_info    0x0000000000005368       0xf0 /home/rex/devel/optee/optee_os/out/arm/export-ta_arm64/lib/libutils.a(memcmp.o)
 .debug_info    0x0000000000005458      0x109 /home/rex/devel/optee/optee_os/out/arm/export-ta_arm64/lib/libutils.a(memcpy.o)
 .debug_info    0x0000000000005561      0x109 /home/rex/devel/optee/optee_os/out/arm/export-ta_arm64/lib/libutils.a(memmove.o)
 .debug_info    0x000000000000566a       0xf6 /home/rex/devel/optee/optee_os/out/arm/export-ta_arm64/lib/libutils.a(memset.o)
 .debug_info    0x0000000000005760       0xb7 /home/rex/devel/optee/optee_os/out/arm/export-ta_arm64/lib/libutils.a(strlen.o)
 .debug_info    0x0000000000005817      0x5a0 /home/rex/devel/optee/optee_os/out/arm/export-ta_arm64/lib/libutils.a(snprintk.o)
 .debug_info    0x0000000000005db7       0xfb /home/rex/devel/optee/optee_os/out/arm/export-ta_arm64/lib/libutils.a(strlcpy.o)
 .debug_info    0x0000000000005eb2      0x326 /home/rex/devel/optee/optee_os/out/arm/export-ta_arm64/lib/libutils.a(trace.o)
 .debug_info    0x00000000000061d8      0x107 /home/rex/devel/optee/optee_os/out/arm/export-ta_arm64/lib/libutils.a(memchr.o)
 .debug_info    0x00000000000062df      0x3aa /home/rex/devel/optee/optee_os/out/arm/export-ta_arm64/lib/libmpa.a(mpa_misc.o)
 .debug_info    0x0000000000006689      0x529 /home/rex/devel/optee/optee_os/out/arm/export-ta_arm64/lib/libmpa.a(mpa_montgomery.o)
 .debug_info    0x0000000000006bb2      0x554 /home/rex/devel/optee/optee_os/out/arm/export-ta_arm64/lib/libmpa.a(mpa_primetest.o)
 .debug_info    0x0000000000007106      0x243 /home/rex/devel/optee/optee_os/out/arm/export-ta_arm64/lib/libmpa.a(mpa_conv.o)
 .debug_info    0x0000000000007349      0x61c /home/rex/devel/optee/optee_os/out/arm/export-ta_arm64/lib/libmpa.a(mpa_div.o)
 .debug_info    0x0000000000007965      0x53e /home/rex/devel/optee/optee_os/out/arm/export-ta_arm64/lib/libmpa.a(mpa_gcd.o)
 .debug_info    0x0000000000007ea3      0x4b1 /home/rex/devel/optee/optee_os/out/arm/export-ta_arm64/lib/libmpa.a(mpa_mem_static.o)
 .debug_info    0x0000000000008354      0x506 /home/rex/devel/optee/optee_os/out/arm/export-ta_arm64/lib/libmpa.a(mpa_mul.o)
 .debug_info    0x000000000000885a      0x317 /home/rex/devel/optee/optee_os/out/arm/export-ta_arm64/lib/libmpa.a(mpa_random.o)
 .debug_info    0x0000000000008b71      0x2e3 /home/rex/devel/optee/optee_os/out/arm/export-ta_arm64/lib/libmpa.a(mpa_shift.o)
 .debug_info    0x0000000000008e54      0x82a /home/rex/devel/optee/optee_os/out/arm/export-ta_arm64/lib/libmpa.a(mpa_addsub.o)
 .debug_info    0x000000000000967e      0x2fd /home/rex/devel/optee/optee_os/out/arm/export-ta_arm64/lib/libmpa.a(mpa_cmp.o)
 .debug_info    0x000000000000997b      0x378 /home/rex/devel/optee/optee_os/out/arm/export-ta_arm64/lib/libmpa.a(mpa_expmod.o)
 .debug_info    0x0000000000009cf3      0x236 /home/rex/devel/optee/optee_os/out/arm/export-ta_arm64/lib/libmpa.a(mpa_init.o)
 .debug_info    0x0000000000009f29      0x831 /home/rex/devel/optee/optee_os/out/arm/export-ta_arm64/lib/libmpa.a(mpa_io.o)
 .debug_info    0x000000000000a75a      0x458 /home/rex/devel/optee/optee_os/out/arm/export-ta_arm64/lib/libmpa.a(mpa_modulus.o)

.debug_abbrev   0x0000000000000000     0x2d58
 .debug_abbrev  0x0000000000000000      0x152 ./hello_world_ta.o
 .debug_abbrev  0x0000000000000152      0x139 ./user_ta_header.o
 .debug_abbrev  0x000000000000028b      0x1d8 /home/rex/devel/optee/optee_os/out/arm/export-ta_arm64/lib/libutee.a(user_ta_entry.o)
 .debug_abbrev  0x0000000000000463       0x14 /home/rex/devel/optee/optee_os/out/arm/export-ta_arm64/lib/libutee.a(utee_syscalls_a64.o)
 .debug_abbrev  0x0000000000000477       0x14 /home/rex/devel/optee/optee_os/out/arm/export-ta_arm64/lib/libutee.a(gprof_a64.o)
 .debug_abbrev  0x000000000000048b      0x21f /home/rex/devel/optee/optee_os/out/arm/export-ta_arm64/lib/libutee.a(tee_api_arith.o)
 .debug_abbrev  0x00000000000006aa      0x21e /home/rex/devel/optee/optee_os/out/arm/export-ta_arm64/lib/libutee.a(tee_api.o)
 .debug_abbrev  0x00000000000008c8       0xa4 /home/rex/devel/optee/optee_os/out/arm/export-ta_arm64/lib/libutee.a(tee_api_panic.o)
 .debug_abbrev  0x000000000000096c       0xd2 /home/rex/devel/optee/optee_os/out/arm/export-ta_arm64/lib/libutee.a(utee_misc.o)
 .debug_abbrev  0x0000000000000a3e      0x268 /home/rex/devel/optee/optee_os/out/arm/export-ta_arm64/lib/libutee.a(tee_user_mem.o)
 .debug_abbrev  0x0000000000000ca6      0x112 /home/rex/devel/optee/optee_os/out/arm/export-ta_arm64/lib/libutee.a(trace_ext.o)
 .debug_abbrev  0x0000000000000db8       0x9d /home/rex/devel/optee/optee_os/out/arm/export-ta_arm64/lib/libutee.a(assert.o)
 .debug_abbrev  0x0000000000000e55      0x258 /home/rex/devel/optee/optee_os/out/arm/export-ta_arm64/lib/libutils.a(bget_malloc.o)
 .debug_abbrev  0x00000000000010ad       0xe1 /home/rex/devel/optee/optee_os/out/arm/export-ta_arm64/lib/libutils.a(snprintf.o)
 .debug_abbrev  0x000000000000118e       0x7f /home/rex/devel/optee/optee_os/out/arm/export-ta_arm64/lib/libutils.a(memcmp.o)
 .debug_abbrev  0x000000000000120d       0x91 /home/rex/devel/optee/optee_os/out/arm/export-ta_arm64/lib/libutils.a(memcpy.o)
 .debug_abbrev  0x000000000000129e       0x91 /home/rex/devel/optee/optee_os/out/arm/export-ta_arm64/lib/libutils.a(memmove.o)
 .debug_abbrev  0x000000000000132f       0x90 /home/rex/devel/optee/optee_os/out/arm/export-ta_arm64/lib/libutils.a(memset.o)
 .debug_abbrev  0x00000000000013bf       0x76 /home/rex/devel/optee/optee_os/out/arm/export-ta_arm64/lib/libutils.a(strlen.o)
 .debug_abbrev  0x0000000000001435      0x182 /home/rex/devel/optee/optee_os/out/arm/export-ta_arm64/lib/libutils.a(snprintk.o)
 .debug_abbrev  0x00000000000015b7       0x81 /home/rex/devel/optee/optee_os/out/arm/export-ta_arm64/lib/libutils.a(strlcpy.o)
 .debug_abbrev  0x0000000000001638      0x158 /home/rex/devel/optee/optee_os/out/arm/export-ta_arm64/lib/libutils.a(trace.o)
 .debug_abbrev  0x0000000000001790       0xab /home/rex/devel/optee/optee_os/out/arm/export-ta_arm64/lib/libutils.a(memchr.o)
 .debug_abbrev  0x000000000000183b      0x137 /home/rex/devel/optee/optee_os/out/arm/export-ta_arm64/lib/libmpa.a(mpa_misc.o)
 .debug_abbrev  0x0000000000001972      0x19e /home/rex/devel/optee/optee_os/out/arm/export-ta_arm64/lib/libmpa.a(mpa_montgomery.o)
 .debug_abbrev  0x0000000000001b10      0x175 /home/rex/devel/optee/optee_os/out/arm/export-ta_arm64/lib/libmpa.a(mpa_primetest.o)
 .debug_abbrev  0x0000000000001c85      0x101 /home/rex/devel/optee/optee_os/out/arm/export-ta_arm64/lib/libmpa.a(mpa_conv.o)
 .debug_abbrev  0x0000000000001d86      0x199 /home/rex/devel/optee/optee_os/out/arm/export-ta_arm64/lib/libmpa.a(mpa_div.o)
 .debug_abbrev  0x0000000000001f1f      0x17b /home/rex/devel/optee/optee_os/out/arm/export-ta_arm64/lib/libmpa.a(mpa_gcd.o)
 .debug_abbrev  0x000000000000209a      0x13b /home/rex/devel/optee/optee_os/out/arm/export-ta_arm64/lib/libmpa.a(mpa_mem_static.o)
 .debug_abbrev  0x00000000000021d5      0x136 /home/rex/devel/optee/optee_os/out/arm/export-ta_arm64/lib/libmpa.a(mpa_mul.o)
 .debug_abbrev  0x000000000000230b      0x164 /home/rex/devel/optee/optee_os/out/arm/export-ta_arm64/lib/libmpa.a(mpa_random.o)
 .debug_abbrev  0x000000000000246f      0x103 /home/rex/devel/optee/optee_os/out/arm/export-ta_arm64/lib/libmpa.a(mpa_shift.o)
 .debug_abbrev  0x0000000000002572      0x17d /home/rex/devel/optee/optee_os/out/arm/export-ta_arm64/lib/libmpa.a(mpa_addsub.o)
 .debug_abbrev  0x00000000000026ef      0x105 /home/rex/devel/optee/optee_os/out/arm/export-ta_arm64/lib/libmpa.a(mpa_cmp.o)
 .debug_abbrev  0x00000000000027f4      0x118 /home/rex/devel/optee/optee_os/out/arm/export-ta_arm64/lib/libmpa.a(mpa_expmod.o)
 .debug_abbrev  0x000000000000290c       0xf4 /home/rex/devel/optee/optee_os/out/arm/export-ta_arm64/lib/libmpa.a(mpa_init.o)
 .debug_abbrev  0x0000000000002a00      0x220 /home/rex/devel/optee/optee_os/out/arm/export-ta_arm64/lib/libmpa.a(mpa_io.o)
 .debug_abbrev  0x0000000000002c20      0x138 /home/rex/devel/optee/optee_os/out/arm/export-ta_arm64/lib/libmpa.a(mpa_modulus.o)

.debug_loc      0x0000000000000000     0x56f6
 .debug_loc     0x0000000000000000      0x22c ./hello_world_ta.o
 .debug_loc     0x000000000000022c      0x2de /home/rex/devel/optee/optee_os/out/arm/export-ta_arm64/lib/libutee.a(user_ta_entry.o)
 .debug_loc     0x000000000000050a      0xc94 /home/rex/devel/optee/optee_os/out/arm/export-ta_arm64/lib/libutee.a(tee_api_arith.o)
 .debug_loc     0x000000000000119e      0x8c9 /home/rex/devel/optee/optee_os/out/arm/export-ta_arm64/lib/libutee.a(tee_api.o)
 .debug_loc     0x0000000000001a67       0x98 /home/rex/devel/optee/optee_os/out/arm/export-ta_arm64/lib/libutee.a(tee_api_panic.o)
 .debug_loc     0x0000000000001aff      0x1e0 /home/rex/devel/optee/optee_os/out/arm/export-ta_arm64/lib/libutee.a(utee_misc.o)
 .debug_loc     0x0000000000001cdf      0x5a2 /home/rex/devel/optee/optee_os/out/arm/export-ta_arm64/lib/libutee.a(tee_user_mem.o)
 .debug_loc     0x0000000000002281      0x122 /home/rex/devel/optee/optee_os/out/arm/export-ta_arm64/lib/libutee.a(trace_ext.o)
 .debug_loc     0x00000000000023a3       0xad /home/rex/devel/optee/optee_os/out/arm/export-ta_arm64/lib/libutee.a(assert.o)
 .debug_loc     0x0000000000002450      0xc7a /home/rex/devel/optee/optee_os/out/arm/export-ta_arm64/lib/libutils.a(bget_malloc.o)
 .debug_loc     0x00000000000030ca       0xc4 /home/rex/devel/optee/optee_os/out/arm/export-ta_arm64/lib/libutils.a(snprintf.o)
 .debug_loc     0x000000000000318e       0x4d /home/rex/devel/optee/optee_os/out/arm/export-ta_arm64/lib/libutils.a(memcmp.o)
 .debug_loc     0x00000000000031db       0x4d /home/rex/devel/optee/optee_os/out/arm/export-ta_arm64/lib/libutils.a(memcpy.o)
 .debug_loc     0x0000000000003228       0x4d /home/rex/devel/optee/optee_os/out/arm/export-ta_arm64/lib/libutils.a(memmove.o)
 .debug_loc     0x0000000000003275       0x4d /home/rex/devel/optee/optee_os/out/arm/export-ta_arm64/lib/libutils.a(memset.o)
 .debug_loc     0x00000000000032c2       0x4c /home/rex/devel/optee/optee_os/out/arm/export-ta_arm64/lib/libutils.a(strlen.o)
 .debug_loc     0x000000000000330e      0x1ea /home/rex/devel/optee/optee_os/out/arm/export-ta_arm64/lib/libutils.a(snprintk.o)
 .debug_loc     0x00000000000034f8       0x4d /home/rex/devel/optee/optee_os/out/arm/export-ta_arm64/lib/libutils.a(strlcpy.o)
 .debug_loc     0x0000000000003545      0x146 /home/rex/devel/optee/optee_os/out/arm/export-ta_arm64/lib/libutils.a(trace.o)
 .debug_loc     0x000000000000368b       0x4d /home/rex/devel/optee/optee_os/out/arm/export-ta_arm64/lib/libutils.a(memchr.o)
 .debug_loc     0x00000000000036d8      0x2b0 /home/rex/devel/optee/optee_os/out/arm/export-ta_arm64/lib/libmpa.a(mpa_misc.o)
 .debug_loc     0x0000000000003988      0x1bf /home/rex/devel/optee/optee_os/out/arm/export-ta_arm64/lib/libmpa.a(mpa_montgomery.o)
 .debug_loc     0x0000000000003b47      0x1d2 /home/rex/devel/optee/optee_os/out/arm/export-ta_arm64/lib/libmpa.a(mpa_primetest.o)
 .debug_loc     0x0000000000003d19      0x130 /home/rex/devel/optee/optee_os/out/arm/export-ta_arm64/lib/libmpa.a(mpa_conv.o)
 .debug_loc     0x0000000000003e49      0x237 /home/rex/devel/optee/optee_os/out/arm/export-ta_arm64/lib/libmpa.a(mpa_div.o)
 .debug_loc     0x0000000000004080      0x1d4 /home/rex/devel/optee/optee_os/out/arm/export-ta_arm64/lib/libmpa.a(mpa_gcd.o)
 .debug_loc     0x0000000000004254      0x1d0 /home/rex/devel/optee/optee_os/out/arm/export-ta_arm64/lib/libmpa.a(mpa_mem_static.o)
 .debug_loc     0x0000000000004424      0x220 /home/rex/devel/optee/optee_os/out/arm/export-ta_arm64/lib/libmpa.a(mpa_mul.o)
 .debug_loc     0x0000000000004644      0x16e /home/rex/devel/optee/optee_os/out/arm/export-ta_arm64/lib/libmpa.a(mpa_random.o)
 .debug_loc     0x00000000000047b2      0x184 /home/rex/devel/optee/optee_os/out/arm/export-ta_arm64/lib/libmpa.a(mpa_shift.o)
 .debug_loc     0x0000000000004936      0x3f2 /home/rex/devel/optee/optee_os/out/arm/export-ta_arm64/lib/libmpa.a(mpa_addsub.o)
 .debug_loc     0x0000000000004d28      0x1b8 /home/rex/devel/optee/optee_os/out/arm/export-ta_arm64/lib/libmpa.a(mpa_cmp.o)
 .debug_loc     0x0000000000004ee0       0x62 /home/rex/devel/optee/optee_os/out/arm/export-ta_arm64/lib/libmpa.a(mpa_expmod.o)
 .debug_loc     0x0000000000004f42       0xac /home/rex/devel/optee/optee_os/out/arm/export-ta_arm64/lib/libmpa.a(mpa_init.o)
 .debug_loc     0x0000000000004fee      0x520 /home/rex/devel/optee/optee_os/out/arm/export-ta_arm64/lib/libmpa.a(mpa_io.o)
 .debug_loc     0x000000000000550e      0x1e8 /home/rex/devel/optee/optee_os/out/arm/export-ta_arm64/lib/libmpa.a(mpa_modulus.o)

.debug_aranges  0x0000000000000000      0x750
 .debug_aranges
                0x0000000000000000       0x30 ./hello_world_ta.o
 .debug_aranges
                0x0000000000000030       0x30 ./user_ta_header.o
 .debug_aranges
                0x0000000000000060       0x30 /home/rex/devel/optee/optee_os/out/arm/export-ta_arm64/lib/libutee.a(user_ta_entry.o)
 .debug_aranges
                0x0000000000000090       0x30 /home/rex/devel/optee/optee_os/out/arm/export-ta_arm64/lib/libutee.a(utee_syscalls_a64.o)
 .debug_aranges
                0x00000000000000c0       0x30 /home/rex/devel/optee/optee_os/out/arm/export-ta_arm64/lib/libutee.a(gprof_a64.o)
 .debug_aranges
                0x00000000000000f0       0x30 /home/rex/devel/optee/optee_os/out/arm/export-ta_arm64/lib/libutee.a(tee_api_arith.o)
 .debug_aranges
                0x0000000000000120       0x30 /home/rex/devel/optee/optee_os/out/arm/export-ta_arm64/lib/libutee.a(tee_api.o)
 .debug_aranges
                0x0000000000000150       0x30 /home/rex/devel/optee/optee_os/out/arm/export-ta_arm64/lib/libutee.a(tee_api_panic.o)
 .debug_aranges
                0x0000000000000180       0x30 /home/rex/devel/optee/optee_os/out/arm/export-ta_arm64/lib/libutee.a(utee_misc.o)
 .debug_aranges
                0x00000000000001b0       0x30 /home/rex/devel/optee/optee_os/out/arm/export-ta_arm64/lib/libutee.a(tee_user_mem.o)
 .debug_aranges
                0x00000000000001e0       0x30 /home/rex/devel/optee/optee_os/out/arm/export-ta_arm64/lib/libutee.a(trace_ext.o)
 .debug_aranges
                0x0000000000000210       0x30 /home/rex/devel/optee/optee_os/out/arm/export-ta_arm64/lib/libutee.a(assert.o)
 .debug_aranges
                0x0000000000000240       0x30 /home/rex/devel/optee/optee_os/out/arm/export-ta_arm64/lib/libutils.a(bget_malloc.o)
 .debug_aranges
                0x0000000000000270       0x30 /home/rex/devel/optee/optee_os/out/arm/export-ta_arm64/lib/libutils.a(snprintf.o)
 .debug_aranges
                0x00000000000002a0       0x30 /home/rex/devel/optee/optee_os/out/arm/export-ta_arm64/lib/libutils.a(memcmp.o)
 .debug_aranges
                0x00000000000002d0       0x30 /home/rex/devel/optee/optee_os/out/arm/export-ta_arm64/lib/libutils.a(memcpy.o)
 .debug_aranges
                0x0000000000000300       0x30 /home/rex/devel/optee/optee_os/out/arm/export-ta_arm64/lib/libutils.a(memmove.o)
 .debug_aranges
                0x0000000000000330       0x30 /home/rex/devel/optee/optee_os/out/arm/export-ta_arm64/lib/libutils.a(memset.o)
 .debug_aranges
                0x0000000000000360       0x30 /home/rex/devel/optee/optee_os/out/arm/export-ta_arm64/lib/libutils.a(strlen.o)
 .debug_aranges
                0x0000000000000390       0x30 /home/rex/devel/optee/optee_os/out/arm/export-ta_arm64/lib/libutils.a(snprintk.o)
 .debug_aranges
                0x00000000000003c0       0x30 /home/rex/devel/optee/optee_os/out/arm/export-ta_arm64/lib/libutils.a(strlcpy.o)
 .debug_aranges
                0x00000000000003f0       0x30 /home/rex/devel/optee/optee_os/out/arm/export-ta_arm64/lib/libutils.a(trace.o)
 .debug_aranges
                0x0000000000000420       0x30 /home/rex/devel/optee/optee_os/out/arm/export-ta_arm64/lib/libutils.a(memchr.o)
 .debug_aranges
                0x0000000000000450       0x30 /home/rex/devel/optee/optee_os/out/arm/export-ta_arm64/lib/libmpa.a(mpa_misc.o)
 .debug_aranges
                0x0000000000000480       0x30 /home/rex/devel/optee/optee_os/out/arm/export-ta_arm64/lib/libmpa.a(mpa_montgomery.o)
 .debug_aranges
                0x00000000000004b0       0x30 /home/rex/devel/optee/optee_os/out/arm/export-ta_arm64/lib/libmpa.a(mpa_primetest.o)
 .debug_aranges
                0x00000000000004e0       0x30 /home/rex/devel/optee/optee_os/out/arm/export-ta_arm64/lib/libmpa.a(mpa_conv.o)
 .debug_aranges
                0x0000000000000510       0x30 /home/rex/devel/optee/optee_os/out/arm/export-ta_arm64/lib/libmpa.a(mpa_div.o)
 .debug_aranges
                0x0000000000000540       0x30 /home/rex/devel/optee/optee_os/out/arm/export-ta_arm64/lib/libmpa.a(mpa_gcd.o)
 .debug_aranges
                0x0000000000000570       0x30 /home/rex/devel/optee/optee_os/out/arm/export-ta_arm64/lib/libmpa.a(mpa_mem_static.o)
 .debug_aranges
                0x00000000000005a0       0x30 /home/rex/devel/optee/optee_os/out/arm/export-ta_arm64/lib/libmpa.a(mpa_mul.o)
 .debug_aranges
                0x00000000000005d0       0x30 /home/rex/devel/optee/optee_os/out/arm/export-ta_arm64/lib/libmpa.a(mpa_random.o)
 .debug_aranges
                0x0000000000000600       0x30 /home/rex/devel/optee/optee_os/out/arm/export-ta_arm64/lib/libmpa.a(mpa_shift.o)
 .debug_aranges
                0x0000000000000630       0x30 /home/rex/devel/optee/optee_os/out/arm/export-ta_arm64/lib/libmpa.a(mpa_addsub.o)
 .debug_aranges
                0x0000000000000660       0x30 /home/rex/devel/optee/optee_os/out/arm/export-ta_arm64/lib/libmpa.a(mpa_cmp.o)
 .debug_aranges
                0x0000000000000690       0x30 /home/rex/devel/optee/optee_os/out/arm/export-ta_arm64/lib/libmpa.a(mpa_expmod.o)
 .debug_aranges
                0x00000000000006c0       0x30 /home/rex/devel/optee/optee_os/out/arm/export-ta_arm64/lib/libmpa.a(mpa_init.o)
 .debug_aranges
                0x00000000000006f0       0x30 /home/rex/devel/optee/optee_os/out/arm/export-ta_arm64/lib/libmpa.a(mpa_io.o)
 .debug_aranges
                0x0000000000000720       0x30 /home/rex/devel/optee/optee_os/out/arm/export-ta_arm64/lib/libmpa.a(mpa_modulus.o)

.debug_line     0x0000000000000000     0x3caf
 .debug_line    0x0000000000000000       0xd3 ./hello_world_ta.o
 .debug_line    0x00000000000000d3      0x15c ./user_ta_header.o
 .debug_line    0x000000000000022f      0x22f /home/rex/devel/optee/optee_os/out/arm/export-ta_arm64/lib/libutee.a(user_ta_entry.o)
 .debug_line    0x000000000000045e       0xa3 /home/rex/devel/optee/optee_os/out/arm/export-ta_arm64/lib/libutee.a(utee_syscalls_a64.o)
 .debug_line    0x0000000000000501       0x5b /home/rex/devel/optee/optee_os/out/arm/export-ta_arm64/lib/libutee.a(gprof_a64.o)
 .debug_line    0x000000000000055c      0x274 /home/rex/devel/optee/optee_os/out/arm/export-ta_arm64/lib/libutee.a(tee_api_arith.o)
 .debug_line    0x00000000000007d0      0x23c /home/rex/devel/optee/optee_os/out/arm/export-ta_arm64/lib/libutee.a(tee_api.o)
 .debug_line    0x0000000000000a0c       0xc3 /home/rex/devel/optee/optee_os/out/arm/export-ta_arm64/lib/libutee.a(tee_api_panic.o)
 .debug_line    0x0000000000000acf      0x141 /home/rex/devel/optee/optee_os/out/arm/export-ta_arm64/lib/libutee.a(utee_misc.o)
 .debug_line    0x0000000000000c10      0x213 /home/rex/devel/optee/optee_os/out/arm/export-ta_arm64/lib/libutee.a(tee_user_mem.o)
 .debug_line    0x0000000000000e23       0xfe /home/rex/devel/optee/optee_os/out/arm/export-ta_arm64/lib/libutee.a(trace_ext.o)
 .debug_line    0x0000000000000f21       0x70 /home/rex/devel/optee/optee_os/out/arm/export-ta_arm64/lib/libutee.a(assert.o)
 .debug_line    0x0000000000000f91      0x4a8 /home/rex/devel/optee/optee_os/out/arm/export-ta_arm64/lib/libutils.a(bget_malloc.o)
 .debug_line    0x0000000000001439       0xcf /home/rex/devel/optee/optee_os/out/arm/export-ta_arm64/lib/libutils.a(snprintf.o)
 .debug_line    0x0000000000001508       0xd2 /home/rex/devel/optee/optee_os/out/arm/export-ta_arm64/lib/libutils.a(memcmp.o)
 .debug_line    0x00000000000015da       0xd5 /home/rex/devel/optee/optee_os/out/arm/export-ta_arm64/lib/libutils.a(memcpy.o)
 .debug_line    0x00000000000016af       0xe6 /home/rex/devel/optee/optee_os/out/arm/export-ta_arm64/lib/libutils.a(memmove.o)
 .debug_line    0x0000000000001795       0xe1 /home/rex/devel/optee/optee_os/out/arm/export-ta_arm64/lib/libutils.a(memset.o)
 .debug_line    0x0000000000001876       0xc3 /home/rex/devel/optee/optee_os/out/arm/export-ta_arm64/lib/libutils.a(strlen.o)
 .debug_line    0x0000000000001939      0x4b5 /home/rex/devel/optee/optee_os/out/arm/export-ta_arm64/lib/libutils.a(snprintk.o)
 .debug_line    0x0000000000001dee       0xc6 /home/rex/devel/optee/optee_os/out/arm/export-ta_arm64/lib/libutils.a(strlcpy.o)
 .debug_line    0x0000000000001eb4      0x15c /home/rex/devel/optee/optee_os/out/arm/export-ta_arm64/lib/libutils.a(trace.o)
 .debug_line    0x0000000000002010       0xe2 /home/rex/devel/optee/optee_os/out/arm/export-ta_arm64/lib/libutils.a(memchr.o)
 .debug_line    0x00000000000020f2      0x100 /home/rex/devel/optee/optee_os/out/arm/export-ta_arm64/lib/libmpa.a(mpa_misc.o)
 .debug_line    0x00000000000021f2      0x1bf /home/rex/devel/optee/optee_os/out/arm/export-ta_arm64/lib/libmpa.a(mpa_montgomery.o)
 .debug_line    0x00000000000023b1      0x174 /home/rex/devel/optee/optee_os/out/arm/export-ta_arm64/lib/libmpa.a(mpa_primetest.o)
 .debug_line    0x0000000000002525      0x12d /home/rex/devel/optee/optee_os/out/arm/export-ta_arm64/lib/libmpa.a(mpa_conv.o)
 .debug_line    0x0000000000002652      0x374 /home/rex/devel/optee/optee_os/out/arm/export-ta_arm64/lib/libmpa.a(mpa_div.o)
 .debug_line    0x00000000000029c6      0x2b3 /home/rex/devel/optee/optee_os/out/arm/export-ta_arm64/lib/libmpa.a(mpa_gcd.o)
 .debug_line    0x0000000000002c79      0x19e /home/rex/devel/optee/optee_os/out/arm/export-ta_arm64/lib/libmpa.a(mpa_mem_static.o)
 .debug_line    0x0000000000002e17      0x1aa /home/rex/devel/optee/optee_os/out/arm/export-ta_arm64/lib/libmpa.a(mpa_mul.o)
 .debug_line    0x0000000000002fc1      0x167 /home/rex/devel/optee/optee_os/out/arm/export-ta_arm64/lib/libmpa.a(mpa_random.o)
 .debug_line    0x0000000000003128      0x199 /home/rex/devel/optee/optee_os/out/arm/export-ta_arm64/lib/libmpa.a(mpa_shift.o)
 .debug_line    0x00000000000032c1      0x2b2 /home/rex/devel/optee/optee_os/out/arm/export-ta_arm64/lib/libmpa.a(mpa_addsub.o)
 .debug_line    0x0000000000003573      0x181 /home/rex/devel/optee/optee_os/out/arm/export-ta_arm64/lib/libmpa.a(mpa_cmp.o)
 .debug_line    0x00000000000036f4       0xed /home/rex/devel/optee/optee_os/out/arm/export-ta_arm64/lib/libmpa.a(mpa_expmod.o)
 .debug_line    0x00000000000037e1       0xcc /home/rex/devel/optee/optee_os/out/arm/export-ta_arm64/lib/libmpa.a(mpa_init.o)
 .debug_line    0x00000000000038ad      0x313 /home/rex/devel/optee/optee_os/out/arm/export-ta_arm64/lib/libmpa.a(mpa_io.o)
 .debug_line    0x0000000000003bc0       0xef /home/rex/devel/optee/optee_os/out/arm/export-ta_arm64/lib/libmpa.a(mpa_modulus.o)

.debug_str      0x0000000000000000     0x243c
 .debug_str     0x0000000000000000      0x1cf ./hello_world_ta.o
                                        0x229 (size before relaxing)
 .debug_str     0x00000000000001cf      0x1fc ./user_ta_header.o
                                        0x36a (size before relaxing)
 .debug_str     0x00000000000003cb      0x218 /home/rex/devel/optee/optee_os/out/arm/export-ta_arm64/lib/libutee.a(user_ta_entry.o)
                                        0x4b7 (size before relaxing)
 .debug_str     0x00000000000005e3      0x512 /home/rex/devel/optee/optee_os/out/arm/export-ta_arm64/lib/libutee.a(tee_api_arith.o)
                                        0x6c0 (size before relaxing)
 .debug_str     0x0000000000000af5      0x374 /home/rex/devel/optee/optee_os/out/arm/export-ta_arm64/lib/libutee.a(tee_api.o)
                                        0x685 (size before relaxing)
 .debug_str     0x0000000000000e69       0x32 /home/rex/devel/optee/optee_os/out/arm/export-ta_arm64/lib/libutee.a(tee_api_panic.o)
                                        0x16e (size before relaxing)
 .debug_str     0x0000000000000e9b       0x72 /home/rex/devel/optee/optee_os/out/arm/export-ta_arm64/lib/libutee.a(utee_misc.o)
                                        0x1c9 (size before relaxing)
 .debug_str     0x0000000000000f0d      0x192 /home/rex/devel/optee/optee_os/out/arm/export-ta_arm64/lib/libutee.a(tee_user_mem.o)
                                        0x349 (size before relaxing)
 .debug_str     0x000000000000109f       0x9d /home/rex/devel/optee/optee_os/out/arm/export-ta_arm64/lib/libutee.a(trace_ext.o)
                                        0x1d6 (size before relaxing)
 .debug_str     0x000000000000113c       0x39 /home/rex/devel/optee/optee_os/out/arm/export-ta_arm64/lib/libutee.a(assert.o)
                                        0x161 (size before relaxing)
 .debug_str     0x0000000000001175      0x3f1 /home/rex/devel/optee/optee_os/out/arm/export-ta_arm64/lib/libutils.a(bget_malloc.o)
                                        0x59a (size before relaxing)
 .debug_str     0x0000000000001566       0x24 /home/rex/devel/optee/optee_os/out/arm/export-ta_arm64/lib/libutils.a(snprintf.o)
                                        0x14d (size before relaxing)
 .debug_str     0x000000000000158a       0xa7 /home/rex/devel/optee/optee_os/out/arm/export-ta_arm64/lib/libutils.a(memcmp.o)
                                        0x103 (size before relaxing)
 .debug_str     0x0000000000001631       0x50 /home/rex/devel/optee/optee_os/out/arm/export-ta_arm64/lib/libutils.a(memcpy.o)
                                        0x121 (size before relaxing)
 .debug_str     0x0000000000001681       0x44 /home/rex/devel/optee/optee_os/out/arm/export-ta_arm64/lib/libutils.a(memmove.o)
                                        0x12d (size before relaxing)
 .debug_str     0x00000000000016c5       0x36 /home/rex/devel/optee/optee_os/out/arm/export-ta_arm64/lib/libutils.a(memset.o)
                                        0x10e (size before relaxing)
 .debug_str     0x00000000000016fb       0x29 /home/rex/devel/optee/optee_os/out/arm/export-ta_arm64/lib/libutils.a(strlen.o)
                                        0x10d (size before relaxing)
 .debug_str     0x0000000000001724       0xc6 /home/rex/devel/optee/optee_os/out/arm/export-ta_arm64/lib/libutils.a(snprintk.o)
                                        0x277 (size before relaxing)
 .debug_str     0x00000000000017ea       0x23 /home/rex/devel/optee/optee_os/out/arm/export-ta_arm64/lib/libutils.a(strlcpy.o)
                                        0x11c (size before relaxing)
 .debug_str     0x000000000000180d       0x87 /home/rex/devel/optee/optee_os/out/arm/export-ta_arm64/lib/libutils.a(trace.o)
                                        0x210 (size before relaxing)
 .debug_str     0x0000000000001894       0x2e /home/rex/devel/optee/optee_os/out/arm/export-ta_arm64/lib/libutils.a(memchr.o)
                                        0x11d (size before relaxing)
 .debug_str     0x00000000000018c2       0xd1 /home/rex/devel/optee/optee_os/out/arm/export-ta_arm64/lib/libmpa.a(mpa_misc.o)
                                        0x260 (size before relaxing)
 .debug_str     0x0000000000001993       0xd8 /home/rex/devel/optee/optee_os/out/arm/export-ta_arm64/lib/libmpa.a(mpa_montgomery.o)
                                        0x34e (size before relaxing)
 .debug_str     0x0000000000001a6b      0x136 /home/rex/devel/optee/optee_os/out/arm/export-ta_arm64/lib/libmpa.a(mpa_primetest.o)
                                        0x3af (size before relaxing)
 .debug_str     0x0000000000001ba1       0x52 /home/rex/devel/optee/optee_os/out/arm/export-ta_arm64/lib/libmpa.a(mpa_conv.o)
                                        0x217 (size before relaxing)
 .debug_str     0x0000000000001bf3       0xf4 /home/rex/devel/optee/optee_os/out/arm/export-ta_arm64/lib/libmpa.a(mpa_div.o)
                                        0x34f (size before relaxing)
 .debug_str     0x0000000000001ce7       0x9c /home/rex/devel/optee/optee_os/out/arm/export-ta_arm64/lib/libmpa.a(mpa_gcd.o)
                                        0x2f8 (size before relaxing)
 .debug_str     0x0000000000001d83      0x10f /home/rex/devel/optee/optee_os/out/arm/export-ta_arm64/lib/libmpa.a(mpa_mem_static.o)
                                        0x390 (size before relaxing)
 .debug_str     0x0000000000001e92       0x81 /home/rex/devel/optee/optee_os/out/arm/export-ta_arm64/lib/libmpa.a(mpa_mul.o)
                                        0x2f3 (size before relaxing)
 .debug_str     0x0000000000001f13       0x83 /home/rex/devel/optee/optee_os/out/arm/export-ta_arm64/lib/libmpa.a(mpa_random.o)
                                        0x276 (size before relaxing)
 .debug_str     0x0000000000001f96       0x81 /home/rex/devel/optee/optee_os/out/arm/export-ta_arm64/lib/libmpa.a(mpa_shift.o)
                                        0x246 (size before relaxing)
 .debug_str     0x0000000000002017      0x124 /home/rex/devel/optee/optee_os/out/arm/export-ta_arm64/lib/libmpa.a(mpa_addsub.o)
                                        0x3b2 (size before relaxing)
 .debug_str     0x000000000000213b       0x77 /home/rex/devel/optee/optee_os/out/arm/export-ta_arm64/lib/libmpa.a(mpa_cmp.o)
                                        0x24a (size before relaxing)
 .debug_str     0x00000000000021b2       0x4e /home/rex/devel/optee/optee_os/out/arm/export-ta_arm64/lib/libmpa.a(mpa_expmod.o)
                                        0x2c7 (size before relaxing)
 .debug_str     0x0000000000002200       0x42 /home/rex/devel/optee/optee_os/out/arm/export-ta_arm64/lib/libmpa.a(mpa_init.o)
                                        0x251 (size before relaxing)
 .debug_str     0x0000000000002242      0x1a9 /home/rex/devel/optee/optee_os/out/arm/export-ta_arm64/lib/libmpa.a(mpa_io.o)
                                        0x3f2 (size before relaxing)
 .debug_str     0x00000000000023eb       0x51 /home/rex/devel/optee/optee_os/out/arm/export-ta_arm64/lib/libmpa.a(mpa_modulus.o)
                                        0x2b1 (size before relaxing)

.comment        0x0000000000000000       0x2d
 .comment       0x0000000000000000       0x2d ./hello_world_ta.o
                                         0x2e (size before relaxing)
 .comment       0x000000000000002d       0x2e ./user_ta_header.o
 .comment       0x000000000000002d       0x2e /home/rex/devel/optee/optee_os/out/arm/export-ta_arm64/lib/libutee.a(user_ta_entry.o)
 .comment       0x000000000000002d       0x2e /home/rex/devel/optee/optee_os/out/arm/export-ta_arm64/lib/libutee.a(tee_api_arith.o)
 .comment       0x000000000000002d       0x2e /home/rex/devel/optee/optee_os/out/arm/export-ta_arm64/lib/libutee.a(tee_api.o)
 .comment       0x000000000000002d       0x2e /home/rex/devel/optee/optee_os/out/arm/export-ta_arm64/lib/libutee.a(tee_api_panic.o)
 .comment       0x000000000000002d       0x2e /home/rex/devel/optee/optee_os/out/arm/export-ta_arm64/lib/libutee.a(utee_misc.o)
 .comment       0x000000000000002d       0x2e /home/rex/devel/optee/optee_os/out/arm/export-ta_arm64/lib/libutee.a(tee_user_mem.o)
 .comment       0x000000000000002d       0x2e /home/rex/devel/optee/optee_os/out/arm/export-ta_arm64/lib/libutee.a(trace_ext.o)
 .comment       0x000000000000002d       0x2e /home/rex/devel/optee/optee_os/out/arm/export-ta_arm64/lib/libutee.a(assert.o)
 .comment       0x000000000000002d       0x2e /home/rex/devel/optee/optee_os/out/arm/export-ta_arm64/lib/libutils.a(bget_malloc.o)
 .comment       0x000000000000002d       0x2e /home/rex/devel/optee/optee_os/out/arm/export-ta_arm64/lib/libutils.a(snprintf.o)
 .comment       0x000000000000002d       0x2e /home/rex/devel/optee/optee_os/out/arm/export-ta_arm64/lib/libutils.a(memcmp.o)
 .comment       0x000000000000002d       0x2e /home/rex/devel/optee/optee_os/out/arm/export-ta_arm64/lib/libutils.a(memcpy.o)
 .comment       0x000000000000002d       0x2e /home/rex/devel/optee/optee_os/out/arm/export-ta_arm64/lib/libutils.a(memmove.o)
 .comment       0x000000000000002d       0x2e /home/rex/devel/optee/optee_os/out/arm/export-ta_arm64/lib/libutils.a(memset.o)
 .comment       0x000000000000002d       0x2e /home/rex/devel/optee/optee_os/out/arm/export-ta_arm64/lib/libutils.a(strlen.o)
 .comment       0x000000000000002d       0x2e /home/rex/devel/optee/optee_os/out/arm/export-ta_arm64/lib/libutils.a(snprintk.o)
 .comment       0x000000000000002d       0x2e /home/rex/devel/optee/optee_os/out/arm/export-ta_arm64/lib/libutils.a(strlcpy.o)
 .comment       0x000000000000002d       0x2e /home/rex/devel/optee/optee_os/out/arm/export-ta_arm64/lib/libutils.a(trace.o)
 .comment       0x000000000000002d       0x2e /home/rex/devel/optee/optee_os/out/arm/export-ta_arm64/lib/libutils.a(memchr.o)
 .comment       0x000000000000002d       0x2e /home/rex/devel/optee/optee_os/out/arm/export-ta_arm64/lib/libmpa.a(mpa_misc.o)
 .comment       0x000000000000002d       0x2e /home/rex/devel/optee/optee_os/out/arm/export-ta_arm64/lib/libmpa.a(mpa_montgomery.o)
 .comment       0x000000000000002d       0x2e /home/rex/devel/optee/optee_os/out/arm/export-ta_arm64/lib/libmpa.a(mpa_primetest.o)
 .comment       0x000000000000002d       0x2e /home/rex/devel/optee/optee_os/out/arm/export-ta_arm64/lib/libmpa.a(mpa_conv.o)
 .comment       0x000000000000002d       0x2e /home/rex/devel/optee/optee_os/out/arm/export-ta_arm64/lib/libmpa.a(mpa_div.o)
 .comment       0x000000000000002d       0x2e /home/rex/devel/optee/optee_os/out/arm/export-ta_arm64/lib/libmpa.a(mpa_gcd.o)
 .comment       0x000000000000002d       0x2e /home/rex/devel/optee/optee_os/out/arm/export-ta_arm64/lib/libmpa.a(mpa_mem_static.o)
 .comment       0x000000000000002d       0x2e /home/rex/devel/optee/optee_os/out/arm/export-ta_arm64/lib/libmpa.a(mpa_mul.o)
 .comment       0x000000000000002d       0x2e /home/rex/devel/optee/optee_os/out/arm/export-ta_arm64/lib/libmpa.a(mpa_random.o)
 .comment       0x000000000000002d       0x2e /home/rex/devel/optee/optee_os/out/arm/export-ta_arm64/lib/libmpa.a(mpa_shift.o)
 .comment       0x000000000000002d       0x2e /home/rex/devel/optee/optee_os/out/arm/export-ta_arm64/lib/libmpa.a(mpa_addsub.o)
 .comment       0x000000000000002d       0x2e /home/rex/devel/optee/optee_os/out/arm/export-ta_arm64/lib/libmpa.a(mpa_cmp.o)
 .comment       0x000000000000002d       0x2e /home/rex/devel/optee/optee_os/out/arm/export-ta_arm64/lib/libmpa.a(mpa_expmod.o)
 .comment       0x000000000000002d       0x2e /home/rex/devel/optee/optee_os/out/arm/export-ta_arm64/lib/libmpa.a(mpa_init.o)
 .comment       0x000000000000002d       0x2e /home/rex/devel/optee/optee_os/out/arm/export-ta_arm64/lib/libmpa.a(mpa_io.o)
 .comment       0x000000000000002d       0x2e /home/rex/devel/optee/optee_os/out/arm/export-ta_arm64/lib/libmpa.a(mpa_modulus.o)

.note.GNU-stack
                0x0000000000000000        0x0
 .note.GNU-stack
                0x0000000000000000        0x0 ./hello_world_ta.o
 .note.GNU-stack
                0x0000000000000000        0x0 ./user_ta_header.o
 .note.GNU-stack
                0x0000000000000000        0x0 /home/rex/devel/optee/optee_os/out/arm/export-ta_arm64/lib/libutee.a(user_ta_entry.o)
 .note.GNU-stack
                0x0000000000000000        0x0 /home/rex/devel/optee/optee_os/out/arm/export-ta_arm64/lib/libutee.a(tee_api_arith.o)
 .note.GNU-stack
                0x0000000000000000        0x0 /home/rex/devel/optee/optee_os/out/arm/export-ta_arm64/lib/libutee.a(tee_api.o)
 .note.GNU-stack
                0x0000000000000000        0x0 /home/rex/devel/optee/optee_os/out/arm/export-ta_arm64/lib/libutee.a(tee_api_panic.o)
 .note.GNU-stack
                0x0000000000000000        0x0 /home/rex/devel/optee/optee_os/out/arm/export-ta_arm64/lib/libutee.a(utee_misc.o)
 .note.GNU-stack
                0x0000000000000000        0x0 /home/rex/devel/optee/optee_os/out/arm/export-ta_arm64/lib/libutee.a(tee_user_mem.o)
 .note.GNU-stack
                0x0000000000000000        0x0 /home/rex/devel/optee/optee_os/out/arm/export-ta_arm64/lib/libutee.a(trace_ext.o)
 .note.GNU-stack
                0x0000000000000000        0x0 /home/rex/devel/optee/optee_os/out/arm/export-ta_arm64/lib/libutee.a(assert.o)
 .note.GNU-stack
                0x0000000000000000        0x0 /home/rex/devel/optee/optee_os/out/arm/export-ta_arm64/lib/libutils.a(bget_malloc.o)
 .note.GNU-stack
                0x0000000000000000        0x0 /home/rex/devel/optee/optee_os/out/arm/export-ta_arm64/lib/libutils.a(snprintf.o)
 .note.GNU-stack
                0x0000000000000000        0x0 /home/rex/devel/optee/optee_os/out/arm/export-ta_arm64/lib/libutils.a(memcmp.o)
 .note.GNU-stack
                0x0000000000000000        0x0 /home/rex/devel/optee/optee_os/out/arm/export-ta_arm64/lib/libutils.a(memcpy.o)
 .note.GNU-stack
                0x0000000000000000        0x0 /home/rex/devel/optee/optee_os/out/arm/export-ta_arm64/lib/libutils.a(memmove.o)
 .note.GNU-stack
                0x0000000000000000        0x0 /home/rex/devel/optee/optee_os/out/arm/export-ta_arm64/lib/libutils.a(memset.o)
 .note.GNU-stack
                0x0000000000000000        0x0 /home/rex/devel/optee/optee_os/out/arm/export-ta_arm64/lib/libutils.a(strlen.o)
 .note.GNU-stack
                0x0000000000000000        0x0 /home/rex/devel/optee/optee_os/out/arm/export-ta_arm64/lib/libutils.a(snprintk.o)
 .note.GNU-stack
                0x0000000000000000        0x0 /home/rex/devel/optee/optee_os/out/arm/export-ta_arm64/lib/libutils.a(strlcpy.o)
 .note.GNU-stack
                0x0000000000000000        0x0 /home/rex/devel/optee/optee_os/out/arm/export-ta_arm64/lib/libutils.a(trace.o)
 .note.GNU-stack
                0x0000000000000000        0x0 /home/rex/devel/optee/optee_os/out/arm/export-ta_arm64/lib/libutils.a(memchr.o)
 .note.GNU-stack
                0x0000000000000000        0x0 /home/rex/devel/optee/optee_os/out/arm/export-ta_arm64/lib/libmpa.a(mpa_misc.o)
 .note.GNU-stack
                0x0000000000000000        0x0 /home/rex/devel/optee/optee_os/out/arm/export-ta_arm64/lib/libmpa.a(mpa_montgomery.o)
 .note.GNU-stack
                0x0000000000000000        0x0 /home/rex/devel/optee/optee_os/out/arm/export-ta_arm64/lib/libmpa.a(mpa_primetest.o)
 .note.GNU-stack
                0x0000000000000000        0x0 /home/rex/devel/optee/optee_os/out/arm/export-ta_arm64/lib/libmpa.a(mpa_conv.o)
 .note.GNU-stack
                0x0000000000000000        0x0 /home/rex/devel/optee/optee_os/out/arm/export-ta_arm64/lib/libmpa.a(mpa_div.o)
 .note.GNU-stack
                0x0000000000000000        0x0 /home/rex/devel/optee/optee_os/out/arm/export-ta_arm64/lib/libmpa.a(mpa_gcd.o)
 .note.GNU-stack
                0x0000000000000000        0x0 /home/rex/devel/optee/optee_os/out/arm/export-ta_arm64/lib/libmpa.a(mpa_mem_static.o)
 .note.GNU-stack
                0x0000000000000000        0x0 /home/rex/devel/optee/optee_os/out/arm/export-ta_arm64/lib/libmpa.a(mpa_mul.o)
 .note.GNU-stack
                0x0000000000000000        0x0 /home/rex/devel/optee/optee_os/out/arm/export-ta_arm64/lib/libmpa.a(mpa_random.o)
 .note.GNU-stack
                0x0000000000000000        0x0 /home/rex/devel/optee/optee_os/out/arm/export-ta_arm64/lib/libmpa.a(mpa_shift.o)
 .note.GNU-stack
                0x0000000000000000        0x0 /home/rex/devel/optee/optee_os/out/arm/export-ta_arm64/lib/libmpa.a(mpa_addsub.o)
 .note.GNU-stack
                0x0000000000000000        0x0 /home/rex/devel/optee/optee_os/out/arm/export-ta_arm64/lib/libmpa.a(mpa_cmp.o)
 .note.GNU-stack
                0x0000000000000000        0x0 /home/rex/devel/optee/optee_os/out/arm/export-ta_arm64/lib/libmpa.a(mpa_expmod.o)
 .note.GNU-stack
                0x0000000000000000        0x0 /home/rex/devel/optee/optee_os/out/arm/export-ta_arm64/lib/libmpa.a(mpa_init.o)
 .note.GNU-stack
                0x0000000000000000        0x0 /home/rex/devel/optee/optee_os/out/arm/export-ta_arm64/lib/libmpa.a(mpa_io.o)
 .note.GNU-stack
                0x0000000000000000        0x0 /home/rex/devel/optee/optee_os/out/arm/export-ta_arm64/lib/libmpa.a(mpa_modulus.o)

.debug_frame    0x0000000000000000     0x29b0
 .debug_frame   0x0000000000000000       0xf8 ./hello_world_ta.o
 .debug_frame   0x00000000000000f8       0x28 ./user_ta_header.o
 .debug_frame   0x0000000000000120      0x190 /home/rex/devel/optee/optee_os/out/arm/export-ta_arm64/lib/libutee.a(user_ta_entry.o)
 .debug_frame   0x00000000000002b0      0x550 /home/rex/devel/optee/optee_os/out/arm/export-ta_arm64/lib/libutee.a(tee_api_arith.o)
 .debug_frame   0x0000000000000800      0x3e0 /home/rex/devel/optee/optee_os/out/arm/export-ta_arm64/lib/libutee.a(tee_api.o)
 .debug_frame   0x0000000000000be0       0x60 /home/rex/devel/optee/optee_os/out/arm/export-ta_arm64/lib/libutee.a(tee_api_panic.o)
 .debug_frame   0x0000000000000c40       0xf0 /home/rex/devel/optee/optee_os/out/arm/export-ta_arm64/lib/libutee.a(utee_misc.o)
 .debug_frame   0x0000000000000d30      0x2a8 /home/rex/devel/optee/optee_os/out/arm/export-ta_arm64/lib/libutee.a(tee_user_mem.o)
 .debug_frame   0x0000000000000fd8       0xa8 /home/rex/devel/optee/optee_os/out/arm/export-ta_arm64/lib/libutee.a(trace_ext.o)
 .debug_frame   0x0000000000001080       0x68 /home/rex/devel/optee/optee_os/out/arm/export-ta_arm64/lib/libutee.a(assert.o)
 .debug_frame   0x00000000000010e8      0x5c0 /home/rex/devel/optee/optee_os/out/arm/export-ta_arm64/lib/libutils.a(bget_malloc.o)
 .debug_frame   0x00000000000016a8       0x70 /home/rex/devel/optee/optee_os/out/arm/export-ta_arm64/lib/libutils.a(snprintf.o)
 .debug_frame   0x0000000000001718       0x30 /home/rex/devel/optee/optee_os/out/arm/export-ta_arm64/lib/libutils.a(memcmp.o)
 .debug_frame   0x0000000000001748       0x30 /home/rex/devel/optee/optee_os/out/arm/export-ta_arm64/lib/libutils.a(memcpy.o)
 .debug_frame   0x0000000000001778       0x30 /home/rex/devel/optee/optee_os/out/arm/export-ta_arm64/lib/libutils.a(memmove.o)
 .debug_frame   0x00000000000017a8       0x30 /home/rex/devel/optee/optee_os/out/arm/export-ta_arm64/lib/libutils.a(memset.o)
 .debug_frame   0x00000000000017d8       0x30 /home/rex/devel/optee/optee_os/out/arm/export-ta_arm64/lib/libutils.a(strlen.o)
 .debug_frame   0x0000000000001808      0x100 /home/rex/devel/optee/optee_os/out/arm/export-ta_arm64/lib/libutils.a(snprintk.o)
 .debug_frame   0x0000000000001908       0x38 /home/rex/devel/optee/optee_os/out/arm/export-ta_arm64/lib/libutils.a(strlcpy.o)
 .debug_frame   0x0000000000001940       0xb8 /home/rex/devel/optee/optee_os/out/arm/export-ta_arm64/lib/libutils.a(trace.o)
 .debug_frame   0x00000000000019f8       0x30 /home/rex/devel/optee/optee_os/out/arm/export-ta_arm64/lib/libutils.a(memchr.o)
 .debug_frame   0x0000000000001a28      0x148 /home/rex/devel/optee/optee_os/out/arm/export-ta_arm64/lib/libmpa.a(mpa_misc.o)
 .debug_frame   0x0000000000001b70       0xd8 /home/rex/devel/optee/optee_os/out/arm/export-ta_arm64/lib/libmpa.a(mpa_montgomery.o)
 .debug_frame   0x0000000000001c48       0xd8 /home/rex/devel/optee/optee_os/out/arm/export-ta_arm64/lib/libmpa.a(mpa_primetest.o)
 .debug_frame   0x0000000000001d20       0x90 /home/rex/devel/optee/optee_os/out/arm/export-ta_arm64/lib/libmpa.a(mpa_conv.o)
 .debug_frame   0x0000000000001db0      0x118 /home/rex/devel/optee/optee_os/out/arm/export-ta_arm64/lib/libmpa.a(mpa_div.o)
 .debug_frame   0x0000000000001ec8       0xf0 /home/rex/devel/optee/optee_os/out/arm/export-ta_arm64/lib/libmpa.a(mpa_gcd.o)
 .debug_frame   0x0000000000001fb8       0xd8 /home/rex/devel/optee/optee_os/out/arm/export-ta_arm64/lib/libmpa.a(mpa_mem_static.o)
 .debug_frame   0x0000000000002090      0x108 /home/rex/devel/optee/optee_os/out/arm/export-ta_arm64/lib/libmpa.a(mpa_mul.o)
 .debug_frame   0x0000000000002198       0xb0 /home/rex/devel/optee/optee_os/out/arm/export-ta_arm64/lib/libmpa.a(mpa_random.o)
 .debug_frame   0x0000000000002248       0xd0 /home/rex/devel/optee/optee_os/out/arm/export-ta_arm64/lib/libmpa.a(mpa_shift.o)
 .debug_frame   0x0000000000002318      0x1e8 /home/rex/devel/optee/optee_os/out/arm/export-ta_arm64/lib/libmpa.a(mpa_addsub.o)
 .debug_frame   0x0000000000002500       0xc8 /home/rex/devel/optee/optee_os/out/arm/export-ta_arm64/lib/libmpa.a(mpa_cmp.o)
 .debug_frame   0x00000000000025c8       0x40 /home/rex/devel/optee/optee_os/out/arm/export-ta_arm64/lib/libmpa.a(mpa_expmod.o)
 .debug_frame   0x0000000000002608       0x58 /home/rex/devel/optee/optee_os/out/arm/export-ta_arm64/lib/libmpa.a(mpa_init.o)
 .debug_frame   0x0000000000002660      0x270 /home/rex/devel/optee/optee_os/out/arm/export-ta_arm64/lib/libmpa.a(mpa_io.o)
 .debug_frame   0x00000000000028d0       0xe0 /home/rex/devel/optee/optee_os/out/arm/export-ta_arm64/lib/libmpa.a(mpa_modulus.o)
