Archive member included to satisfy reference by file (symbol)

/home/rex/devel/optee/optee_os/out/arm/export-ta_arm64/lib/libutee.a(user_ta_entry.o)
                              ./user_ta_header.o (__utee_entry)
/home/rex/devel/optee/optee_os/out/arm/export-ta_arm64/lib/libutee.a(utee_syscalls_a64.o)
                              /home/rex/devel/optee/optee_os/out/arm/export-ta_arm64/lib/libutee.a(user_ta_entry.o) (utee_return)
/home/rex/devel/optee/optee_os/out/arm/export-ta_arm64/lib/libutee.a(gprof_a64.o)
                              /home/rex/devel/optee/optee_os/out/arm/export-ta_arm64/lib/libutee.a(user_ta_entry.o) (__utee_mcount)
/home/rex/devel/optee/optee_os/out/arm/export-ta_arm64/lib/libutee.a(tee_api_arith.o)
                              /home/rex/devel/optee/optee_os/out/arm/export-ta_arm64/lib/libutee.a(user_ta_entry.o) (_TEE_MathAPI_Init)
/home/rex/devel/optee/optee_os/out/arm/export-ta_arm64/lib/libutee.a(tee_api.o)
                              /home/rex/devel/optee/optee_os/out/arm/export-ta_arm64/lib/libutee.a(user_ta_entry.o) (__utee_from_param)
/home/rex/devel/optee/optee_os/out/arm/export-ta_arm64/lib/libutee.a(tee_api_panic.o)
                              /home/rex/devel/optee/optee_os/out/arm/export-ta_arm64/lib/libutee.a(user_ta_entry.o) (__TEE_Panic)
/home/rex/devel/optee/optee_os/out/arm/export-ta_arm64/lib/libutee.a(utee_misc.o)
                              /home/rex/devel/optee/optee_os/out/arm/export-ta_arm64/lib/libutee.a(tee_api_arith.o) (get_rng_array)
/home/rex/devel/optee/optee_os/out/arm/export-ta_arm64/lib/libutee.a(tee_user_mem.o)
                              /home/rex/devel/optee/optee_os/out/arm/export-ta_arm64/lib/libutee.a(tee_api.o) (tee_user_mem_alloc)
/home/rex/devel/optee/optee_os/out/arm/export-ta_arm64/lib/libutee.a(trace_ext.o)
                              /home/rex/devel/optee/optee_os/out/arm/export-ta_arm64/lib/libutee.a(tee_api_arith.o) (printf)
/home/rex/devel/optee/optee_os/out/arm/export-ta_arm64/lib/libutee.a(assert.o)
                              /home/rex/devel/optee/optee_os/out/arm/export-ta_arm64/lib/libutee.a(tee_user_mem.o) (_assert_log)
/home/rex/devel/optee/optee_os/out/arm/export-ta_arm64/lib/libutils.a(bget_malloc.o)
                              /home/rex/devel/optee/optee_os/out/arm/export-ta_arm64/lib/libutee.a(utee_misc.o) (malloc)
/home/rex/devel/optee/optee_os/out/arm/export-ta_arm64/lib/libutils.a(snprintf.o)
                              /home/rex/devel/optee/optee_os/out/arm/export-ta_arm64/lib/libutee.a(trace_ext.o) (vsnprintf)
/home/rex/devel/optee/optee_os/out/arm/export-ta_arm64/lib/libutils.a(memcmp.o)
                              /home/rex/devel/optee/optee_os/out/arm/export-ta_arm64/lib/libutee.a(tee_api.o) (memcmp)
/home/rex/devel/optee/optee_os/out/arm/export-ta_arm64/lib/libutils.a(memcpy.o)
                              /home/rex/devel/optee/optee_os/out/arm/export-ta_arm64/lib/libutee.a(user_ta_entry.o) (memcpy)
/home/rex/devel/optee/optee_os/out/arm/export-ta_arm64/lib/libutils.a(memmove.o)
                              /home/rex/devel/optee/optee_os/out/arm/export-ta_arm64/lib/libutee.a(tee_api.o) (memmove)
/home/rex/devel/optee/optee_os/out/arm/export-ta_arm64/lib/libutils.a(memset.o)
                              /home/rex/devel/optee/optee_os/out/arm/export-ta_arm64/lib/libutee.a(user_ta_entry.o) (memset)
/home/rex/devel/optee/optee_os/out/arm/export-ta_arm64/lib/libutils.a(strlen.o)
                              /home/rex/devel/optee/optee_os/out/arm/export-ta_arm64/lib/libutee.a(trace_ext.o) (strlen)
/home/rex/devel/optee/optee_os/out/arm/export-ta_arm64/lib/libutils.a(snprintk.o)
                              /home/rex/devel/optee/optee_os/out/arm/export-ta_arm64/lib/libutils.a(snprintf.o) (__vsnprintf)
/home/rex/devel/optee/optee_os/out/arm/export-ta_arm64/lib/libutils.a(strlcpy.o)
                              /home/rex/devel/optee/optee_os/out/arm/export-ta_arm64/lib/libutee.a(trace_ext.o) (strlcpy)
/home/rex/devel/optee/optee_os/out/arm/export-ta_arm64/lib/libutils.a(trace.o)
                              /home/rex/devel/optee/optee_os/out/arm/export-ta_arm64/lib/libutee.a(user_ta_entry.o) (trace_set_level)
/home/rex/devel/optee/optee_os/out/arm/export-ta_arm64/lib/libutils.a(memchr.o)
                              /home/rex/devel/optee/optee_os/out/arm/export-ta_arm64/lib/libutils.a(snprintk.o) (memchr)
/home/rex/devel/optee/optee_os/out/arm/export-ta_arm64/lib/libmpa.a(mpa_misc.o)
                              /home/rex/devel/optee/optee_os/out/arm/export-ta_arm64/lib/libutee.a(tee_api_arith.o) (mpa_copy)
/home/rex/devel/optee/optee_os/out/arm/export-ta_arm64/lib/libmpa.a(mpa_montgomery.o)
                              /home/rex/devel/optee/optee_os/out/arm/export-ta_arm64/lib/libutee.a(tee_api_arith.o) (mpa_compute_fmm_context)
/home/rex/devel/optee/optee_os/out/arm/export-ta_arm64/lib/libmpa.a(mpa_primetest.o)
                              /home/rex/devel/optee/optee_os/out/arm/export-ta_arm64/lib/libutee.a(tee_api_arith.o) (mpa_is_prob_prime)
/home/rex/devel/optee/optee_os/out/arm/export-ta_arm64/lib/libmpa.a(mpa_conv.o)
                              /home/rex/devel/optee/optee_os/out/arm/export-ta_arm64/lib/libutee.a(tee_api_arith.o) (mpa_set_S32)
/home/rex/devel/optee/optee_os/out/arm/export-ta_arm64/lib/libmpa.a(mpa_div.o)
                              /home/rex/devel/optee/optee_os/out/arm/export-ta_arm64/lib/libutee.a(tee_api_arith.o) (mpa_div)
/home/rex/devel/optee/optee_os/out/arm/export-ta_arm64/lib/libmpa.a(mpa_gcd.o)
                              /home/rex/devel/optee/optee_os/out/arm/export-ta_arm64/lib/libutee.a(tee_api_arith.o) (mpa_gcd)
/home/rex/devel/optee/optee_os/out/arm/export-ta_arm64/lib/libmpa.a(mpa_mem_static.o)
                              /home/rex/devel/optee/optee_os/out/arm/export-ta_arm64/lib/libutee.a(tee_api_arith.o) (mpa_init_scratch_mem)
/home/rex/devel/optee/optee_os/out/arm/export-ta_arm64/lib/libmpa.a(mpa_mul.o)
                              /home/rex/devel/optee/optee_os/out/arm/export-ta_arm64/lib/libmpa.a(mpa_div.o) (__mpa_mul_add_word)
/home/rex/devel/optee/optee_os/out/arm/export-ta_arm64/lib/libmpa.a(mpa_random.o)
                              /home/rex/devel/optee/optee_os/out/arm/export-ta_arm64/lib/libutee.a(tee_api_arith.o) (mpa_set_random_generator)
/home/rex/devel/optee/optee_os/out/arm/export-ta_arm64/lib/libmpa.a(mpa_shift.o)
                              /home/rex/devel/optee/optee_os/out/arm/export-ta_arm64/lib/libmpa.a(mpa_div.o) (__mpa_shift_words_left)
/home/rex/devel/optee/optee_os/out/arm/export-ta_arm64/lib/libmpa.a(mpa_addsub.o)
                              /home/rex/devel/optee/optee_os/out/arm/export-ta_arm64/lib/libmpa.a(mpa_div.o) (__mpa_full_adder)
/home/rex/devel/optee/optee_os/out/arm/export-ta_arm64/lib/libmpa.a(mpa_cmp.o)
                              /home/rex/devel/optee/optee_os/out/arm/export-ta_arm64/lib/libmpa.a(mpa_montgomery.o) (__mpa_abs_cmp)
/home/rex/devel/optee/optee_os/out/arm/export-ta_arm64/lib/libmpa.a(mpa_expmod.o)
                              /home/rex/devel/optee/optee_os/out/arm/export-ta_arm64/lib/libmpa.a(mpa_primetest.o) (mpa_exp_mod)
/home/rex/devel/optee/optee_os/out/arm/export-ta_arm64/lib/libmpa.a(mpa_init.o)
                              /home/rex/devel/optee/optee_os/out/arm/export-ta_arm64/lib/libutee.a(tee_api_arith.o) (mpa_init_static)
/home/rex/devel/optee/optee_os/out/arm/export-ta_arm64/lib/libmpa.a(mpa_io.o)
                              /home/rex/devel/optee/optee_os/out/arm/export-ta_arm64/lib/libutee.a(tee_api_arith.o) (mpa_set_oct_str)
/home/rex/devel/optee/optee_os/out/arm/export-ta_arm64/lib/libmpa.a(mpa_modulus.o)
                              /home/rex/devel/optee/optee_os/out/arm/export-ta_arm64/lib/libutee.a(tee_api_arith.o) (mpa_mod)

Allocating common symbols
Common symbol       size              file

ta_heap             0x8000            ./user_ta_header.o
ta_param_types      0x4               /home/rex/devel/optee/optee_os/out/arm/export-ta_arm64/lib/libutee.a(user_ta_entry.o)
ta_params           0x40              /home/rex/devel/optee/optee_os/out/arm/export-ta_arm64/lib/libutee.a(user_ta_entry.o)

Memory Configuration

Name             Origin             Length             Attributes
*default*        0x0000000000000000 0xffffffffffffffff

Linker script and memory map


.ta_head        0x0000000000000000       0x20
 *(SORT(.ta_head))
 .ta_head       0x0000000000000000       0x20 ./user_ta_header.o
                0x0000000000000000                ta_head

.text           0x0000000000000020     0xed44
                0x0000000000000020                __text_start = .
 *(SORT(.text) SORT(.text.*))
 .text          0x0000000000000020      0x104 ./boot_secure_os_ta.o
                0x0000000000000020                TA_CreateEntryPoint
                0x0000000000000058                TA_DestroyEntryPoint
                0x0000000000000090                TA_OpenSessionEntryPoint
                0x00000000000000c8                TA_CloseSessionEntryPoint
                0x0000000000000104                TA_InvokeCommandEntryPoint
 .text          0x0000000000000124        0x8 ./user_ta_header.o
                0x0000000000000124                tahead_get_trace_level
 .text          0x000000000000012c      0x58c /home/rex/devel/optee/optee_os/out/arm/export-ta_arm64/lib/libutee.a(user_ta_entry.o)
                0x00000000000005f4                __utee_entry
 .text          0x00000000000006b8      0x360 /home/rex/devel/optee/optee_os/out/arm/export-ta_arm64/lib/libutee.a(utee_syscalls_a64.o)
                0x00000000000006b8                utee_return
                0x00000000000006c4                utee_log
                0x00000000000006d0                utee_panic
                0x00000000000006dc                utee_get_property
                0x00000000000006e8                utee_get_property_name_to_index
                0x00000000000006f4                utee_open_ta_session
                0x0000000000000700                utee_close_ta_session
                0x000000000000070c                utee_invoke_ta_command
                0x0000000000000718                utee_get_cancellation_flag
                0x0000000000000724                utee_check_access_rights
                0x0000000000000730                utee_unmask_cancellation
                0x000000000000073c                utee_mask_cancellation
                0x0000000000000748                utee_wait
                0x0000000000000754                utee_get_time
                0x0000000000000760                utee_set_ta_time
                0x000000000000076c                utee_cryp_state_alloc
                0x0000000000000778                utee_cryp_state_copy
                0x0000000000000784                utee_cryp_state_free
                0x0000000000000790                utee_hash_init
                0x000000000000079c                utee_hash_update
                0x00000000000007a8                utee_hash_final
                0x00000000000007b4                utee_cipher_init
                0x00000000000007c0                utee_cipher_update
                0x00000000000007cc                utee_cipher_final
                0x00000000000007d8                utee_cryp_obj_get_info
                0x00000000000007e4                utee_cryp_obj_restrict_usage
                0x00000000000007f0                utee_cryp_obj_get_attr
                0x00000000000007fc                utee_cryp_obj_alloc
                0x0000000000000808                utee_cryp_obj_close
                0x0000000000000814                utee_cryp_obj_reset
                0x0000000000000820                utee_cryp_obj_populate
                0x000000000000082c                utee_cryp_obj_copy
                0x0000000000000838                utee_cryp_derive_key
                0x0000000000000844                utee_cryp_random_number_generate
                0x0000000000000850                utee_authenc_init
                0x000000000000085c                utee_authenc_update_aad
                0x0000000000000868                utee_authenc_update_payload
                0x0000000000000874                utee_authenc_enc_final
                0x0000000000000880                utee_authenc_dec_final
                0x000000000000088c                utee_asymm_operate
                0x0000000000000898                utee_asymm_verify
                0x00000000000008a4                utee_storage_obj_open
                0x00000000000008b0                utee_storage_obj_create
                0x00000000000008bc                utee_storage_obj_del
                0x00000000000008c8                utee_storage_obj_rename
                0x00000000000008d4                utee_storage_alloc_enum
                0x00000000000008e0                utee_storage_free_enum
                0x00000000000008ec                utee_storage_reset_enum
                0x00000000000008f8                utee_storage_start_enum
                0x0000000000000904                utee_storage_next_enum
                0x0000000000000910                utee_storage_obj_read
                0x000000000000091c                utee_storage_obj_write
                0x0000000000000928                utee_storage_obj_trunc
                0x0000000000000934                utee_storage_obj_seek
                0x0000000000000940                utee_cryp_obj_generate_key
                0x000000000000094c                utee_se_service_open
                0x0000000000000958                utee_se_service_close
                0x0000000000000964                utee_se_service_get_readers
                0x0000000000000970                utee_se_reader_get_prop
                0x000000000000097c                utee_se_reader_get_name
                0x0000000000000988                utee_se_reader_open_session
                0x0000000000000994                utee_se_reader_close_sessions
                0x00000000000009a0                utee_se_session_is_closed
                0x00000000000009ac                utee_se_session_get_atr
                0x00000000000009b8                utee_se_session_open_channel
                0x00000000000009c4                utee_se_session_close
                0x00000000000009d0                utee_se_channel_select_next
                0x00000000000009dc                utee_se_channel_get_select_resp
                0x00000000000009e8                utee_se_channel_transmit
                0x00000000000009f4                utee_se_channel_close
                0x0000000000000a00                utee_cache_operation
                0x0000000000000a0c                utee_boot
 .text          0x0000000000000a18        0x4 /home/rex/devel/optee/optee_os/out/arm/export-ta_arm64/lib/libutee.a(gprof_a64.o)
                0x0000000000000a18                __utee_mcount
 .text          0x0000000000000a1c      0xe14 /home/rex/devel/optee/optee_os/out/arm/export-ta_arm64/lib/libutee.a(tee_api_arith.o)
                0x0000000000000a74                _TEE_MathAPI_Init
                0x0000000000000aac                TEE_BigIntInit
                0x0000000000000ad4                TEE_BigIntInitFMM
                0x0000000000000b24                TEE_BigIntInitFMMContext
                0x0000000000000b90                TEE_BigIntFMMSizeInU32
                0x0000000000000bb0                TEE_BigIntFMMContextSizeInU32
                0x0000000000000bd4                TEE_BigIntConvertFromOctetString
                0x0000000000000c88                TEE_BigIntConvertToOctetString
                0x0000000000000d48                TEE_BigIntConvertFromS32
                0x0000000000000d78                TEE_BigIntConvertToS32
                0x0000000000000e0c                TEE_BigIntCmp
                0x0000000000000e40                TEE_BigIntCmpS32
                0x0000000000000e6c                TEE_BigIntShiftRight
                0x0000000000000eb0                TEE_BigIntGetBit
                0x0000000000000ee8                TEE_BigIntGetBitCount
                0x0000000000000f10                TEE_BigIntAdd
                0x0000000000000f68                TEE_BigIntSub
                0x0000000000000fc0                TEE_BigIntNeg
                0x0000000000000ff8                TEE_BigIntMul
                0x0000000000001050                TEE_BigIntSquare
                0x000000000000109c                TEE_BigIntDiv
                0x0000000000001124                TEE_BigIntMod
                0x00000000000011d0                TEE_BigIntAddMod
                0x000000000000128c                TEE_BigIntSubMod
                0x0000000000001348                TEE_BigIntMulMod
                0x0000000000001444                TEE_BigIntSquareMod
                0x0000000000001478                TEE_BigIntInvMod
                0x0000000000001504                TEE_BigIntRelativePrime
                0x0000000000001598                TEE_BigIntComputeExtendedGcd
                0x0000000000001610                TEE_BigIntIsProbablePrime
                0x0000000000001674                TEE_BigIntConvertToFMM
                0x00000000000016f0                TEE_BigIntConvertFromFMM
                0x00000000000017b0                TEE_BigIntComputeFMM
 .text          0x0000000000001830      0xa5c /home/rex/devel/optee/optee_os/out/arm/export-ta_arm64/lib/libutee.a(tee_api.o)
                0x0000000000001830                __utee_from_param
                0x00000000000019b4                __utee_to_param
                0x0000000000001af0                TEE_OpenTASession
                0x0000000000001b8c                TEE_CloseTASession
                0x0000000000001bf8                TEE_InvokeTACommand
                0x0000000000001cec                TEE_GetCancellationFlag
                0x0000000000001d28                TEE_UnmaskCancellation
                0x0000000000001d90                TEE_MaskCancellation
                0x0000000000001df8                TEE_CheckMemoryAccessRights
                0x0000000000001e5c                TEE_SetInstanceData
                0x0000000000001e80                TEE_GetInstanceData
                0x0000000000001e90                TEE_MemMove
                0x0000000000001ec0                TEE_MemCompare
                0x0000000000001ef0                TEE_MemFill
                0x0000000000001f24                TEE_GetSystemTime
                0x0000000000001f88                TEE_Wait
                0x0000000000001ff8                TEE_GetTAPersistentTime
                0x00000000000020c4                TEE_SetTAPersistentTime
                0x0000000000002144                TEE_GetREETime
                0x00000000000021a8                TEE_Malloc
                0x00000000000021cc                TEE_Realloc
                0x00000000000021f4                TEE_Free
                0x0000000000002214                TEE_CacheClean
                0x000000000000223c                TEE_CacheFlush
                0x0000000000002264                TEE_CacheInvalidate
 .text          0x000000000000228c       0x28 /home/rex/devel/optee/optee_os/out/arm/export-ta_arm64/lib/libutee.a(tee_api_panic.o)
                0x000000000000228c                __TEE_Panic
                0x00000000000022a0                TEE_Panic
 .text          0x00000000000022b4       0xb0 /home/rex/devel/optee/optee_os/out/arm/export-ta_arm64/lib/libutee.a(utee_misc.o)
                0x00000000000022b4                utee_get_ta_exec_id
                0x00000000000022bc                utee_malloc
                0x00000000000022d8                utee_realloc
                0x00000000000022fc                utee_calloc
                0x0000000000002320                utee_free
                0x0000000000002340                get_rng_array
 .text          0x0000000000002364      0xa68 /home/rex/devel/optee/optee_os/out/arm/export-ta_arm64/lib/libutee.a(tee_user_mem.o)
                0x00000000000027e4                tee_user_mem_alloc
                0x00000000000029b4                tee_user_mem_realloc
                0x0000000000002ac4                tee_user_mem_free
                0x0000000000002c5c                tee_user_mem_mark_heap
                0x0000000000002c70                tee_user_mem_check_heap
                0x0000000000002d84                tee_user_mem_garbage
 .text          0x0000000000002dcc      0x230 /home/rex/devel/optee/optee_os/out/arm/export-ta_arm64/lib/libutee.a(trace_ext.o)
                0x0000000000002dcc                trace_ext_puts
                0x0000000000002df8                trace_ext_get_thread_id
                0x0000000000002e00                printf
                0x0000000000002fd0                puts
 .text          0x0000000000002ffc       0x70 /home/rex/devel/optee/optee_os/out/arm/export-ta_arm64/lib/libutee.a(assert.o)
                0x0000000000002ffc                _assert_log
                0x000000000000305c                _assert_break
 .text          0x000000000000306c     0x2140 /home/rex/devel/optee/optee_os/out/arm/export-ta_arm64/lib/libutils.a(bget_malloc.o)
                0x00000000000030b8                bget
                0x000000000000342c                bgetz
                0x0000000000003500                bgetr
                0x00000000000035e8                brel
                0x0000000000003a94                bpool
                0x0000000000003c18                bstats
                0x0000000000003e0c                malloc_reset_stats
                0x0000000000003e60                malloc_get_stats
                0x0000000000004c1c                malloc
                0x0000000000004c58                free
                0x0000000000004c88                calloc
                0x0000000000004cf8                realloc
                0x0000000000004d34                memalign
                0x0000000000004da8                malloc_add_pool
                0x0000000000004fc0                malloc_buffer_is_within_alloced
                0x0000000000005094                malloc_buffer_overlaps_heap
 .text          0x00000000000051ac      0x120 /home/rex/devel/optee/optee_os/out/arm/export-ta_arm64/lib/libutils.a(snprintf.o)
                0x00000000000051ac                snprintf
                0x0000000000005268                vsnprintf
 .text          0x00000000000052cc      0x128 /home/rex/devel/optee/optee_os/out/arm/export-ta_arm64/lib/libutils.a(memcmp.o)
                0x00000000000052cc                memcmp
 .text          0x00000000000053f4      0x180 /home/rex/devel/optee/optee_os/out/arm/export-ta_arm64/lib/libutils.a(memcpy.o)
                0x00000000000053f4                memcpy
 .text          0x0000000000005574      0x20c /home/rex/devel/optee/optee_os/out/arm/export-ta_arm64/lib/libutils.a(memmove.o)
                0x0000000000005574                memmove
 .text          0x0000000000005780      0x1cc /home/rex/devel/optee/optee_os/out/arm/export-ta_arm64/lib/libutils.a(memset.o)
                0x0000000000005780                memset
 .text          0x000000000000594c       0xd4 /home/rex/devel/optee/optee_os/out/arm/export-ta_arm64/lib/libutils.a(strlen.o)
                0x000000000000594c                strlen
 .text          0x0000000000005a20     0x2174 /home/rex/devel/optee/optee_os/out/arm/export-ta_arm64/lib/libutils.a(snprintk.o)
                0x0000000000005a20                snprintk
                0x0000000000005ad8                vsnprintk
                0x0000000000005b3c                __vsnprintf
 .text          0x0000000000007b94       0xb8 /home/rex/devel/optee/optee_os/out/arm/export-ta_arm64/lib/libutils.a(strlcpy.o)
                0x0000000000007b94                strlcpy
 .text          0x0000000000007c4c      0x4e4 /home/rex/devel/optee/optee_os/out/arm/export-ta_arm64/lib/libutils.a(trace.o)
                0x0000000000007c4c                trace_set_level
                0x0000000000007c9c                trace_get_level
                0x0000000000007d20                trace_printf
                0x000000000000810c                dhex_dump
 .text          0x0000000000008130      0x1b8 /home/rex/devel/optee/optee_os/out/arm/export-ta_arm64/lib/libutils.a(memchr.o)
                0x0000000000008130                memchr
 .text          0x00000000000082e8      0x328 /home/rex/devel/optee/optee_os/out/arm/export-ta_arm64/lib/libmpa.a(mpa_misc.o)
                0x00000000000082e8                __mpa_set_unused_digits_to_zero
                0x0000000000008350                mpa_wipe
                0x0000000000008398                mpa_copy
                0x000000000000840c                mpa_abs
                0x0000000000008458                mpa_highest_bit_index
                0x0000000000008510                mpa_get_bit
                0x00000000000085a4                mpa_can_hold
                0x00000000000085dc                mpa_parity
                0x0000000000008604                mpa_constant_one
 .text          0x0000000000008610      0x678 /home/rex/devel/optee/optee_os/out/arm/export-ta_arm64/lib/libmpa.a(mpa_montgomery.o)
                0x0000000000008610                __mpa_montgomery_mul_add
                0x0000000000008758                __mpa_montgomery_sub_ack
                0x00000000000088b0                __mpa_montgomery_mul
                0x0000000000008a90                mpa_compute_fmm_context
                0x0000000000008c1c                mpa_montgomery_mul
 .text          0x0000000000008c88      0x560 /home/rex/devel/optee/optee_os/out/arm/export-ta_arm64/lib/libmpa.a(mpa_primetest.o)
                0x0000000000008c88                mpa_is_prob_prime
 .text          0x00000000000091e8      0x1d0 /home/rex/devel/optee/optee_os/out/arm/export-ta_arm64/lib/libmpa.a(mpa_conv.o)
                0x00000000000091e8                mpa_set_S32
                0x0000000000009250                mpa_get_S32
                0x0000000000009338                mpa_set_word
                0x0000000000009378                mpa_get_word
 .text          0x00000000000093b8     0x1004 /home/rex/devel/optee/optee_os/out/arm/export-ta_arm64/lib/libmpa.a(mpa_div.o)
                0x0000000000009484                __mpa_div_dword
                0x0000000000009e84                __mpa_div_q_r_internal_word
                0x000000000000a068                __mpa_div_q_r
                0x000000000000a274                mpa_div
 .text          0x000000000000a3bc      0xb64 /home/rex/devel/optee/optee_os/out/arm/export-ta_arm64/lib/libmpa.a(mpa_gcd.o)
                0x000000000000aa88                mpa_gcd
                0x000000000000ac10                mpa_extended_gcd
 .text          0x000000000000af20      0x3d8 /home/rex/devel/optee/optee_os/out/arm/export-ta_arm64/lib/libmpa.a(mpa_mem_static.o)
                0x000000000000af20                mpa_init_scratch_mem_sync
                0x000000000000af94                mpa_init_scratch_mem
                0x000000000000afd0                mpa_alloc_static_temp_var_size
                0x000000000000b1c4                mpa_alloc_static_temp_var
                0x000000000000b1f0                mpa_free_static_temp_var
 .text          0x000000000000b2f8      0x5c0 /home/rex/devel/optee/optee_os/out/arm/export-ta_arm64/lib/libmpa.a(mpa_mul.o)
                0x000000000000b2f8                __mpa_mul_add_word
                0x000000000000b35c                __mpa_mul_add_word_cum
                0x000000000000b3d0                __mpa_abs_mul_word
                0x000000000000b4e8                __mpa_abs_mul
                0x000000000000b688                mpa_mul
                0x000000000000b7b8                mpa_mul_word
 .text          0x000000000000b8b8      0x2d0 /home/rex/devel/optee/optee_os/out/arm/export-ta_arm64/lib/libmpa.a(mpa_random.o)
                0x000000000000b8b8                mpa_set_random_generator
                0x000000000000b914                mpa_get_random
                0x000000000000bae8                mpa_get_random_digits
 .text          0x000000000000bb88      0x8f8 /home/rex/devel/optee/optee_os/out/arm/export-ta_arm64/lib/libmpa.a(mpa_shift.o)
                0x000000000000bb88                __mpa_shift_words_left
                0x000000000000bcb8                __mpa_shift_words_right
                0x000000000000bde8                mpa_shift_left
                0x000000000000c170                mpa_shift_right
 .text          0x000000000000c480      0xff4 /home/rex/devel/optee/optee_os/out/arm/export-ta_arm64/lib/libmpa.a(mpa_addsub.o)
                0x000000000000c480                __mpa_full_adder
                0x000000000000c4e4                __mpa_full_sub
                0x000000000000c548                __mpa_full_adder_ackum
                0x000000000000c5b0                __mpa_abs_add
                0x000000000000c794                __mpa_abs_add_ackum
                0x000000000000c8f4                __mpa_abs_sub
                0x000000000000ca8c                mpa_add
                0x000000000000cd48                mpa_sub
                0x000000000000d040                mpa_neg
                0x000000000000d07c                mpa_add_word
                0x000000000000d274                mpa_sub_word
 .text          0x000000000000d474      0x3c0 /home/rex/devel/optee/optee_os/out/arm/export-ta_arm64/lib/libmpa.a(mpa_cmp.o)
                0x000000000000d474                __mpa_abs_cmp
                0x000000000000d5f4                __mpa_abs_greater_than
                0x000000000000d624                __mpa_abs_less_than
                0x000000000000d650                mpa_cmp
                0x000000000000d72c                mpa_cmp_short
 .text          0x000000000000d834      0x250 /home/rex/devel/optee/optee_os/out/arm/export-ta_arm64/lib/libmpa.a(mpa_expmod.o)
                0x000000000000d834                mpa_exp_mod
 .text          0x000000000000da84      0x144 /home/rex/devel/optee/optee_os/out/arm/export-ta_arm64/lib/libmpa.a(mpa_init.o)
                0x000000000000da84                mpa_init_static
                0x000000000000dae4                mpa_init_static_fmm_context
 .text          0x000000000000dbc8      0xedc /home/rex/devel/optee/optee_os/out/arm/export-ta_arm64/lib/libmpa.a(mpa_io.o)
                0x000000000000e124                mpa_get_str_size
                0x000000000000e12c                mpa_set_str
                0x000000000000e5c0                mpa_get_str
                0x000000000000e710                mpa_set_oct_str
                0x000000000000e8e8                mpa_get_oct_str
 .text          0x000000000000eaa4      0x2c0 /home/rex/devel/optee/optee_os/out/arm/export-ta_arm64/lib/libmpa.a(mpa_modulus.o)
                0x000000000000eaa4                mpa_mod
                0x000000000000eae0                mpa_add_mod
                0x000000000000eb50                mpa_sub_mod
                0x000000000000ebc0                mpa_mul_mod
                0x000000000000ec30                mpa_inv_mod
 *(SORT(.stub))
 *(SORT(.glue_7))
 *(SORT(.glue_7t))
 *(SORT(.gnu.linkonce.t.*))
 *(SORT(.vfp11_veneer))
                [!provide]                        PROVIDE (_mcount, __utee_mcount)
                0x000000000000ed64                __text_end = .

.eh_frame
 *(SORT(.eh_frame))

.rodata         0x000000000000ed68     0x1b1c
 *(SORT(.gnu.linkonce.r.*))
 *(SORT(.rodata) SORT(.rodata.*))
 .rodata.boot_secure_os_ta.c
                0x000000000000ed68       0x6a ./boot_secure_os_ta.o
 *fill*         0x000000000000edd2        0x6 
 .rodata.user_ta_header.c
                0x000000000000edd8      0x138 ./user_ta_header.o
                0x000000000000edd8                trace_ext_prefix
                0x000000000000ede0                ta_heap_size
                0x000000000000ef08                ta_num_props
 .rodata.lib/libutee/arch/arm/user_ta_entry.c
                0x000000000000ef10       0x1d /home/rex/devel/optee/optee_os/out/arm/export-ta_arm64/lib/libutee.a(user_ta_entry.o)
 *fill*         0x000000000000ef2d        0x3 
 .rodata.lib/libutee/tee_api_arith.c
                0x000000000000ef30       0xef /home/rex/devel/optee/optee_os/out/arm/export-ta_arm64/lib/libutee.a(tee_api_arith.o)
 *fill*         0x000000000000f01f        0x1 
 .rodata.lib/libutee/tee_api.c
                0x000000000000f020       0xdf /home/rex/devel/optee/optee_os/out/arm/export-ta_arm64/lib/libutee.a(tee_api.o)
 *fill*         0x000000000000f0ff        0x1 
 .rodata.lib/libutee/tee_user_mem.c
                0x000000000000f100      0x1cc /home/rex/devel/optee/optee_os/out/arm/export-ta_arm64/lib/libutee.a(tee_user_mem.o)
 *fill*         0x000000000000f2cc        0x4 
 .rodata.lib/libutee/trace_ext.c
                0x000000000000f2d0       0x2d /home/rex/devel/optee/optee_os/out/arm/export-ta_arm64/lib/libutee.a(trace_ext.o)
 *fill*         0x000000000000f2fd        0x3 
 .rodata.lib/libutee/assert.c
                0x000000000000f300       0x27 /home/rex/devel/optee/optee_os/out/arm/export-ta_arm64/lib/libutee.a(assert.o)
 *fill*         0x000000000000f327        0x1 
 .rodata.lib/libutils/isoc/bget_malloc.c
                0x000000000000f328      0x508 /home/rex/devel/optee/optee_os/out/arm/export-ta_arm64/lib/libutils.a(bget_malloc.o)
 .rodata.lib/libutils/ext/snprintk.c
                0x000000000000f830      0x1f8 /home/rex/devel/optee/optee_os/out/arm/export-ta_arm64/lib/libutils.a(snprintk.o)
 .rodata.lib/libutils/ext/trace.c
                0x000000000000fa28       0x65 /home/rex/devel/optee/optee_os/out/arm/export-ta_arm64/lib/libutils.a(trace.o)
 *fill*         0x000000000000fa8d        0x3 
 .rodata.lib/libmpa/mpa_misc.c
                0x000000000000fa90       0x2c /home/rex/devel/optee/optee_os/out/arm/export-ta_arm64/lib/libmpa.a(mpa_misc.o)
                0x000000000000fa90                const_largest_deci_base
                0x000000000000faa0                Const_1_LShift_Base
                0x000000000000fab0                const_one
 *fill*         0x000000000000fabc        0x4 
 .rodata.lib/libmpa/mpa_primetest.c
                0x000000000000fac0      0xd34 /home/rex/devel/optee/optee_os/out/arm/export-ta_arm64/lib/libmpa.a(mpa_primetest.o)
                0x000000000000fac0                MAX_TABULATED_PRIME
                0x000000000000fac4                NR_STORED_PRIMES
                0x000000000000fac8                PRIME_TABLE
 *fill*         0x00000000000107f4        0x4 
 .rodata.lib/libmpa/mpa_io.c
                0x00000000000107f8       0x8c /home/rex/devel/optee/optee_os/out/arm/export-ta_arm64/lib/libmpa.a(mpa_io.o)

.gnu.version_d  0x0000000000010888        0x0
 .gnu.version_d
                0x0000000000010888        0x0 ./boot_secure_os_ta.o

.gnu.version    0x0000000000010884        0x0
 .gnu.version   0x0000000000010884        0x0 ./boot_secure_os_ta.o

.gnu.version_r  0x0000000000010888        0x0
 .gnu.version_r
                0x0000000000010888        0x0 ./boot_secure_os_ta.o

.ARM.exidx
 *(SORT(.ARM.exidx*) SORT(.gnu.linkonce.armexidx.*))

.ctors
 *(SORT(.ctors))

.dtors
 *(SORT(.dtors))

.plt            0x0000000000010884        0x0
 *(SORT(.plt))
 .plt           0x0000000000010884        0x0 ./boot_secure_os_ta.o

.rela.dyn       0x0000000000010888      0x258
 .rela.ifunc    0x0000000000010888        0x0 ./boot_secure_os_ta.o
 .rela.ta_head  0x0000000000010888       0x18 ./boot_secure_os_ta.o
 .rela.data.rel.ro.local
                0x00000000000108a0      0x1b0 ./boot_secure_os_ta.o
 .rela.data.rel
                0x0000000000010a50       0x18 ./boot_secure_os_ta.o
 .rela.data.rel.local
                0x0000000000010a68       0x78 ./boot_secure_os_ta.o

.got            0x0000000000010ae0       0x68
 *(SORT(.got.plt))
 .got.plt       0x0000000000010ae0       0x18 ./boot_secure_os_ta.o
 *(SORT(.got))
 .got           0x0000000000010af8       0x50 ./boot_secure_os_ta.o
                0x0000000000010af8                _GLOBAL_OFFSET_TABLE_

.rel.text
 *(SORT(.rel.text))
 *(SORT(.rel.gnu.linkonce.t*))

.rela.text
 *(SORT(.rela.text))
 *(SORT(.rela.gnu.linkonce.t*))

.rel.data
 *(SORT(.rel.data))
 *(SORT(.rel.gnu.linkonce.d*))

.rela.data
 *(SORT(.rela.data))
 *(SORT(.rela.gnu.linkonce.d*))

.rel.rodata
 *(SORT(.rel.rodata))
 *(SORT(.rel.gnu.linkonce.r*))

.rela.rodata
 *(SORT(.rela.rodata))
 *(SORT(.rela.gnu.linkonce.r*))

.rel.dyn
 *(SORT(.rel.dyn))

.rel.got
 *(SORT(.rel.got))

.rela.got       0x0000000000010b48       0xd8
 *(SORT(.rela.got))
 .rela.got      0x0000000000010b48       0xd8 ./boot_secure_os_ta.o

.rel.ctors
 *(SORT(.rel.ctors))

.rela.ctors
 *(SORT(.rela.ctors))

.rel.dtors
 *(SORT(.rel.dtors))

.rela.dtors
 *(SORT(.rela.dtors))

.rel.init
 *(SORT(.rel.init))

.rela.init
 *(SORT(.rela.init))

.rel.fini
 *(SORT(.rel.fini))

.rela.fini
 *(SORT(.rela.fini))

.rel.bss
 *(SORT(.rel.bss))

.rela.bss
 *(SORT(.rela.bss))

.rel.plt
 *(SORT(.rel.plt))

.rela.plt       0x0000000000010c20        0x0
 *(SORT(.rela.plt))
 .rela.plt      0x0000000000010c20        0x0 ./boot_secure_os_ta.o

.dynamic        0x0000000000010c20      0x100
 *(SORT(.dynamic))
 .dynamic       0x0000000000010c20      0x100 ./boot_secure_os_ta.o
                0x0000000000010c20                _DYNAMIC

.dynsym         0x0000000000010d20      0x120
 *(SORT(.dynsym))
 .dynsym        0x0000000000010d20      0x120 ./boot_secure_os_ta.o

.dynstr         0x0000000000010e40       0x78
 *(SORT(.dynstr))
 .dynstr        0x0000000000010e40       0x78 ./boot_secure_os_ta.o

.hash           0x0000000000010eb8       0x44
 *(SORT(.hash))
 .hash          0x0000000000010eb8       0x44 ./boot_secure_os_ta.o
                0x0000000000011000                . = ALIGN (0x1000)

.data           0x0000000000011000      0x134
 *(SORT(.data) SORT(.data.*) SORT(.gnu.linkonce.d.*))
 .data.rel.ro.local
                0x0000000000011000       0xd8 ./user_ta_header.o
                0x0000000000011000                ta_props
 .data.rel      0x00000000000110d8        0x8 /home/rex/devel/optee/optee_os/out/arm/export-ta_arm64/lib/libutee.a(user_ta_entry.o)
                0x00000000000110d8                _ref__utee_mcount
 .data.rel.local
                0x00000000000110e0       0x10 /home/rex/devel/optee/optee_os/out/arm/export-ta_arm64/lib/libutee.a(user_ta_entry.o)
 .data.rel.local
                0x00000000000110f0        0x8 /home/rex/devel/optee/optee_os/out/arm/export-ta_arm64/lib/libutee.a(tee_api_arith.o)
 .data          0x00000000000110f8        0x8 /home/rex/devel/optee/optee_os/out/arm/export-ta_arm64/lib/libutee.a(tee_user_mem.o)
 .data.rel.local
                0x0000000000011100       0x10 /home/rex/devel/optee/optee_os/out/arm/export-ta_arm64/lib/libutee.a(tee_user_mem.o)
                0x0000000000011100                user_mem_head
 .data.rel.local
                0x0000000000011110       0x20 /home/rex/devel/optee/optee_os/out/arm/export-ta_arm64/lib/libutils.a(bget_malloc.o)
 .data          0x0000000000011130        0x4 ./user_ta_header.o
                0x0000000000011130                trace_level
 .data          0x0000000000011134        0x0 ./boot_secure_os_ta.o
 .data          0x0000000000011134        0x0 /home/rex/devel/optee/optee_os/out/arm/export-ta_arm64/lib/libutee.a(user_ta_entry.o)
 .data          0x0000000000011134        0x0 /home/rex/devel/optee/optee_os/out/arm/export-ta_arm64/lib/libutee.a(utee_syscalls_a64.o)
 .data          0x0000000000011134        0x0 /home/rex/devel/optee/optee_os/out/arm/export-ta_arm64/lib/libutee.a(gprof_a64.o)
 .data          0x0000000000011134        0x0 /home/rex/devel/optee/optee_os/out/arm/export-ta_arm64/lib/libutee.a(tee_api_arith.o)
 .data          0x0000000000011134        0x0 /home/rex/devel/optee/optee_os/out/arm/export-ta_arm64/lib/libutee.a(tee_api.o)
 .data          0x0000000000011134        0x0 /home/rex/devel/optee/optee_os/out/arm/export-ta_arm64/lib/libutee.a(tee_api_panic.o)
 .data          0x0000000000011134        0x0 /home/rex/devel/optee/optee_os/out/arm/export-ta_arm64/lib/libutee.a(utee_misc.o)
 .data          0x0000000000011134        0x0 /home/rex/devel/optee/optee_os/out/arm/export-ta_arm64/lib/libutee.a(trace_ext.o)
 .data          0x0000000000011134        0x0 /home/rex/devel/optee/optee_os/out/arm/export-ta_arm64/lib/libutee.a(assert.o)
 .data          0x0000000000011134        0x0 /home/rex/devel/optee/optee_os/out/arm/export-ta_arm64/lib/libutils.a(bget_malloc.o)
 .data          0x0000000000011134        0x0 /home/rex/devel/optee/optee_os/out/arm/export-ta_arm64/lib/libutils.a(snprintf.o)
 .data          0x0000000000011134        0x0 /home/rex/devel/optee/optee_os/out/arm/export-ta_arm64/lib/libutils.a(memcmp.o)
 .data          0x0000000000011134        0x0 /home/rex/devel/optee/optee_os/out/arm/export-ta_arm64/lib/libutils.a(memcpy.o)
 .data          0x0000000000011134        0x0 /home/rex/devel/optee/optee_os/out/arm/export-ta_arm64/lib/libutils.a(memmove.o)
 .data          0x0000000000011134        0x0 /home/rex/devel/optee/optee_os/out/arm/export-ta_arm64/lib/libutils.a(memset.o)
 .data          0x0000000000011134        0x0 /home/rex/devel/optee/optee_os/out/arm/export-ta_arm64/lib/libutils.a(strlen.o)
 .data          0x0000000000011134        0x0 /home/rex/devel/optee/optee_os/out/arm/export-ta_arm64/lib/libutils.a(snprintk.o)
 .data          0x0000000000011134        0x0 /home/rex/devel/optee/optee_os/out/arm/export-ta_arm64/lib/libutils.a(strlcpy.o)
 .data          0x0000000000011134        0x0 /home/rex/devel/optee/optee_os/out/arm/export-ta_arm64/lib/libutils.a(trace.o)
 .data          0x0000000000011134        0x0 /home/rex/devel/optee/optee_os/out/arm/export-ta_arm64/lib/libutils.a(memchr.o)
 .data          0x0000000000011134        0x0 /home/rex/devel/optee/optee_os/out/arm/export-ta_arm64/lib/libmpa.a(mpa_misc.o)
 .data          0x0000000000011134        0x0 /home/rex/devel/optee/optee_os/out/arm/export-ta_arm64/lib/libmpa.a(mpa_montgomery.o)
 .data          0x0000000000011134        0x0 /home/rex/devel/optee/optee_os/out/arm/export-ta_arm64/lib/libmpa.a(mpa_primetest.o)
 .data          0x0000000000011134        0x0 /home/rex/devel/optee/optee_os/out/arm/export-ta_arm64/lib/libmpa.a(mpa_conv.o)
 .data          0x0000000000011134        0x0 /home/rex/devel/optee/optee_os/out/arm/export-ta_arm64/lib/libmpa.a(mpa_div.o)
 .data          0x0000000000011134        0x0 /home/rex/devel/optee/optee_os/out/arm/export-ta_arm64/lib/libmpa.a(mpa_gcd.o)
 .data          0x0000000000011134        0x0 /home/rex/devel/optee/optee_os/out/arm/export-ta_arm64/lib/libmpa.a(mpa_mem_static.o)
 .data          0x0000000000011134        0x0 /home/rex/devel/optee/optee_os/out/arm/export-ta_arm64/lib/libmpa.a(mpa_mul.o)
 .data          0x0000000000011134        0x0 /home/rex/devel/optee/optee_os/out/arm/export-ta_arm64/lib/libmpa.a(mpa_random.o)
 .data          0x0000000000011134        0x0 /home/rex/devel/optee/optee_os/out/arm/export-ta_arm64/lib/libmpa.a(mpa_shift.o)
 .data          0x0000000000011134        0x0 /home/rex/devel/optee/optee_os/out/arm/export-ta_arm64/lib/libmpa.a(mpa_addsub.o)
 .data          0x0000000000011134        0x0 /home/rex/devel/optee/optee_os/out/arm/export-ta_arm64/lib/libmpa.a(mpa_cmp.o)
 .data          0x0000000000011134        0x0 /home/rex/devel/optee/optee_os/out/arm/export-ta_arm64/lib/libmpa.a(mpa_expmod.o)
 .data          0x0000000000011134        0x0 /home/rex/devel/optee/optee_os/out/arm/export-ta_arm64/lib/libmpa.a(mpa_init.o)
 .data          0x0000000000011134        0x0 /home/rex/devel/optee/optee_os/out/arm/export-ta_arm64/lib/libmpa.a(mpa_io.o)
 .data          0x0000000000011134        0x0 /home/rex/devel/optee/optee_os/out/arm/export-ta_arm64/lib/libmpa.a(mpa_modulus.o)

.bss            0x0000000000011138     0xac20
 *(SORT(.bss) SORT(.bss.*) SORT(.gnu.linkonce.b.*) SORT(COMMON))
 COMMON         0x0000000000011138     0x8000 ./user_ta_header.o
                0x0000000000011138                ta_heap
 COMMON         0x0000000000019138       0x48 /home/rex/devel/optee/optee_os/out/arm/export-ta_arm64/lib/libutee.a(user_ta_entry.o)
                0x0000000000019138                ta_param_types
                0x0000000000019140                ta_params
 .bss           0x0000000000019180     0x1b40 /home/rex/devel/optee/optee_os/out/arm/export-ta_arm64/lib/libutee.a(tee_api_arith.o)
 .bss           0x000000000001acc0        0x8 /home/rex/devel/optee/optee_os/out/arm/export-ta_arm64/lib/libutee.a(tee_api.o)
 .bss           0x000000000001acc8       0x18 /home/rex/devel/optee/optee_os/out/arm/export-ta_arm64/lib/libutee.a(tee_user_mem.o)
 .bss           0x000000000001ace0       0x60 /home/rex/devel/optee/optee_os/out/arm/export-ta_arm64/lib/libutils.a(bget_malloc.o)
 .bss           0x000000000001ad40        0x8 /home/rex/devel/optee/optee_os/out/arm/export-ta_arm64/lib/libmpa.a(mpa_random.o)
 .bss           0x000000000001ad48     0x1002 /home/rex/devel/optee/optee_os/out/arm/export-ta_arm64/lib/libmpa.a(mpa_io.o)
 *fill*         0x000000000001bd4a        0x2 
 .bss           0x000000000001bd4c        0x5 /home/rex/devel/optee/optee_os/out/arm/export-ta_arm64/lib/libutee.a(user_ta_entry.o)
 .bss           0x000000000001bd51        0x0 ./boot_secure_os_ta.o
 .bss           0x000000000001bd51        0x0 ./user_ta_header.o
 .bss           0x000000000001bd51        0x0 /home/rex/devel/optee/optee_os/out/arm/export-ta_arm64/lib/libutee.a(utee_syscalls_a64.o)
 .bss           0x000000000001bd51        0x0 /home/rex/devel/optee/optee_os/out/arm/export-ta_arm64/lib/libutee.a(gprof_a64.o)
 .bss           0x000000000001bd51        0x0 /home/rex/devel/optee/optee_os/out/arm/export-ta_arm64/lib/libutee.a(tee_api_panic.o)
 .bss           0x000000000001bd51        0x0 /home/rex/devel/optee/optee_os/out/arm/export-ta_arm64/lib/libutee.a(utee_misc.o)
 .bss           0x000000000001bd51        0x0 /home/rex/devel/optee/optee_os/out/arm/export-ta_arm64/lib/libutee.a(trace_ext.o)
 .bss           0x000000000001bd51        0x0 /home/rex/devel/optee/optee_os/out/arm/export-ta_arm64/lib/libutee.a(assert.o)
 .bss           0x000000000001bd51        0x0 /home/rex/devel/optee/optee_os/out/arm/export-ta_arm64/lib/libutils.a(snprintf.o)
 .bss           0x000000000001bd51        0x0 /home/rex/devel/optee/optee_os/out/arm/export-ta_arm64/lib/libutils.a(memcmp.o)
 .bss           0x000000000001bd51        0x0 /home/rex/devel/optee/optee_os/out/arm/export-ta_arm64/lib/libutils.a(memcpy.o)
 .bss           0x000000000001bd51        0x0 /home/rex/devel/optee/optee_os/out/arm/export-ta_arm64/lib/libutils.a(memmove.o)
 .bss           0x000000000001bd51        0x0 /home/rex/devel/optee/optee_os/out/arm/export-ta_arm64/lib/libutils.a(memset.o)
 .bss           0x000000000001bd51        0x0 /home/rex/devel/optee/optee_os/out/arm/export-ta_arm64/lib/libutils.a(strlen.o)
 .bss           0x000000000001bd51        0x0 /home/rex/devel/optee/optee_os/out/arm/export-ta_arm64/lib/libutils.a(snprintk.o)
 .bss           0x000000000001bd51        0x0 /home/rex/devel/optee/optee_os/out/arm/export-ta_arm64/lib/libutils.a(strlcpy.o)
 .bss           0x000000000001bd51        0x0 /home/rex/devel/optee/optee_os/out/arm/export-ta_arm64/lib/libutils.a(trace.o)
 .bss           0x000000000001bd51        0x0 /home/rex/devel/optee/optee_os/out/arm/export-ta_arm64/lib/libutils.a(memchr.o)
 .bss           0x000000000001bd51        0x0 /home/rex/devel/optee/optee_os/out/arm/export-ta_arm64/lib/libmpa.a(mpa_misc.o)
 .bss           0x000000000001bd51        0x0 /home/rex/devel/optee/optee_os/out/arm/export-ta_arm64/lib/libmpa.a(mpa_montgomery.o)
 .bss           0x000000000001bd51        0x0 /home/rex/devel/optee/optee_os/out/arm/export-ta_arm64/lib/libmpa.a(mpa_primetest.o)
 .bss           0x000000000001bd51        0x0 /home/rex/devel/optee/optee_os/out/arm/export-ta_arm64/lib/libmpa.a(mpa_conv.o)
 .bss           0x000000000001bd51        0x0 /home/rex/devel/optee/optee_os/out/arm/export-ta_arm64/lib/libmpa.a(mpa_div.o)
 .bss           0x000000000001bd51        0x0 /home/rex/devel/optee/optee_os/out/arm/export-ta_arm64/lib/libmpa.a(mpa_gcd.o)
 .bss           0x000000000001bd51        0x0 /home/rex/devel/optee/optee_os/out/arm/export-ta_arm64/lib/libmpa.a(mpa_mem_static.o)
 .bss           0x000000000001bd51        0x0 /home/rex/devel/optee/optee_os/out/arm/export-ta_arm64/lib/libmpa.a(mpa_mul.o)
 .bss           0x000000000001bd51        0x0 /home/rex/devel/optee/optee_os/out/arm/export-ta_arm64/lib/libmpa.a(mpa_shift.o)
 .bss           0x000000000001bd51        0x0 /home/rex/devel/optee/optee_os/out/arm/export-ta_arm64/lib/libmpa.a(mpa_addsub.o)
 .bss           0x000000000001bd51        0x0 /home/rex/devel/optee/optee_os/out/arm/export-ta_arm64/lib/libmpa.a(mpa_cmp.o)
 .bss           0x000000000001bd51        0x0 /home/rex/devel/optee/optee_os/out/arm/export-ta_arm64/lib/libmpa.a(mpa_expmod.o)
 .bss           0x000000000001bd51        0x0 /home/rex/devel/optee/optee_os/out/arm/export-ta_arm64/lib/libmpa.a(mpa_init.o)
 .bss           0x000000000001bd51        0x0 /home/rex/devel/optee/optee_os/out/arm/export-ta_arm64/lib/libmpa.a(mpa_modulus.o)
                0x000000000001bd58                . = ALIGN (0x8)
 *fill*         0x000000000001bd51        0x7 
                0x000000000001bd58                __gprof_buf_start = .
                0x000000000001bd58                . = (. + DEFINED (_mcount)?(((__text_end - __text_start) * 0xb1) / 0x64):0x0)
                0x000000000001bd58                __gprof_buf_end = .

.dynbss         0x000000000001bd58        0x0
 .dynbss        0x000000000001bd58        0x0 ./boot_secure_os_ta.o

/DISCARD/
 *(SORT(.interp))
LOAD ./boot_secure_os_ta.o
LOAD ./user_ta_header.o
LOAD /home/rex/devel/optee/optee_os/out/arm/export-ta_arm64/lib/libutee.a
LOAD /home/rex/devel/optee/optee_os/out/arm/export-ta_arm64/lib/libpng.a
LOAD /home/rex/devel/optee/optee_os/out/arm/export-ta_arm64/lib/libzlib.a
LOAD /home/rex/devel/optee/optee_os/out/arm/export-ta_arm64/lib/libutils.a
LOAD /home/rex/devel/optee/optee_os/out/arm/export-ta_arm64/lib/libmpa.a
LOAD /home/rex/devel/optee/optee_os/out/arm/export-ta_arm64/lib/libutee.a
LOAD /home/rex/devel/optee/optee_os/out/arm/export-ta_arm64/lib/libutils.a
OUTPUT(cafe03b2-aa3c-4536-bbe4-fc78716d0505.elf elf64-littleaarch64)

.debug_info     0x0000000000000000     0xab39
 .debug_info    0x0000000000000000      0x2f2 ./boot_secure_os_ta.o
 .debug_info    0x00000000000002f2      0x3d2 ./user_ta_header.o
 .debug_info    0x00000000000006c4      0x70c /home/rex/devel/optee/optee_os/out/arm/export-ta_arm64/lib/libutee.a(user_ta_entry.o)
 .debug_info    0x0000000000000dd0       0x78 /home/rex/devel/optee/optee_os/out/arm/export-ta_arm64/lib/libutee.a(utee_syscalls_a64.o)
 .debug_info    0x0000000000000e48       0x76 /home/rex/devel/optee/optee_os/out/arm/export-ta_arm64/lib/libutee.a(gprof_a64.o)
 .debug_info    0x0000000000000ebe     0x1282 /home/rex/devel/optee/optee_os/out/arm/export-ta_arm64/lib/libutee.a(tee_api_arith.o)
 .debug_info    0x0000000000002140      0xd3f /home/rex/devel/optee/optee_os/out/arm/export-ta_arm64/lib/libutee.a(tee_api.o)
 .debug_info    0x0000000000002e7f      0x120 /home/rex/devel/optee/optee_os/out/arm/export-ta_arm64/lib/libutee.a(tee_api_panic.o)
 .debug_info    0x0000000000002f9f      0x229 /home/rex/devel/optee/optee_os/out/arm/export-ta_arm64/lib/libutee.a(utee_misc.o)
 .debug_info    0x00000000000031c8      0x7da /home/rex/devel/optee/optee_os/out/arm/export-ta_arm64/lib/libutee.a(tee_user_mem.o)
 .debug_info    0x00000000000039a2      0x288 /home/rex/devel/optee/optee_os/out/arm/export-ta_arm64/lib/libutee.a(trace_ext.o)
 .debug_info    0x0000000000003c2a      0x12f /home/rex/devel/optee/optee_os/out/arm/export-ta_arm64/lib/libutee.a(assert.o)
 .debug_info    0x0000000000003d59     0x13f9 /home/rex/devel/optee/optee_os/out/arm/export-ta_arm64/lib/libutils.a(bget_malloc.o)
 .debug_info    0x0000000000005152      0x19d /home/rex/devel/optee/optee_os/out/arm/export-ta_arm64/lib/libutils.a(snprintf.o)
 .debug_info    0x00000000000052ef       0xf0 /home/rex/devel/optee/optee_os/out/arm/export-ta_arm64/lib/libutils.a(memcmp.o)
 .debug_info    0x00000000000053df      0x109 /home/rex/devel/optee/optee_os/out/arm/export-ta_arm64/lib/libutils.a(memcpy.o)
 .debug_info    0x00000000000054e8      0x109 /home/rex/devel/optee/optee_os/out/arm/export-ta_arm64/lib/libutils.a(memmove.o)
 .debug_info    0x00000000000055f1       0xf6 /home/rex/devel/optee/optee_os/out/arm/export-ta_arm64/lib/libutils.a(memset.o)
 .debug_info    0x00000000000056e7       0xb7 /home/rex/devel/optee/optee_os/out/arm/export-ta_arm64/lib/libutils.a(strlen.o)
 .debug_info    0x000000000000579e      0x5a0 /home/rex/devel/optee/optee_os/out/arm/export-ta_arm64/lib/libutils.a(snprintk.o)
 .debug_info    0x0000000000005d3e       0xfb /home/rex/devel/optee/optee_os/out/arm/export-ta_arm64/lib/libutils.a(strlcpy.o)
 .debug_info    0x0000000000005e39      0x326 /home/rex/devel/optee/optee_os/out/arm/export-ta_arm64/lib/libutils.a(trace.o)
 .debug_info    0x000000000000615f      0x107 /home/rex/devel/optee/optee_os/out/arm/export-ta_arm64/lib/libutils.a(memchr.o)
 .debug_info    0x0000000000006266      0x3aa /home/rex/devel/optee/optee_os/out/arm/export-ta_arm64/lib/libmpa.a(mpa_misc.o)
 .debug_info    0x0000000000006610      0x529 /home/rex/devel/optee/optee_os/out/arm/export-ta_arm64/lib/libmpa.a(mpa_montgomery.o)
 .debug_info    0x0000000000006b39      0x554 /home/rex/devel/optee/optee_os/out/arm/export-ta_arm64/lib/libmpa.a(mpa_primetest.o)
 .debug_info    0x000000000000708d      0x243 /home/rex/devel/optee/optee_os/out/arm/export-ta_arm64/lib/libmpa.a(mpa_conv.o)
 .debug_info    0x00000000000072d0      0x61c /home/rex/devel/optee/optee_os/out/arm/export-ta_arm64/lib/libmpa.a(mpa_div.o)
 .debug_info    0x00000000000078ec      0x53e /home/rex/devel/optee/optee_os/out/arm/export-ta_arm64/lib/libmpa.a(mpa_gcd.o)
 .debug_info    0x0000000000007e2a      0x4b1 /home/rex/devel/optee/optee_os/out/arm/export-ta_arm64/lib/libmpa.a(mpa_mem_static.o)
 .debug_info    0x00000000000082db      0x506 /home/rex/devel/optee/optee_os/out/arm/export-ta_arm64/lib/libmpa.a(mpa_mul.o)
 .debug_info    0x00000000000087e1      0x317 /home/rex/devel/optee/optee_os/out/arm/export-ta_arm64/lib/libmpa.a(mpa_random.o)
 .debug_info    0x0000000000008af8      0x2e3 /home/rex/devel/optee/optee_os/out/arm/export-ta_arm64/lib/libmpa.a(mpa_shift.o)
 .debug_info    0x0000000000008ddb      0x82a /home/rex/devel/optee/optee_os/out/arm/export-ta_arm64/lib/libmpa.a(mpa_addsub.o)
 .debug_info    0x0000000000009605      0x2fd /home/rex/devel/optee/optee_os/out/arm/export-ta_arm64/lib/libmpa.a(mpa_cmp.o)
 .debug_info    0x0000000000009902      0x378 /home/rex/devel/optee/optee_os/out/arm/export-ta_arm64/lib/libmpa.a(mpa_expmod.o)
 .debug_info    0x0000000000009c7a      0x236 /home/rex/devel/optee/optee_os/out/arm/export-ta_arm64/lib/libmpa.a(mpa_init.o)
 .debug_info    0x0000000000009eb0      0x831 /home/rex/devel/optee/optee_os/out/arm/export-ta_arm64/lib/libmpa.a(mpa_io.o)
 .debug_info    0x000000000000a6e1      0x458 /home/rex/devel/optee/optee_os/out/arm/export-ta_arm64/lib/libmpa.a(mpa_modulus.o)

.debug_abbrev   0x0000000000000000     0x2d3e
 .debug_abbrev  0x0000000000000000      0x138 ./boot_secure_os_ta.o
 .debug_abbrev  0x0000000000000138      0x139 ./user_ta_header.o
 .debug_abbrev  0x0000000000000271      0x1d8 /home/rex/devel/optee/optee_os/out/arm/export-ta_arm64/lib/libutee.a(user_ta_entry.o)
 .debug_abbrev  0x0000000000000449       0x14 /home/rex/devel/optee/optee_os/out/arm/export-ta_arm64/lib/libutee.a(utee_syscalls_a64.o)
 .debug_abbrev  0x000000000000045d       0x14 /home/rex/devel/optee/optee_os/out/arm/export-ta_arm64/lib/libutee.a(gprof_a64.o)
 .debug_abbrev  0x0000000000000471      0x21f /home/rex/devel/optee/optee_os/out/arm/export-ta_arm64/lib/libutee.a(tee_api_arith.o)
 .debug_abbrev  0x0000000000000690      0x21e /home/rex/devel/optee/optee_os/out/arm/export-ta_arm64/lib/libutee.a(tee_api.o)
 .debug_abbrev  0x00000000000008ae       0xa4 /home/rex/devel/optee/optee_os/out/arm/export-ta_arm64/lib/libutee.a(tee_api_panic.o)
 .debug_abbrev  0x0000000000000952       0xd2 /home/rex/devel/optee/optee_os/out/arm/export-ta_arm64/lib/libutee.a(utee_misc.o)
 .debug_abbrev  0x0000000000000a24      0x268 /home/rex/devel/optee/optee_os/out/arm/export-ta_arm64/lib/libutee.a(tee_user_mem.o)
 .debug_abbrev  0x0000000000000c8c      0x112 /home/rex/devel/optee/optee_os/out/arm/export-ta_arm64/lib/libutee.a(trace_ext.o)
 .debug_abbrev  0x0000000000000d9e       0x9d /home/rex/devel/optee/optee_os/out/arm/export-ta_arm64/lib/libutee.a(assert.o)
 .debug_abbrev  0x0000000000000e3b      0x258 /home/rex/devel/optee/optee_os/out/arm/export-ta_arm64/lib/libutils.a(bget_malloc.o)
 .debug_abbrev  0x0000000000001093       0xe1 /home/rex/devel/optee/optee_os/out/arm/export-ta_arm64/lib/libutils.a(snprintf.o)
 .debug_abbrev  0x0000000000001174       0x7f /home/rex/devel/optee/optee_os/out/arm/export-ta_arm64/lib/libutils.a(memcmp.o)
 .debug_abbrev  0x00000000000011f3       0x91 /home/rex/devel/optee/optee_os/out/arm/export-ta_arm64/lib/libutils.a(memcpy.o)
 .debug_abbrev  0x0000000000001284       0x91 /home/rex/devel/optee/optee_os/out/arm/export-ta_arm64/lib/libutils.a(memmove.o)
 .debug_abbrev  0x0000000000001315       0x90 /home/rex/devel/optee/optee_os/out/arm/export-ta_arm64/lib/libutils.a(memset.o)
 .debug_abbrev  0x00000000000013a5       0x76 /home/rex/devel/optee/optee_os/out/arm/export-ta_arm64/lib/libutils.a(strlen.o)
 .debug_abbrev  0x000000000000141b      0x182 /home/rex/devel/optee/optee_os/out/arm/export-ta_arm64/lib/libutils.a(snprintk.o)
 .debug_abbrev  0x000000000000159d       0x81 /home/rex/devel/optee/optee_os/out/arm/export-ta_arm64/lib/libutils.a(strlcpy.o)
 .debug_abbrev  0x000000000000161e      0x158 /home/rex/devel/optee/optee_os/out/arm/export-ta_arm64/lib/libutils.a(trace.o)
 .debug_abbrev  0x0000000000001776       0xab /home/rex/devel/optee/optee_os/out/arm/export-ta_arm64/lib/libutils.a(memchr.o)
 .debug_abbrev  0x0000000000001821      0x137 /home/rex/devel/optee/optee_os/out/arm/export-ta_arm64/lib/libmpa.a(mpa_misc.o)
 .debug_abbrev  0x0000000000001958      0x19e /home/rex/devel/optee/optee_os/out/arm/export-ta_arm64/lib/libmpa.a(mpa_montgomery.o)
 .debug_abbrev  0x0000000000001af6      0x175 /home/rex/devel/optee/optee_os/out/arm/export-ta_arm64/lib/libmpa.a(mpa_primetest.o)
 .debug_abbrev  0x0000000000001c6b      0x101 /home/rex/devel/optee/optee_os/out/arm/export-ta_arm64/lib/libmpa.a(mpa_conv.o)
 .debug_abbrev  0x0000000000001d6c      0x199 /home/rex/devel/optee/optee_os/out/arm/export-ta_arm64/lib/libmpa.a(mpa_div.o)
 .debug_abbrev  0x0000000000001f05      0x17b /home/rex/devel/optee/optee_os/out/arm/export-ta_arm64/lib/libmpa.a(mpa_gcd.o)
 .debug_abbrev  0x0000000000002080      0x13b /home/rex/devel/optee/optee_os/out/arm/export-ta_arm64/lib/libmpa.a(mpa_mem_static.o)
 .debug_abbrev  0x00000000000021bb      0x136 /home/rex/devel/optee/optee_os/out/arm/export-ta_arm64/lib/libmpa.a(mpa_mul.o)
 .debug_abbrev  0x00000000000022f1      0x164 /home/rex/devel/optee/optee_os/out/arm/export-ta_arm64/lib/libmpa.a(mpa_random.o)
 .debug_abbrev  0x0000000000002455      0x103 /home/rex/devel/optee/optee_os/out/arm/export-ta_arm64/lib/libmpa.a(mpa_shift.o)
 .debug_abbrev  0x0000000000002558      0x17d /home/rex/devel/optee/optee_os/out/arm/export-ta_arm64/lib/libmpa.a(mpa_addsub.o)
 .debug_abbrev  0x00000000000026d5      0x105 /home/rex/devel/optee/optee_os/out/arm/export-ta_arm64/lib/libmpa.a(mpa_cmp.o)
 .debug_abbrev  0x00000000000027da      0x118 /home/rex/devel/optee/optee_os/out/arm/export-ta_arm64/lib/libmpa.a(mpa_expmod.o)
 .debug_abbrev  0x00000000000028f2       0xf4 /home/rex/devel/optee/optee_os/out/arm/export-ta_arm64/lib/libmpa.a(mpa_init.o)
 .debug_abbrev  0x00000000000029e6      0x220 /home/rex/devel/optee/optee_os/out/arm/export-ta_arm64/lib/libmpa.a(mpa_io.o)
 .debug_abbrev  0x0000000000002c06      0x138 /home/rex/devel/optee/optee_os/out/arm/export-ta_arm64/lib/libmpa.a(mpa_modulus.o)

.debug_loc      0x0000000000000000     0x5682
 .debug_loc     0x0000000000000000      0x1b8 ./boot_secure_os_ta.o
 .debug_loc     0x00000000000001b8      0x2de /home/rex/devel/optee/optee_os/out/arm/export-ta_arm64/lib/libutee.a(user_ta_entry.o)
 .debug_loc     0x0000000000000496      0xc94 /home/rex/devel/optee/optee_os/out/arm/export-ta_arm64/lib/libutee.a(tee_api_arith.o)
 .debug_loc     0x000000000000112a      0x8c9 /home/rex/devel/optee/optee_os/out/arm/export-ta_arm64/lib/libutee.a(tee_api.o)
 .debug_loc     0x00000000000019f3       0x98 /home/rex/devel/optee/optee_os/out/arm/export-ta_arm64/lib/libutee.a(tee_api_panic.o)
 .debug_loc     0x0000000000001a8b      0x1e0 /home/rex/devel/optee/optee_os/out/arm/export-ta_arm64/lib/libutee.a(utee_misc.o)
 .debug_loc     0x0000000000001c6b      0x5a2 /home/rex/devel/optee/optee_os/out/arm/export-ta_arm64/lib/libutee.a(tee_user_mem.o)
 .debug_loc     0x000000000000220d      0x122 /home/rex/devel/optee/optee_os/out/arm/export-ta_arm64/lib/libutee.a(trace_ext.o)
 .debug_loc     0x000000000000232f       0xad /home/rex/devel/optee/optee_os/out/arm/export-ta_arm64/lib/libutee.a(assert.o)
 .debug_loc     0x00000000000023dc      0xc7a /home/rex/devel/optee/optee_os/out/arm/export-ta_arm64/lib/libutils.a(bget_malloc.o)
 .debug_loc     0x0000000000003056       0xc4 /home/rex/devel/optee/optee_os/out/arm/export-ta_arm64/lib/libutils.a(snprintf.o)
 .debug_loc     0x000000000000311a       0x4d /home/rex/devel/optee/optee_os/out/arm/export-ta_arm64/lib/libutils.a(memcmp.o)
 .debug_loc     0x0000000000003167       0x4d /home/rex/devel/optee/optee_os/out/arm/export-ta_arm64/lib/libutils.a(memcpy.o)
 .debug_loc     0x00000000000031b4       0x4d /home/rex/devel/optee/optee_os/out/arm/export-ta_arm64/lib/libutils.a(memmove.o)
 .debug_loc     0x0000000000003201       0x4d /home/rex/devel/optee/optee_os/out/arm/export-ta_arm64/lib/libutils.a(memset.o)
 .debug_loc     0x000000000000324e       0x4c /home/rex/devel/optee/optee_os/out/arm/export-ta_arm64/lib/libutils.a(strlen.o)
 .debug_loc     0x000000000000329a      0x1ea /home/rex/devel/optee/optee_os/out/arm/export-ta_arm64/lib/libutils.a(snprintk.o)
 .debug_loc     0x0000000000003484       0x4d /home/rex/devel/optee/optee_os/out/arm/export-ta_arm64/lib/libutils.a(strlcpy.o)
 .debug_loc     0x00000000000034d1      0x146 /home/rex/devel/optee/optee_os/out/arm/export-ta_arm64/lib/libutils.a(trace.o)
 .debug_loc     0x0000000000003617       0x4d /home/rex/devel/optee/optee_os/out/arm/export-ta_arm64/lib/libutils.a(memchr.o)
 .debug_loc     0x0000000000003664      0x2b0 /home/rex/devel/optee/optee_os/out/arm/export-ta_arm64/lib/libmpa.a(mpa_misc.o)
 .debug_loc     0x0000000000003914      0x1bf /home/rex/devel/optee/optee_os/out/arm/export-ta_arm64/lib/libmpa.a(mpa_montgomery.o)
 .debug_loc     0x0000000000003ad3      0x1d2 /home/rex/devel/optee/optee_os/out/arm/export-ta_arm64/lib/libmpa.a(mpa_primetest.o)
 .debug_loc     0x0000000000003ca5      0x130 /home/rex/devel/optee/optee_os/out/arm/export-ta_arm64/lib/libmpa.a(mpa_conv.o)
 .debug_loc     0x0000000000003dd5      0x237 /home/rex/devel/optee/optee_os/out/arm/export-ta_arm64/lib/libmpa.a(mpa_div.o)
 .debug_loc     0x000000000000400c      0x1d4 /home/rex/devel/optee/optee_os/out/arm/export-ta_arm64/lib/libmpa.a(mpa_gcd.o)
 .debug_loc     0x00000000000041e0      0x1d0 /home/rex/devel/optee/optee_os/out/arm/export-ta_arm64/lib/libmpa.a(mpa_mem_static.o)
 .debug_loc     0x00000000000043b0      0x220 /home/rex/devel/optee/optee_os/out/arm/export-ta_arm64/lib/libmpa.a(mpa_mul.o)
 .debug_loc     0x00000000000045d0      0x16e /home/rex/devel/optee/optee_os/out/arm/export-ta_arm64/lib/libmpa.a(mpa_random.o)
 .debug_loc     0x000000000000473e      0x184 /home/rex/devel/optee/optee_os/out/arm/export-ta_arm64/lib/libmpa.a(mpa_shift.o)
 .debug_loc     0x00000000000048c2      0x3f2 /home/rex/devel/optee/optee_os/out/arm/export-ta_arm64/lib/libmpa.a(mpa_addsub.o)
 .debug_loc     0x0000000000004cb4      0x1b8 /home/rex/devel/optee/optee_os/out/arm/export-ta_arm64/lib/libmpa.a(mpa_cmp.o)
 .debug_loc     0x0000000000004e6c       0x62 /home/rex/devel/optee/optee_os/out/arm/export-ta_arm64/lib/libmpa.a(mpa_expmod.o)
 .debug_loc     0x0000000000004ece       0xac /home/rex/devel/optee/optee_os/out/arm/export-ta_arm64/lib/libmpa.a(mpa_init.o)
 .debug_loc     0x0000000000004f7a      0x520 /home/rex/devel/optee/optee_os/out/arm/export-ta_arm64/lib/libmpa.a(mpa_io.o)
 .debug_loc     0x000000000000549a      0x1e8 /home/rex/devel/optee/optee_os/out/arm/export-ta_arm64/lib/libmpa.a(mpa_modulus.o)

.debug_aranges  0x0000000000000000      0x750
 .debug_aranges
                0x0000000000000000       0x30 ./boot_secure_os_ta.o
 .debug_aranges
                0x0000000000000030       0x30 ./user_ta_header.o
 .debug_aranges
                0x0000000000000060       0x30 /home/rex/devel/optee/optee_os/out/arm/export-ta_arm64/lib/libutee.a(user_ta_entry.o)
 .debug_aranges
                0x0000000000000090       0x30 /home/rex/devel/optee/optee_os/out/arm/export-ta_arm64/lib/libutee.a(utee_syscalls_a64.o)
 .debug_aranges
                0x00000000000000c0       0x30 /home/rex/devel/optee/optee_os/out/arm/export-ta_arm64/lib/libutee.a(gprof_a64.o)
 .debug_aranges
                0x00000000000000f0       0x30 /home/rex/devel/optee/optee_os/out/arm/export-ta_arm64/lib/libutee.a(tee_api_arith.o)
 .debug_aranges
                0x0000000000000120       0x30 /home/rex/devel/optee/optee_os/out/arm/export-ta_arm64/lib/libutee.a(tee_api.o)
 .debug_aranges
                0x0000000000000150       0x30 /home/rex/devel/optee/optee_os/out/arm/export-ta_arm64/lib/libutee.a(tee_api_panic.o)
 .debug_aranges
                0x0000000000000180       0x30 /home/rex/devel/optee/optee_os/out/arm/export-ta_arm64/lib/libutee.a(utee_misc.o)
 .debug_aranges
                0x00000000000001b0       0x30 /home/rex/devel/optee/optee_os/out/arm/export-ta_arm64/lib/libutee.a(tee_user_mem.o)
 .debug_aranges
                0x00000000000001e0       0x30 /home/rex/devel/optee/optee_os/out/arm/export-ta_arm64/lib/libutee.a(trace_ext.o)
 .debug_aranges
                0x0000000000000210       0x30 /home/rex/devel/optee/optee_os/out/arm/export-ta_arm64/lib/libutee.a(assert.o)
 .debug_aranges
                0x0000000000000240       0x30 /home/rex/devel/optee/optee_os/out/arm/export-ta_arm64/lib/libutils.a(bget_malloc.o)
 .debug_aranges
                0x0000000000000270       0x30 /home/rex/devel/optee/optee_os/out/arm/export-ta_arm64/lib/libutils.a(snprintf.o)
 .debug_aranges
                0x00000000000002a0       0x30 /home/rex/devel/optee/optee_os/out/arm/export-ta_arm64/lib/libutils.a(memcmp.o)
 .debug_aranges
                0x00000000000002d0       0x30 /home/rex/devel/optee/optee_os/out/arm/export-ta_arm64/lib/libutils.a(memcpy.o)
 .debug_aranges
                0x0000000000000300       0x30 /home/rex/devel/optee/optee_os/out/arm/export-ta_arm64/lib/libutils.a(memmove.o)
 .debug_aranges
                0x0000000000000330       0x30 /home/rex/devel/optee/optee_os/out/arm/export-ta_arm64/lib/libutils.a(memset.o)
 .debug_aranges
                0x0000000000000360       0x30 /home/rex/devel/optee/optee_os/out/arm/export-ta_arm64/lib/libutils.a(strlen.o)
 .debug_aranges
                0x0000000000000390       0x30 /home/rex/devel/optee/optee_os/out/arm/export-ta_arm64/lib/libutils.a(snprintk.o)
 .debug_aranges
                0x00000000000003c0       0x30 /home/rex/devel/optee/optee_os/out/arm/export-ta_arm64/lib/libutils.a(strlcpy.o)
 .debug_aranges
                0x00000000000003f0       0x30 /home/rex/devel/optee/optee_os/out/arm/export-ta_arm64/lib/libutils.a(trace.o)
 .debug_aranges
                0x0000000000000420       0x30 /home/rex/devel/optee/optee_os/out/arm/export-ta_arm64/lib/libutils.a(memchr.o)
 .debug_aranges
                0x0000000000000450       0x30 /home/rex/devel/optee/optee_os/out/arm/export-ta_arm64/lib/libmpa.a(mpa_misc.o)
 .debug_aranges
                0x0000000000000480       0x30 /home/rex/devel/optee/optee_os/out/arm/export-ta_arm64/lib/libmpa.a(mpa_montgomery.o)
 .debug_aranges
                0x00000000000004b0       0x30 /home/rex/devel/optee/optee_os/out/arm/export-ta_arm64/lib/libmpa.a(mpa_primetest.o)
 .debug_aranges
                0x00000000000004e0       0x30 /home/rex/devel/optee/optee_os/out/arm/export-ta_arm64/lib/libmpa.a(mpa_conv.o)
 .debug_aranges
                0x0000000000000510       0x30 /home/rex/devel/optee/optee_os/out/arm/export-ta_arm64/lib/libmpa.a(mpa_div.o)
 .debug_aranges
                0x0000000000000540       0x30 /home/rex/devel/optee/optee_os/out/arm/export-ta_arm64/lib/libmpa.a(mpa_gcd.o)
 .debug_aranges
                0x0000000000000570       0x30 /home/rex/devel/optee/optee_os/out/arm/export-ta_arm64/lib/libmpa.a(mpa_mem_static.o)
 .debug_aranges
                0x00000000000005a0       0x30 /home/rex/devel/optee/optee_os/out/arm/export-ta_arm64/lib/libmpa.a(mpa_mul.o)
 .debug_aranges
                0x00000000000005d0       0x30 /home/rex/devel/optee/optee_os/out/arm/export-ta_arm64/lib/libmpa.a(mpa_random.o)
 .debug_aranges
                0x0000000000000600       0x30 /home/rex/devel/optee/optee_os/out/arm/export-ta_arm64/lib/libmpa.a(mpa_shift.o)
 .debug_aranges
                0x0000000000000630       0x30 /home/rex/devel/optee/optee_os/out/arm/export-ta_arm64/lib/libmpa.a(mpa_addsub.o)
 .debug_aranges
                0x0000000000000660       0x30 /home/rex/devel/optee/optee_os/out/arm/export-ta_arm64/lib/libmpa.a(mpa_cmp.o)
 .debug_aranges
                0x0000000000000690       0x30 /home/rex/devel/optee/optee_os/out/arm/export-ta_arm64/lib/libmpa.a(mpa_expmod.o)
 .debug_aranges
                0x00000000000006c0       0x30 /home/rex/devel/optee/optee_os/out/arm/export-ta_arm64/lib/libmpa.a(mpa_init.o)
 .debug_aranges
                0x00000000000006f0       0x30 /home/rex/devel/optee/optee_os/out/arm/export-ta_arm64/lib/libmpa.a(mpa_io.o)
 .debug_aranges
                0x0000000000000720       0x30 /home/rex/devel/optee/optee_os/out/arm/export-ta_arm64/lib/libmpa.a(mpa_modulus.o)

.debug_line     0x0000000000000000     0x3ca4
 .debug_line    0x0000000000000000       0xc8 ./boot_secure_os_ta.o
 .debug_line    0x00000000000000c8      0x15c ./user_ta_header.o
 .debug_line    0x0000000000000224      0x22f /home/rex/devel/optee/optee_os/out/arm/export-ta_arm64/lib/libutee.a(user_ta_entry.o)
 .debug_line    0x0000000000000453       0xa3 /home/rex/devel/optee/optee_os/out/arm/export-ta_arm64/lib/libutee.a(utee_syscalls_a64.o)
 .debug_line    0x00000000000004f6       0x5b /home/rex/devel/optee/optee_os/out/arm/export-ta_arm64/lib/libutee.a(gprof_a64.o)
 .debug_line    0x0000000000000551      0x274 /home/rex/devel/optee/optee_os/out/arm/export-ta_arm64/lib/libutee.a(tee_api_arith.o)
 .debug_line    0x00000000000007c5      0x23c /home/rex/devel/optee/optee_os/out/arm/export-ta_arm64/lib/libutee.a(tee_api.o)
 .debug_line    0x0000000000000a01       0xc3 /home/rex/devel/optee/optee_os/out/arm/export-ta_arm64/lib/libutee.a(tee_api_panic.o)
 .debug_line    0x0000000000000ac4      0x141 /home/rex/devel/optee/optee_os/out/arm/export-ta_arm64/lib/libutee.a(utee_misc.o)
 .debug_line    0x0000000000000c05      0x213 /home/rex/devel/optee/optee_os/out/arm/export-ta_arm64/lib/libutee.a(tee_user_mem.o)
 .debug_line    0x0000000000000e18       0xfe /home/rex/devel/optee/optee_os/out/arm/export-ta_arm64/lib/libutee.a(trace_ext.o)
 .debug_line    0x0000000000000f16       0x70 /home/rex/devel/optee/optee_os/out/arm/export-ta_arm64/lib/libutee.a(assert.o)
 .debug_line    0x0000000000000f86      0x4a8 /home/rex/devel/optee/optee_os/out/arm/export-ta_arm64/lib/libutils.a(bget_malloc.o)
 .debug_line    0x000000000000142e       0xcf /home/rex/devel/optee/optee_os/out/arm/export-ta_arm64/lib/libutils.a(snprintf.o)
 .debug_line    0x00000000000014fd       0xd2 /home/rex/devel/optee/optee_os/out/arm/export-ta_arm64/lib/libutils.a(memcmp.o)
 .debug_line    0x00000000000015cf       0xd5 /home/rex/devel/optee/optee_os/out/arm/export-ta_arm64/lib/libutils.a(memcpy.o)
 .debug_line    0x00000000000016a4       0xe6 /home/rex/devel/optee/optee_os/out/arm/export-ta_arm64/lib/libutils.a(memmove.o)
 .debug_line    0x000000000000178a       0xe1 /home/rex/devel/optee/optee_os/out/arm/export-ta_arm64/lib/libutils.a(memset.o)
 .debug_line    0x000000000000186b       0xc3 /home/rex/devel/optee/optee_os/out/arm/export-ta_arm64/lib/libutils.a(strlen.o)
 .debug_line    0x000000000000192e      0x4b5 /home/rex/devel/optee/optee_os/out/arm/export-ta_arm64/lib/libutils.a(snprintk.o)
 .debug_line    0x0000000000001de3       0xc6 /home/rex/devel/optee/optee_os/out/arm/export-ta_arm64/lib/libutils.a(strlcpy.o)
 .debug_line    0x0000000000001ea9      0x15c /home/rex/devel/optee/optee_os/out/arm/export-ta_arm64/lib/libutils.a(trace.o)
 .debug_line    0x0000000000002005       0xe2 /home/rex/devel/optee/optee_os/out/arm/export-ta_arm64/lib/libutils.a(memchr.o)
 .debug_line    0x00000000000020e7      0x100 /home/rex/devel/optee/optee_os/out/arm/export-ta_arm64/lib/libmpa.a(mpa_misc.o)
 .debug_line    0x00000000000021e7      0x1bf /home/rex/devel/optee/optee_os/out/arm/export-ta_arm64/lib/libmpa.a(mpa_montgomery.o)
 .debug_line    0x00000000000023a6      0x174 /home/rex/devel/optee/optee_os/out/arm/export-ta_arm64/lib/libmpa.a(mpa_primetest.o)
 .debug_line    0x000000000000251a      0x12d /home/rex/devel/optee/optee_os/out/arm/export-ta_arm64/lib/libmpa.a(mpa_conv.o)
 .debug_line    0x0000000000002647      0x374 /home/rex/devel/optee/optee_os/out/arm/export-ta_arm64/lib/libmpa.a(mpa_div.o)
 .debug_line    0x00000000000029bb      0x2b3 /home/rex/devel/optee/optee_os/out/arm/export-ta_arm64/lib/libmpa.a(mpa_gcd.o)
 .debug_line    0x0000000000002c6e      0x19e /home/rex/devel/optee/optee_os/out/arm/export-ta_arm64/lib/libmpa.a(mpa_mem_static.o)
 .debug_line    0x0000000000002e0c      0x1aa /home/rex/devel/optee/optee_os/out/arm/export-ta_arm64/lib/libmpa.a(mpa_mul.o)
 .debug_line    0x0000000000002fb6      0x167 /home/rex/devel/optee/optee_os/out/arm/export-ta_arm64/lib/libmpa.a(mpa_random.o)
 .debug_line    0x000000000000311d      0x199 /home/rex/devel/optee/optee_os/out/arm/export-ta_arm64/lib/libmpa.a(mpa_shift.o)
 .debug_line    0x00000000000032b6      0x2b2 /home/rex/devel/optee/optee_os/out/arm/export-ta_arm64/lib/libmpa.a(mpa_addsub.o)
 .debug_line    0x0000000000003568      0x181 /home/rex/devel/optee/optee_os/out/arm/export-ta_arm64/lib/libmpa.a(mpa_cmp.o)
 .debug_line    0x00000000000036e9       0xed /home/rex/devel/optee/optee_os/out/arm/export-ta_arm64/lib/libmpa.a(mpa_expmod.o)
 .debug_line    0x00000000000037d6       0xcc /home/rex/devel/optee/optee_os/out/arm/export-ta_arm64/lib/libmpa.a(mpa_init.o)
 .debug_line    0x00000000000038a2      0x313 /home/rex/devel/optee/optee_os/out/arm/export-ta_arm64/lib/libmpa.a(mpa_io.o)
 .debug_line    0x0000000000003bb5       0xef /home/rex/devel/optee/optee_os/out/arm/export-ta_arm64/lib/libmpa.a(mpa_modulus.o)

.debug_str      0x0000000000000000     0x2438
 .debug_str     0x0000000000000000      0x1cb ./boot_secure_os_ta.o
                                        0x225 (size before relaxing)
 .debug_str     0x00000000000001cb      0x1fc ./user_ta_header.o
                                        0x36d (size before relaxing)
 .debug_str     0x00000000000003c7      0x218 /home/rex/devel/optee/optee_os/out/arm/export-ta_arm64/lib/libutee.a(user_ta_entry.o)
                                        0x4b7 (size before relaxing)
 .debug_str     0x00000000000005df      0x512 /home/rex/devel/optee/optee_os/out/arm/export-ta_arm64/lib/libutee.a(tee_api_arith.o)
                                        0x6c0 (size before relaxing)
 .debug_str     0x0000000000000af1      0x374 /home/rex/devel/optee/optee_os/out/arm/export-ta_arm64/lib/libutee.a(tee_api.o)
                                        0x685 (size before relaxing)
 .debug_str     0x0000000000000e65       0x32 /home/rex/devel/optee/optee_os/out/arm/export-ta_arm64/lib/libutee.a(tee_api_panic.o)
                                        0x16e (size before relaxing)
 .debug_str     0x0000000000000e97       0x72 /home/rex/devel/optee/optee_os/out/arm/export-ta_arm64/lib/libutee.a(utee_misc.o)
                                        0x1c9 (size before relaxing)
 .debug_str     0x0000000000000f09      0x192 /home/rex/devel/optee/optee_os/out/arm/export-ta_arm64/lib/libutee.a(tee_user_mem.o)
                                        0x349 (size before relaxing)
 .debug_str     0x000000000000109b       0x9d /home/rex/devel/optee/optee_os/out/arm/export-ta_arm64/lib/libutee.a(trace_ext.o)
                                        0x1d6 (size before relaxing)
 .debug_str     0x0000000000001138       0x39 /home/rex/devel/optee/optee_os/out/arm/export-ta_arm64/lib/libutee.a(assert.o)
                                        0x161 (size before relaxing)
 .debug_str     0x0000000000001171      0x3f1 /home/rex/devel/optee/optee_os/out/arm/export-ta_arm64/lib/libutils.a(bget_malloc.o)
                                        0x59a (size before relaxing)
 .debug_str     0x0000000000001562       0x24 /home/rex/devel/optee/optee_os/out/arm/export-ta_arm64/lib/libutils.a(snprintf.o)
                                        0x14d (size before relaxing)
 .debug_str     0x0000000000001586       0xa7 /home/rex/devel/optee/optee_os/out/arm/export-ta_arm64/lib/libutils.a(memcmp.o)
                                        0x103 (size before relaxing)
 .debug_str     0x000000000000162d       0x50 /home/rex/devel/optee/optee_os/out/arm/export-ta_arm64/lib/libutils.a(memcpy.o)
                                        0x121 (size before relaxing)
 .debug_str     0x000000000000167d       0x44 /home/rex/devel/optee/optee_os/out/arm/export-ta_arm64/lib/libutils.a(memmove.o)
                                        0x12d (size before relaxing)
 .debug_str     0x00000000000016c1       0x36 /home/rex/devel/optee/optee_os/out/arm/export-ta_arm64/lib/libutils.a(memset.o)
                                        0x10e (size before relaxing)
 .debug_str     0x00000000000016f7       0x29 /home/rex/devel/optee/optee_os/out/arm/export-ta_arm64/lib/libutils.a(strlen.o)
                                        0x10d (size before relaxing)
 .debug_str     0x0000000000001720       0xc6 /home/rex/devel/optee/optee_os/out/arm/export-ta_arm64/lib/libutils.a(snprintk.o)
                                        0x277 (size before relaxing)
 .debug_str     0x00000000000017e6       0x23 /home/rex/devel/optee/optee_os/out/arm/export-ta_arm64/lib/libutils.a(strlcpy.o)
                                        0x11c (size before relaxing)
 .debug_str     0x0000000000001809       0x87 /home/rex/devel/optee/optee_os/out/arm/export-ta_arm64/lib/libutils.a(trace.o)
                                        0x210 (size before relaxing)
 .debug_str     0x0000000000001890       0x2e /home/rex/devel/optee/optee_os/out/arm/export-ta_arm64/lib/libutils.a(memchr.o)
                                        0x11d (size before relaxing)
 .debug_str     0x00000000000018be       0xd1 /home/rex/devel/optee/optee_os/out/arm/export-ta_arm64/lib/libmpa.a(mpa_misc.o)
                                        0x260 (size before relaxing)
 .debug_str     0x000000000000198f       0xd8 /home/rex/devel/optee/optee_os/out/arm/export-ta_arm64/lib/libmpa.a(mpa_montgomery.o)
                                        0x34e (size before relaxing)
 .debug_str     0x0000000000001a67      0x136 /home/rex/devel/optee/optee_os/out/arm/export-ta_arm64/lib/libmpa.a(mpa_primetest.o)
                                        0x3af (size before relaxing)
 .debug_str     0x0000000000001b9d       0x52 /home/rex/devel/optee/optee_os/out/arm/export-ta_arm64/lib/libmpa.a(mpa_conv.o)
                                        0x217 (size before relaxing)
 .debug_str     0x0000000000001bef       0xf4 /home/rex/devel/optee/optee_os/out/arm/export-ta_arm64/lib/libmpa.a(mpa_div.o)
                                        0x34f (size before relaxing)
 .debug_str     0x0000000000001ce3       0x9c /home/rex/devel/optee/optee_os/out/arm/export-ta_arm64/lib/libmpa.a(mpa_gcd.o)
                                        0x2f8 (size before relaxing)
 .debug_str     0x0000000000001d7f      0x10f /home/rex/devel/optee/optee_os/out/arm/export-ta_arm64/lib/libmpa.a(mpa_mem_static.o)
                                        0x390 (size before relaxing)
 .debug_str     0x0000000000001e8e       0x81 /home/rex/devel/optee/optee_os/out/arm/export-ta_arm64/lib/libmpa.a(mpa_mul.o)
                                        0x2f3 (size before relaxing)
 .debug_str     0x0000000000001f0f       0x83 /home/rex/devel/optee/optee_os/out/arm/export-ta_arm64/lib/libmpa.a(mpa_random.o)
                                        0x276 (size before relaxing)
 .debug_str     0x0000000000001f92       0x81 /home/rex/devel/optee/optee_os/out/arm/export-ta_arm64/lib/libmpa.a(mpa_shift.o)
                                        0x246 (size before relaxing)
 .debug_str     0x0000000000002013      0x124 /home/rex/devel/optee/optee_os/out/arm/export-ta_arm64/lib/libmpa.a(mpa_addsub.o)
                                        0x3b2 (size before relaxing)
 .debug_str     0x0000000000002137       0x77 /home/rex/devel/optee/optee_os/out/arm/export-ta_arm64/lib/libmpa.a(mpa_cmp.o)
                                        0x24a (size before relaxing)
 .debug_str     0x00000000000021ae       0x4e /home/rex/devel/optee/optee_os/out/arm/export-ta_arm64/lib/libmpa.a(mpa_expmod.o)
                                        0x2c7 (size before relaxing)
 .debug_str     0x00000000000021fc       0x42 /home/rex/devel/optee/optee_os/out/arm/export-ta_arm64/lib/libmpa.a(mpa_init.o)
                                        0x251 (size before relaxing)
 .debug_str     0x000000000000223e      0x1a9 /home/rex/devel/optee/optee_os/out/arm/export-ta_arm64/lib/libmpa.a(mpa_io.o)
                                        0x3f2 (size before relaxing)
 .debug_str     0x00000000000023e7       0x51 /home/rex/devel/optee/optee_os/out/arm/export-ta_arm64/lib/libmpa.a(mpa_modulus.o)
                                        0x2b1 (size before relaxing)

.comment        0x0000000000000000       0x2d
 .comment       0x0000000000000000       0x2d ./boot_secure_os_ta.o
                                         0x2e (size before relaxing)
 .comment       0x000000000000002d       0x2e ./user_ta_header.o
 .comment       0x000000000000002d       0x2e /home/rex/devel/optee/optee_os/out/arm/export-ta_arm64/lib/libutee.a(user_ta_entry.o)
 .comment       0x000000000000002d       0x2e /home/rex/devel/optee/optee_os/out/arm/export-ta_arm64/lib/libutee.a(tee_api_arith.o)
 .comment       0x000000000000002d       0x2e /home/rex/devel/optee/optee_os/out/arm/export-ta_arm64/lib/libutee.a(tee_api.o)
 .comment       0x000000000000002d       0x2e /home/rex/devel/optee/optee_os/out/arm/export-ta_arm64/lib/libutee.a(tee_api_panic.o)
 .comment       0x000000000000002d       0x2e /home/rex/devel/optee/optee_os/out/arm/export-ta_arm64/lib/libutee.a(utee_misc.o)
 .comment       0x000000000000002d       0x2e /home/rex/devel/optee/optee_os/out/arm/export-ta_arm64/lib/libutee.a(tee_user_mem.o)
 .comment       0x000000000000002d       0x2e /home/rex/devel/optee/optee_os/out/arm/export-ta_arm64/lib/libutee.a(trace_ext.o)
 .comment       0x000000000000002d       0x2e /home/rex/devel/optee/optee_os/out/arm/export-ta_arm64/lib/libutee.a(assert.o)
 .comment       0x000000000000002d       0x2e /home/rex/devel/optee/optee_os/out/arm/export-ta_arm64/lib/libutils.a(bget_malloc.o)
 .comment       0x000000000000002d       0x2e /home/rex/devel/optee/optee_os/out/arm/export-ta_arm64/lib/libutils.a(snprintf.o)
 .comment       0x000000000000002d       0x2e /home/rex/devel/optee/optee_os/out/arm/export-ta_arm64/lib/libutils.a(memcmp.o)
 .comment       0x000000000000002d       0x2e /home/rex/devel/optee/optee_os/out/arm/export-ta_arm64/lib/libutils.a(memcpy.o)
 .comment       0x000000000000002d       0x2e /home/rex/devel/optee/optee_os/out/arm/export-ta_arm64/lib/libutils.a(memmove.o)
 .comment       0x000000000000002d       0x2e /home/rex/devel/optee/optee_os/out/arm/export-ta_arm64/lib/libutils.a(memset.o)
 .comment       0x000000000000002d       0x2e /home/rex/devel/optee/optee_os/out/arm/export-ta_arm64/lib/libutils.a(strlen.o)
 .comment       0x000000000000002d       0x2e /home/rex/devel/optee/optee_os/out/arm/export-ta_arm64/lib/libutils.a(snprintk.o)
 .comment       0x000000000000002d       0x2e /home/rex/devel/optee/optee_os/out/arm/export-ta_arm64/lib/libutils.a(strlcpy.o)
 .comment       0x000000000000002d       0x2e /home/rex/devel/optee/optee_os/out/arm/export-ta_arm64/lib/libutils.a(trace.o)
 .comment       0x000000000000002d       0x2e /home/rex/devel/optee/optee_os/out/arm/export-ta_arm64/lib/libutils.a(memchr.o)
 .comment       0x000000000000002d       0x2e /home/rex/devel/optee/optee_os/out/arm/export-ta_arm64/lib/libmpa.a(mpa_misc.o)
 .comment       0x000000000000002d       0x2e /home/rex/devel/optee/optee_os/out/arm/export-ta_arm64/lib/libmpa.a(mpa_montgomery.o)
 .comment       0x000000000000002d       0x2e /home/rex/devel/optee/optee_os/out/arm/export-ta_arm64/lib/libmpa.a(mpa_primetest.o)
 .comment       0x000000000000002d       0x2e /home/rex/devel/optee/optee_os/out/arm/export-ta_arm64/lib/libmpa.a(mpa_conv.o)
 .comment       0x000000000000002d       0x2e /home/rex/devel/optee/optee_os/out/arm/export-ta_arm64/lib/libmpa.a(mpa_div.o)
 .comment       0x000000000000002d       0x2e /home/rex/devel/optee/optee_os/out/arm/export-ta_arm64/lib/libmpa.a(mpa_gcd.o)
 .comment       0x000000000000002d       0x2e /home/rex/devel/optee/optee_os/out/arm/export-ta_arm64/lib/libmpa.a(mpa_mem_static.o)
 .comment       0x000000000000002d       0x2e /home/rex/devel/optee/optee_os/out/arm/export-ta_arm64/lib/libmpa.a(mpa_mul.o)
 .comment       0x000000000000002d       0x2e /home/rex/devel/optee/optee_os/out/arm/export-ta_arm64/lib/libmpa.a(mpa_random.o)
 .comment       0x000000000000002d       0x2e /home/rex/devel/optee/optee_os/out/arm/export-ta_arm64/lib/libmpa.a(mpa_shift.o)
 .comment       0x000000000000002d       0x2e /home/rex/devel/optee/optee_os/out/arm/export-ta_arm64/lib/libmpa.a(mpa_addsub.o)
 .comment       0x000000000000002d       0x2e /home/rex/devel/optee/optee_os/out/arm/export-ta_arm64/lib/libmpa.a(mpa_cmp.o)
 .comment       0x000000000000002d       0x2e /home/rex/devel/optee/optee_os/out/arm/export-ta_arm64/lib/libmpa.a(mpa_expmod.o)
 .comment       0x000000000000002d       0x2e /home/rex/devel/optee/optee_os/out/arm/export-ta_arm64/lib/libmpa.a(mpa_init.o)
 .comment       0x000000000000002d       0x2e /home/rex/devel/optee/optee_os/out/arm/export-ta_arm64/lib/libmpa.a(mpa_io.o)
 .comment       0x000000000000002d       0x2e /home/rex/devel/optee/optee_os/out/arm/export-ta_arm64/lib/libmpa.a(mpa_modulus.o)

.note.GNU-stack
                0x0000000000000000        0x0
 .note.GNU-stack
                0x0000000000000000        0x0 ./boot_secure_os_ta.o
 .note.GNU-stack
                0x0000000000000000        0x0 ./user_ta_header.o
 .note.GNU-stack
                0x0000000000000000        0x0 /home/rex/devel/optee/optee_os/out/arm/export-ta_arm64/lib/libutee.a(user_ta_entry.o)
 .note.GNU-stack
                0x0000000000000000        0x0 /home/rex/devel/optee/optee_os/out/arm/export-ta_arm64/lib/libutee.a(tee_api_arith.o)
 .note.GNU-stack
                0x0000000000000000        0x0 /home/rex/devel/optee/optee_os/out/arm/export-ta_arm64/lib/libutee.a(tee_api.o)
 .note.GNU-stack
                0x0000000000000000        0x0 /home/rex/devel/optee/optee_os/out/arm/export-ta_arm64/lib/libutee.a(tee_api_panic.o)
 .note.GNU-stack
                0x0000000000000000        0x0 /home/rex/devel/optee/optee_os/out/arm/export-ta_arm64/lib/libutee.a(utee_misc.o)
 .note.GNU-stack
                0x0000000000000000        0x0 /home/rex/devel/optee/optee_os/out/arm/export-ta_arm64/lib/libutee.a(tee_user_mem.o)
 .note.GNU-stack
                0x0000000000000000        0x0 /home/rex/devel/optee/optee_os/out/arm/export-ta_arm64/lib/libutee.a(trace_ext.o)
 .note.GNU-stack
                0x0000000000000000        0x0 /home/rex/devel/optee/optee_os/out/arm/export-ta_arm64/lib/libutee.a(assert.o)
 .note.GNU-stack
                0x0000000000000000        0x0 /home/rex/devel/optee/optee_os/out/arm/export-ta_arm64/lib/libutils.a(bget_malloc.o)
 .note.GNU-stack
                0x0000000000000000        0x0 /home/rex/devel/optee/optee_os/out/arm/export-ta_arm64/lib/libutils.a(snprintf.o)
 .note.GNU-stack
                0x0000000000000000        0x0 /home/rex/devel/optee/optee_os/out/arm/export-ta_arm64/lib/libutils.a(memcmp.o)
 .note.GNU-stack
                0x0000000000000000        0x0 /home/rex/devel/optee/optee_os/out/arm/export-ta_arm64/lib/libutils.a(memcpy.o)
 .note.GNU-stack
                0x0000000000000000        0x0 /home/rex/devel/optee/optee_os/out/arm/export-ta_arm64/lib/libutils.a(memmove.o)
 .note.GNU-stack
                0x0000000000000000        0x0 /home/rex/devel/optee/optee_os/out/arm/export-ta_arm64/lib/libutils.a(memset.o)
 .note.GNU-stack
                0x0000000000000000        0x0 /home/rex/devel/optee/optee_os/out/arm/export-ta_arm64/lib/libutils.a(strlen.o)
 .note.GNU-stack
                0x0000000000000000        0x0 /home/rex/devel/optee/optee_os/out/arm/export-ta_arm64/lib/libutils.a(snprintk.o)
 .note.GNU-stack
                0x0000000000000000        0x0 /home/rex/devel/optee/optee_os/out/arm/export-ta_arm64/lib/libutils.a(strlcpy.o)
 .note.GNU-stack
                0x0000000000000000        0x0 /home/rex/devel/optee/optee_os/out/arm/export-ta_arm64/lib/libutils.a(trace.o)
 .note.GNU-stack
                0x0000000000000000        0x0 /home/rex/devel/optee/optee_os/out/arm/export-ta_arm64/lib/libutils.a(memchr.o)
 .note.GNU-stack
                0x0000000000000000        0x0 /home/rex/devel/optee/optee_os/out/arm/export-ta_arm64/lib/libmpa.a(mpa_misc.o)
 .note.GNU-stack
                0x0000000000000000        0x0 /home/rex/devel/optee/optee_os/out/arm/export-ta_arm64/lib/libmpa.a(mpa_montgomery.o)
 .note.GNU-stack
                0x0000000000000000        0x0 /home/rex/devel/optee/optee_os/out/arm/export-ta_arm64/lib/libmpa.a(mpa_primetest.o)
 .note.GNU-stack
                0x0000000000000000        0x0 /home/rex/devel/optee/optee_os/out/arm/export-ta_arm64/lib/libmpa.a(mpa_conv.o)
 .note.GNU-stack
                0x0000000000000000        0x0 /home/rex/devel/optee/optee_os/out/arm/export-ta_arm64/lib/libmpa.a(mpa_div.o)
 .note.GNU-stack
                0x0000000000000000        0x0 /home/rex/devel/optee/optee_os/out/arm/export-ta_arm64/lib/libmpa.a(mpa_gcd.o)
 .note.GNU-stack
                0x0000000000000000        0x0 /home/rex/devel/optee/optee_os/out/arm/export-ta_arm64/lib/libmpa.a(mpa_mem_static.o)
 .note.GNU-stack
                0x0000000000000000        0x0 /home/rex/devel/optee/optee_os/out/arm/export-ta_arm64/lib/libmpa.a(mpa_mul.o)
 .note.GNU-stack
                0x0000000000000000        0x0 /home/rex/devel/optee/optee_os/out/arm/export-ta_arm64/lib/libmpa.a(mpa_random.o)
 .note.GNU-stack
                0x0000000000000000        0x0 /home/rex/devel/optee/optee_os/out/arm/export-ta_arm64/lib/libmpa.a(mpa_shift.o)
 .note.GNU-stack
                0x0000000000000000        0x0 /home/rex/devel/optee/optee_os/out/arm/export-ta_arm64/lib/libmpa.a(mpa_addsub.o)
 .note.GNU-stack
                0x0000000000000000        0x0 /home/rex/devel/optee/optee_os/out/arm/export-ta_arm64/lib/libmpa.a(mpa_cmp.o)
 .note.GNU-stack
                0x0000000000000000        0x0 /home/rex/devel/optee/optee_os/out/arm/export-ta_arm64/lib/libmpa.a(mpa_expmod.o)
 .note.GNU-stack
                0x0000000000000000        0x0 /home/rex/devel/optee/optee_os/out/arm/export-ta_arm64/lib/libmpa.a(mpa_init.o)
 .note.GNU-stack
                0x0000000000000000        0x0 /home/rex/devel/optee/optee_os/out/arm/export-ta_arm64/lib/libmpa.a(mpa_io.o)
 .note.GNU-stack
                0x0000000000000000        0x0 /home/rex/devel/optee/optee_os/out/arm/export-ta_arm64/lib/libmpa.a(mpa_modulus.o)

.debug_frame    0x0000000000000000     0x2980
 .debug_frame   0x0000000000000000       0xc8 ./boot_secure_os_ta.o
 .debug_frame   0x00000000000000c8       0x28 ./user_ta_header.o
 .debug_frame   0x00000000000000f0      0x190 /home/rex/devel/optee/optee_os/out/arm/export-ta_arm64/lib/libutee.a(user_ta_entry.o)
 .debug_frame   0x0000000000000280      0x550 /home/rex/devel/optee/optee_os/out/arm/export-ta_arm64/lib/libutee.a(tee_api_arith.o)
 .debug_frame   0x00000000000007d0      0x3e0 /home/rex/devel/optee/optee_os/out/arm/export-ta_arm64/lib/libutee.a(tee_api.o)
 .debug_frame   0x0000000000000bb0       0x60 /home/rex/devel/optee/optee_os/out/arm/export-ta_arm64/lib/libutee.a(tee_api_panic.o)
 .debug_frame   0x0000000000000c10       0xf0 /home/rex/devel/optee/optee_os/out/arm/export-ta_arm64/lib/libutee.a(utee_misc.o)
 .debug_frame   0x0000000000000d00      0x2a8 /home/rex/devel/optee/optee_os/out/arm/export-ta_arm64/lib/libutee.a(tee_user_mem.o)
 .debug_frame   0x0000000000000fa8       0xa8 /home/rex/devel/optee/optee_os/out/arm/export-ta_arm64/lib/libutee.a(trace_ext.o)
 .debug_frame   0x0000000000001050       0x68 /home/rex/devel/optee/optee_os/out/arm/export-ta_arm64/lib/libutee.a(assert.o)
 .debug_frame   0x00000000000010b8      0x5c0 /home/rex/devel/optee/optee_os/out/arm/export-ta_arm64/lib/libutils.a(bget_malloc.o)
 .debug_frame   0x0000000000001678       0x70 /home/rex/devel/optee/optee_os/out/arm/export-ta_arm64/lib/libutils.a(snprintf.o)
 .debug_frame   0x00000000000016e8       0x30 /home/rex/devel/optee/optee_os/out/arm/export-ta_arm64/lib/libutils.a(memcmp.o)
 .debug_frame   0x0000000000001718       0x30 /home/rex/devel/optee/optee_os/out/arm/export-ta_arm64/lib/libutils.a(memcpy.o)
 .debug_frame   0x0000000000001748       0x30 /home/rex/devel/optee/optee_os/out/arm/export-ta_arm64/lib/libutils.a(memmove.o)
 .debug_frame   0x0000000000001778       0x30 /home/rex/devel/optee/optee_os/out/arm/export-ta_arm64/lib/libutils.a(memset.o)
 .debug_frame   0x00000000000017a8       0x30 /home/rex/devel/optee/optee_os/out/arm/export-ta_arm64/lib/libutils.a(strlen.o)
 .debug_frame   0x00000000000017d8      0x100 /home/rex/devel/optee/optee_os/out/arm/export-ta_arm64/lib/libutils.a(snprintk.o)
 .debug_frame   0x00000000000018d8       0x38 /home/rex/devel/optee/optee_os/out/arm/export-ta_arm64/lib/libutils.a(strlcpy.o)
 .debug_frame   0x0000000000001910       0xb8 /home/rex/devel/optee/optee_os/out/arm/export-ta_arm64/lib/libutils.a(trace.o)
 .debug_frame   0x00000000000019c8       0x30 /home/rex/devel/optee/optee_os/out/arm/export-ta_arm64/lib/libutils.a(memchr.o)
 .debug_frame   0x00000000000019f8      0x148 /home/rex/devel/optee/optee_os/out/arm/export-ta_arm64/lib/libmpa.a(mpa_misc.o)
 .debug_frame   0x0000000000001b40       0xd8 /home/rex/devel/optee/optee_os/out/arm/export-ta_arm64/lib/libmpa.a(mpa_montgomery.o)
 .debug_frame   0x0000000000001c18       0xd8 /home/rex/devel/optee/optee_os/out/arm/export-ta_arm64/lib/libmpa.a(mpa_primetest.o)
 .debug_frame   0x0000000000001cf0       0x90 /home/rex/devel/optee/optee_os/out/arm/export-ta_arm64/lib/libmpa.a(mpa_conv.o)
 .debug_frame   0x0000000000001d80      0x118 /home/rex/devel/optee/optee_os/out/arm/export-ta_arm64/lib/libmpa.a(mpa_div.o)
 .debug_frame   0x0000000000001e98       0xf0 /home/rex/devel/optee/optee_os/out/arm/export-ta_arm64/lib/libmpa.a(mpa_gcd.o)
 .debug_frame   0x0000000000001f88       0xd8 /home/rex/devel/optee/optee_os/out/arm/export-ta_arm64/lib/libmpa.a(mpa_mem_static.o)
 .debug_frame   0x0000000000002060      0x108 /home/rex/devel/optee/optee_os/out/arm/export-ta_arm64/lib/libmpa.a(mpa_mul.o)
 .debug_frame   0x0000000000002168       0xb0 /home/rex/devel/optee/optee_os/out/arm/export-ta_arm64/lib/libmpa.a(mpa_random.o)
 .debug_frame   0x0000000000002218       0xd0 /home/rex/devel/optee/optee_os/out/arm/export-ta_arm64/lib/libmpa.a(mpa_shift.o)
 .debug_frame   0x00000000000022e8      0x1e8 /home/rex/devel/optee/optee_os/out/arm/export-ta_arm64/lib/libmpa.a(mpa_addsub.o)
 .debug_frame   0x00000000000024d0       0xc8 /home/rex/devel/optee/optee_os/out/arm/export-ta_arm64/lib/libmpa.a(mpa_cmp.o)
 .debug_frame   0x0000000000002598       0x40 /home/rex/devel/optee/optee_os/out/arm/export-ta_arm64/lib/libmpa.a(mpa_expmod.o)
 .debug_frame   0x00000000000025d8       0x58 /home/rex/devel/optee/optee_os/out/arm/export-ta_arm64/lib/libmpa.a(mpa_init.o)
 .debug_frame   0x0000000000002630      0x270 /home/rex/devel/optee/optee_os/out/arm/export-ta_arm64/lib/libmpa.a(mpa_io.o)
 .debug_frame   0x00000000000028a0       0xe0 /home/rex/devel/optee/optee_os/out/arm/export-ta_arm64/lib/libmpa.a(mpa_modulus.o)
